Java HotSpot(TM) 64-Bit Server VM (25.191-b12) for bsd-amd64 JRE (1.8.0_191-b12), built on Oct  6 2018 08:37:07 by "java_re" with gcc 4.2.1 (Based on Apple Inc. build 5658) (LLVM build 2336.11.00)
Memory: 4k page, physical 16777216k(666024k free)

/proc/meminfo:

CommandLine flags: -XX:-BytecodeVerificationLocal -XX:-BytecodeVerificationRemote -XX:InitialHeapSize=54525952 -XX:+ManagementServer -XX:MaxHeapSize=54525952 -XX:MaxNewSize=16777216 -XX:MaxTenuringThreshold=6 -XX:NewSize=16777216 -XX:OldPLABSize=16 -XX:+PrintGC -XX:+PrintGCTimeStamps -XX:ThreadStackSize=256 -XX:TieredStopAtLevel=1 -XX:+UseCompressedClassPointers -XX:+UseCompressedOops -XX:+UseConcMarkSweepGC -XX:+UseParNewGC 
0.420: [GC (Allocation Failure)  13184K->2216K(51648K), 0.0041861 secs]
0.532: [GC (Allocation Failure)  15400K->4532K(51648K), 0.0105113 secs]
0.640: [GC (Allocation Failure)  17716K->4666K(51648K), 0.0014723 secs]
0.732: [GC (Allocation Failure)  17850K->4729K(51648K), 0.0016835 secs]
0.774: [GC (Allocation Failure)  17913K->5498K(51648K), 0.0012713 secs]
0.814: [GC (Allocation Failure)  18682K->6004K(51648K), 0.0019456 secs]
0.878: [GC (GCLocker Initiated GC)  19188K->6305K(51648K), 0.0028915 secs]
0.936: [GC (Allocation Failure)  19489K->7121K(51648K), 0.0026331 secs]
0.973: [GC (Allocation Failure)  20305K->7625K(51648K), 0.0027834 secs]
1.044: [GC (Allocation Failure)  20809K->7736K(51648K), 0.0024541 secs]
1.113: [GC (Allocation Failure)  20920K->8351K(51648K), 0.0032842 secs]
1.202: [GC (Allocation Failure)  21535K->9059K(51648K), 0.0026785 secs]
1.279: [GC (Allocation Failure)  22243K->9769K(51648K), 0.0023556 secs]
1.365: [GC (Allocation Failure)  22953K->9802K(51648K), 0.0019764 secs]
1.367: [GC (CMS Initial Mark)  10046K(51648K), 0.0004543 secs]
1.375: [GC (CMS Final Remark)  11267K(51648K), 0.0066518 secs]
1.445: [GC (Allocation Failure)  21117K->8097K(51648K), 0.0026599 secs]
1.532: [GC (Allocation Failure)  21281K->8720K(51648K), 0.0041948 secs]
1.622: [GC (Allocation Failure)  21904K->9969K(51648K), 0.0033998 secs]
1.692: [GC (Allocation Failure)  23153K->10516K(51648K), 0.0028015 secs]
1.772: [GC (Allocation Failure)  23700K->11063K(51648K), 0.0034426 secs]
1.849: [GC (Allocation Failure)  24247K->11146K(51648K), 0.0018826 secs]
1.954: [GC (Allocation Failure)  24330K->15208K(51648K), 0.0082921 secs]
2.061: [GC (Allocation Failure)  28392K->16966K(51648K), 0.0130668 secs]
2.200: [GC (Allocation Failure)  30150K->16931K(51648K), 0.0027238 secs]
2.347: [GC (Allocation Failure)  30115K->17123K(51648K), 0.0020322 secs]
2.460: [GC (Allocation Failure)  30307K->17852K(51648K), 0.0023137 secs]
2.549: [GC (Allocation Failure)  31036K->18782K(51648K), 0.0031588 secs]
2.637: [GC (Allocation Failure)  31966K->19927K(51648K), 0.0047425 secs]
2.706: [GC (Allocation Failure)  33111K->19541K(51648K), 0.0013171 secs]
2.774: [GC (Allocation Failure)  32725K->20236K(51648K), 0.0026393 secs]
2.834: [GC (Allocation Failure)  33420K->21199K(51648K), 0.0031457 secs]
2.889: [GC (Allocation Failure)  34383K->21665K(51648K), 0.0032059 secs]
2.949: [GC (Allocation Failure)  34849K->22243K(51648K), 0.0045259 secs]
3.010: [GC (Allocation Failure)  35427K->22789K(51648K), 0.0030740 secs]
3.085: [GC (Allocation Failure)  35973K->23335K(51648K), 0.0037063 secs]
3.152: [GC (Allocation Failure)  36519K->23515K(51648K), 0.0048428 secs]
3.224: [GC (Allocation Failure)  36699K->23756K(51648K), 0.0025539 secs]
3.355: [GC (Allocation Failure)  36940K->24799K(51648K), 0.0042746 secs]
3.421: [GC (Allocation Failure)  37983K->25273K(51648K), 0.0042731 secs]
3.473: [GC (Allocation Failure)  38457K->25169K(51648K), 0.0015754 secs]
3.526: [GC (Allocation Failure)  38353K->25555K(51648K), 0.0022136 secs]
9.379: [GC (Allocation Failure)  38739K->26113K(51648K), 0.0028401 secs]
9.514: [GC (Allocation Failure)  39297K->27385K(51648K), 0.0042357 secs]
9.885: [GC (Allocation Failure)  40569K->27757K(51648K), 0.0018549 secs]
10.181: [GC (Allocation Failure)  40941K->27201K(51648K), 0.0019587 secs]
10.183: [GC (CMS Initial Mark)  27249K(51648K), 0.0005902 secs]
10.206: [GC (CMS Final Remark)  28543K(51648K), 0.0153601 secs]
10.448: [GC (Allocation Failure)  34305K->20983K(51648K), 0.0009529 secs]
10.684: [GC (Allocation Failure)  34166K->21058K(51648K), 0.0010328 secs]
10.912: [GC (Allocation Failure)  34235K->21086K(51648K), 0.0013117 secs]
11.104: [GC (Allocation Failure)  34270K->21176K(51648K), 0.0008867 secs]
11.272: [GC (Allocation Failure)  34360K->21197K(51648K), 0.0011161 secs]
11.403: [GC (Allocation Failure)  34381K->21141K(51648K), 0.0009745 secs]
11.543: [GC (Allocation Failure)  34325K->21202K(51648K), 0.0011331 secs]
11.691: [GC (Allocation Failure)  34385K->21168K(51648K), 0.0011106 secs]
11.830: [GC (Allocation Failure)  34350K->21213K(51648K), 0.0011742 secs]
11.960: [GC (Allocation Failure)  34397K->21256K(51648K), 0.0009993 secs]
12.095: [GC (Allocation Failure)  34440K->21311K(51648K), 0.0009208 secs]
12.237: [GC (Allocation Failure)  34491K->21363K(51648K), 0.0009760 secs]
12.387: [GC (Allocation Failure)  34547K->21289K(51648K), 0.0010593 secs]
12.530: [GC (Allocation Failure)  34473K->21394K(51648K), 0.0012631 secs]
12.712: [GC (Allocation Failure)  34578K->21414K(51648K), 0.0009329 secs]
12.838: [GC (Allocation Failure)  34598K->21484K(51648K), 0.0010965 secs]
12.974: [GC (Allocation Failure)  34668K->21471K(51648K), 0.0018880 secs]
13.160: [GC (Allocation Failure)  34655K->21506K(51648K), 0.0015477 secs]
13.346: [GC (Allocation Failure)  34690K->21524K(51648K), 0.0017879 secs]
13.524: [GC (Allocation Failure)  34708K->21579K(51648K), 0.0011388 secs]
13.729: [GC (Allocation Failure)  34763K->21609K(51648K), 0.0012411 secs]
13.890: [GC (Allocation Failure)  34793K->21639K(51648K), 0.0011213 secs]
14.043: [GC (Allocation Failure)  34823K->21691K(51648K), 0.0010984 secs]
14.172: [GC (Allocation Failure)  34875K->21679K(51648K), 0.0014658 secs]
14.305: [GC (Allocation Failure)  34863K->21751K(51648K), 0.0009563 secs]
14.436: [GC (Allocation Failure)  34935K->21808K(51648K), 0.0010992 secs]
14.576: [GC (Allocation Failure)  34992K->21785K(51648K), 0.0010526 secs]
14.745: [GC (Allocation Failure)  34969K->21859K(51648K), 0.0011465 secs]
14.870: [GC (Allocation Failure)  35043K->21849K(51648K), 0.0009286 secs]
15.005: [GC (Allocation Failure)  35033K->21887K(51648K), 0.0014719 secs]
15.136: [GC (Allocation Failure)  35071K->21932K(51648K), 0.0012200 secs]
15.269: [GC (Allocation Failure)  35114K->22011K(51648K), 0.0009390 secs]
15.395: [GC (Allocation Failure)  35194K->22057K(51648K), 0.0008938 secs]
15.530: [GC (Allocation Failure)  35239K->22081K(51648K), 0.0009075 secs]
15.666: [GC (Allocation Failure)  35265K->22086K(51648K), 0.0009932 secs]
15.860: [GC (Allocation Failure)  35270K->22138K(51648K), 0.0009672 secs]
15.993: [GC (Allocation Failure)  35322K->22190K(51648K), 0.0011213 secs]
16.125: [GC (Allocation Failure)  35374K->22167K(51648K), 0.0011604 secs]
16.249: [GC (Allocation Failure)  35351K->22234K(51648K), 0.0009495 secs]
16.380: [GC (Allocation Failure)  35418K->22271K(51648K), 0.0009753 secs]
16.517: [GC (Allocation Failure)  35450K->22229K(51648K), 0.0019497 secs]
16.652: [GC (Allocation Failure)  35413K->22319K(51648K), 0.0011729 secs]
16.823: [GC (Allocation Failure)  35503K->22350K(51648K), 0.0012533 secs]
16.952: [GC (Allocation Failure)  35534K->22423K(51648K), 0.0013274 secs]
17.081: [GC (Allocation Failure)  35607K->22452K(51648K), 0.0012329 secs]
17.207: [GC (Allocation Failure)  35636K->22508K(51648K), 0.0009931 secs]
17.337: [GC (Allocation Failure)  35692K->22498K(51648K), 0.0012267 secs]
17.467: [GC (Allocation Failure)  35682K->22593K(51648K), 0.0016446 secs]
17.610: [GC (Allocation Failure)  35777K->22545K(51648K), 0.0012666 secs]
17.738: [GC (Allocation Failure)  35729K->22621K(51648K), 0.0009646 secs]
18.329: [GC (Allocation Failure)  35805K->22656K(51648K), 0.0020435 secs]
19.179: [GC (Allocation Failure)  35840K->22715K(51648K), 0.0012679 secs]
20.035: [GC (Allocation Failure)  35895K->22682K(51648K), 0.0013788 secs]
20.802: [GC (Allocation Failure)  35866K->22756K(51648K), 0.0014106 secs]
21.772: [GC (Allocation Failure)  35939K->22800K(51648K), 0.0012703 secs]
22.840: [GC (Allocation Failure)  35984K->22844K(51648K), 0.0009016 secs]
23.584: [GC (Allocation Failure)  36028K->22817K(51648K), 0.0012913 secs]
24.385: [GC (Allocation Failure)  35994K->22897K(51648K), 0.0020953 secs]
25.265: [GC (Allocation Failure)  36081K->22861K(51648K), 0.0011060 secs]
26.102: [GC (Allocation Failure)  36045K->22939K(51648K), 0.0014810 secs]
26.952: [GC (Allocation Failure)  36123K->22960K(51648K), 0.0024354 secs]
27.798: [GC (Allocation Failure)  36144K->22996K(51648K), 0.0013747 secs]
28.661: [GC (Allocation Failure)  36180K->22978K(51648K), 0.0014245 secs]
29.525: [GC (Allocation Failure)  36162K->23049K(51648K), 0.0020804 secs]
30.403: [GC (Allocation Failure)  36233K->23088K(51648K), 0.0023731 secs]
31.265: [GC (Allocation Failure)  36272K->23159K(51648K), 0.0021051 secs]
32.094: [GC (Allocation Failure)  36343K->23264K(51648K), 0.0020874 secs]
32.941: [GC (Allocation Failure)  36444K->23217K(51648K), 0.0009060 secs]
33.622: [GC (Allocation Failure)  36401K->23293K(51648K), 0.0014900 secs]
34.315: [GC (Allocation Failure)  36477K->23336K(51648K), 0.0013049 secs]
35.018: [GC (Allocation Failure)  36520K->23370K(51648K), 0.0008980 secs]
35.730: [GC (Allocation Failure)  36554K->23396K(51648K), 0.0008185 secs]
36.688: [GC (Allocation Failure)  36580K->23439K(51648K), 0.0008838 secs]
37.364: [GC (Allocation Failure)  36623K->23408K(51648K), 0.0015123 secs]
38.073: [GC (Allocation Failure)  36592K->23476K(51648K), 0.0010825 secs]
38.772: [GC (Allocation Failure)  36660K->23528K(51648K), 0.0016093 secs]
39.626: [GC (Allocation Failure)  36712K->23500K(51648K), 0.0013609 secs]
40.555: [GC (Allocation Failure)  36684K->23565K(51648K), 0.0020093 secs]
41.529: [GC (Allocation Failure)  36749K->23637K(51648K), 0.0010992 secs]
42.478: [GC (Allocation Failure)  36821K->23591K(51648K), 0.0018655 secs]
43.417: [GC (Allocation Failure)  36775K->23651K(51648K), 0.0014881 secs]
44.388: [GC (Allocation Failure)  36835K->23704K(51648K), 0.0027490 secs]
45.357: [GC (Allocation Failure)  36888K->23690K(51648K), 0.0019058 secs]
64.491: [GC (Allocation Failure)  36874K->23765K(51648K), 0.0011290 secs]
64.644: [GC (Allocation Failure)  36949K->23769K(51648K), 0.0010241 secs]
64.793: [GC (Allocation Failure)  36953K->23821K(51648K), 0.0012125 secs]
64.949: [GC (Allocation Failure)  37005K->23892K(51648K), 0.0018632 secs]
65.085: [GC (Allocation Failure)  37076K->23859K(51648K), 0.0011948 secs]
65.234: [GC (Allocation Failure)  37038K->23937K(51648K), 0.0010072 secs]
65.354: [GC (Allocation Failure)  37121K->23905K(51648K), 0.0009536 secs]
65.991: [GC (Allocation Failure)  37089K->23955K(51648K), 0.0010027 secs]
66.139: [GC (Allocation Failure)  37139K->23985K(51648K), 0.0009633 secs]
66.280: [GC (Allocation Failure)  37169K->24044K(51648K), 0.0015643 secs]
66.430: [GC (Allocation Failure)  37228K->24095K(51648K), 0.0018422 secs]
66.580: [GC (Allocation Failure)  37279K->24031K(51648K), 0.0011026 secs]
66.725: [GC (Allocation Failure)  37215K->24120K(51648K), 0.0015408 secs]
66.855: [GC (Allocation Failure)  37304K->24100K(51648K), 0.0013096 secs]
67.267: [GC (Allocation Failure)  37284K->24157K(51648K), 0.0010570 secs]
67.397: [GC (Allocation Failure)  37341K->24311K(51648K), 0.0012453 secs]
67.540: [GC (Allocation Failure)  37495K->24364K(51648K), 0.0011221 secs]
67.688: [GC (Allocation Failure)  37548K->24373K(51648K), 0.0011233 secs]
67.834: [GC (Allocation Failure)  37557K->24379K(51648K), 0.0010869 secs]
67.964: [GC (Allocation Failure)  37563K->24453K(51648K), 0.0015887 secs]
68.108: [GC (Allocation Failure)  37637K->24528K(51648K), 0.0016482 secs]
68.545: [GC (Allocation Failure)  37712K->24579K(51648K), 0.0010595 secs]
68.706: [GC (Allocation Failure)  37763K->24635K(51648K), 0.0011982 secs]
68.857: [GC (Allocation Failure)  37819K->24600K(51648K), 0.0011055 secs]
69.017: [GC (Allocation Failure)  37784K->24661K(51648K), 0.0011603 secs]
69.165: [GC (Allocation Failure)  37840K->24654K(51648K), 0.0010401 secs]
69.319: [GC (Allocation Failure)  37838K->24734K(51648K), 0.0012258 secs]
69.446: [GC (Allocation Failure)  37918K->24663K(51648K), 0.0019549 secs]
70.056: [GC (Allocation Failure)  37847K->24762K(51648K), 0.0010414 secs]
70.190: [GC (Allocation Failure)  37946K->24833K(51648K), 0.0010705 secs]
70.333: [GC (Allocation Failure)  38017K->24782K(51648K), 0.0011123 secs]
70.458: [GC (Allocation Failure)  37966K->24866K(51648K), 0.0011090 secs]
70.631: [GC (Allocation Failure)  38050K->24847K(51648K), 0.0011213 secs]
70.762: [GC (Allocation Failure)  38031K->24898K(51648K), 0.0011743 secs]
70.893: [GC (Allocation Failure)  38082K->24961K(51648K), 0.0010139 secs]
71.398: [GC (Allocation Failure)  38145K->24945K(51648K), 0.0011073 secs]
71.547: [GC (Allocation Failure)  38129K->24994K(51648K), 0.0017379 secs]
71.703: [GC (Allocation Failure)  38176K->25068K(51648K), 0.0010071 secs]
71.840: [GC (Allocation Failure)  38252K->25036K(51648K), 0.0016198 secs]
71.965: [GC (Allocation Failure)  38220K->25120K(51648K), 0.0010064 secs]
72.117: [GC (Allocation Failure)  38304K->25140K(51648K), 0.0013234 secs]
72.290: [GC (Allocation Failure)  38324K->25146K(51648K), 0.0017628 secs]
72.771: [GC (Allocation Failure)  38330K->25179K(51648K), 0.0009925 secs]
72.905: [GC (Allocation Failure)  38363K->25230K(51648K), 0.0009824 secs]
73.050: [GC (Allocation Failure)  38414K->25215K(51648K), 0.0013820 secs]
73.206: [GC (Allocation Failure)  38399K->25267K(51648K), 0.0012434 secs]
73.361: [GC (Allocation Failure)  38451K->25337K(51648K), 0.0012067 secs]
73.504: [GC (Allocation Failure)  38521K->25300K(51648K), 0.0009994 secs]
73.623: [GC (Allocation Failure)  38484K->25376K(51648K), 0.0010695 secs]
74.202: [GC (Allocation Failure)  38560K->25429K(51648K), 0.0016719 secs]
74.324: [GC (Allocation Failure)  38610K->25382K(51648K), 0.0009865 secs]
74.443: [GC (Allocation Failure)  38566K->25466K(51648K), 0.0009721 secs]
74.912: [GC (Allocation Failure)  38643K->25518K(51648K), 0.0012840 secs]
76.082: [GC (Allocation Failure)  38702K->25482K(51648K), 0.0013476 secs]
76.812: [GC (Allocation Failure)  38666K->25533K(51648K), 0.0027200 secs]
77.848: [GC (Allocation Failure)  38717K->25557K(51648K), 0.0015436 secs]
78.581: [GC (Allocation Failure)  38741K->25591K(51648K), 0.0025496 secs]
79.304: [GC (Allocation Failure)  38775K->25621K(51648K), 0.0022868 secs]
80.038: [GC (Allocation Failure)  38805K->25650K(51648K), 0.0023611 secs]
80.789: [GC (Allocation Failure)  38834K->25657K(51648K), 0.0016332 secs]
81.552: [GC (Allocation Failure)  38835K->25733K(51648K), 0.0013648 secs]
82.321: [GC (Allocation Failure)  38917K->25729K(51648K), 0.0021449 secs]
83.083: [GC (Allocation Failure)  38913K->25793K(51648K), 0.0012172 secs]
83.837: [GC (Allocation Failure)  38977K->25774K(51648K), 0.0013608 secs]
84.602: [GC (Allocation Failure)  38958K->25803K(51648K), 0.0023065 secs]
85.359: [GC (Allocation Failure)  38980K->25870K(51648K), 0.0013696 secs]
86.108: [GC (Allocation Failure)  39054K->26174K(51648K), 0.0023550 secs]
86.884: [GC (Allocation Failure)  39351K->26141K(51648K), 0.0013411 secs]
87.659: [GC (Allocation Failure)  39325K->26156K(51648K), 0.0022260 secs]
88.450: [GC (Allocation Failure)  39340K->26243K(51648K), 0.0025054 secs]
89.269: [GC (Allocation Failure)  39421K->26276K(51648K), 0.0014573 secs]
90.086: [GC (Allocation Failure)  39460K->26303K(51648K), 0.0016290 secs]
90.904: [GC (Allocation Failure)  39487K->26340K(51648K), 0.0015697 secs]
91.705: [GC (Allocation Failure)  39524K->26299K(51648K), 0.0016825 secs]
92.792: [GC (Allocation Failure)  39476K->26417K(51648K), 0.0028276 secs]
93.602: [GC (Allocation Failure)  39601K->26462K(51648K), 0.0014166 secs]
94.421: [GC (Allocation Failure)  39646K->26399K(51648K), 0.0025259 secs]
95.264: [GC (Allocation Failure)  39583K->26478K(51648K), 0.0014899 secs]
96.114: [GC (Allocation Failure)  39662K->26543K(51648K), 0.0021245 secs]
96.935: [GC (Allocation Failure)  39727K->26490K(51648K), 0.0021224 secs]
97.756: [GC (Allocation Failure)  39674K->26563K(51648K), 0.0024089 secs]
98.617: [GC (Allocation Failure)  39747K->26614K(51648K), 0.0016988 secs]
121.568: [GC (Allocation Failure)  39793K->26586K(51648K), 0.0010684 secs]
121.762: [GC (Allocation Failure)  39770K->26665K(51648K), 0.0011698 secs]
121.917: [GC (Allocation Failure)  39849K->26727K(51648K), 0.0011533 secs]
122.025: [GC (Allocation Failure)  39911K->26675K(51648K), 0.0008181 secs]
122.122: [GC (Allocation Failure)  39859K->26724K(51648K), 0.0014026 secs]
122.234: [GC (Allocation Failure)  39908K->26815K(51648K), 0.0009085 secs]
122.339: [GC (Allocation Failure)  39999K->26779K(51648K), 0.0009088 secs]
122.441: [GC (Allocation Failure)  39963K->26850K(51648K), 0.0008400 secs]
122.914: [GC (Allocation Failure)  40034K->26888K(51648K), 0.0008929 secs]
123.012: [GC (Allocation Failure)  40072K->26871K(51648K), 0.0009554 secs]
123.119: [GC (Allocation Failure)  40055K->26939K(51648K), 0.0009623 secs]
123.219: [GC (Allocation Failure)  40123K->26920K(51648K), 0.0010685 secs]
123.333: [GC (Allocation Failure)  40104K->26997K(51648K), 0.0009720 secs]
123.487: [GC (Allocation Failure)  40181K->27036K(51648K), 0.0010420 secs]
123.599: [GC (Allocation Failure)  40220K->27018K(51648K), 0.0009469 secs]
123.729: [GC (Allocation Failure)  40202K->27088K(51648K), 0.0010262 secs]
123.846: [GC (Allocation Failure)  40272K->27068K(51648K), 0.0011114 secs]
124.328: [GC (Allocation Failure)  40252K->27145K(51648K), 0.0010326 secs]
124.458: [GC (Allocation Failure)  40329K->27161K(51648K), 0.0008915 secs]
124.569: [GC (Allocation Failure)  40345K->27193K(51648K), 0.0009170 secs]
124.690: [GC (Allocation Failure)  40377K->27223K(51648K), 0.0008265 secs]
124.825: [GC (Allocation Failure)  40407K->27212K(51648K), 0.0024883 secs]
124.977: [GC (Allocation Failure)  40396K->27306K(51648K), 0.0011578 secs]
125.103: [GC (Allocation Failure)  40490K->27273K(51648K), 0.0011506 secs]
125.504: [GC (Allocation Failure)  40457K->27354K(51648K), 0.0009803 secs]
125.669: [GC (Allocation Failure)  40538K->27349K(51648K), 0.0013961 secs]
125.838: [GC (Allocation Failure)  40533K->27413K(51648K), 0.0014574 secs]
126.029: [GC (Allocation Failure)  40597K->27438K(51648K), 0.0014281 secs]
126.223: [GC (Allocation Failure)  40622K->27488K(51648K), 0.0008684 secs]
126.368: [GC (Allocation Failure)  40672K->27456K(51648K), 0.0014652 secs]
126.472: [GC (Allocation Failure)  40640K->27535K(51648K), 0.0009505 secs]
126.851: [GC (Allocation Failure)  40719K->27536K(51648K), 0.0008580 secs]
126.961: [GC (Allocation Failure)  40720K->27586K(51648K), 0.0008418 secs]
127.063: [GC (Allocation Failure)  40770K->27632K(51648K), 0.0009785 secs]
127.233: [GC (Allocation Failure)  40816K->27613K(51648K), 0.0009628 secs]
127.350: [GC (Allocation Failure)  40797K->27688K(51648K), 0.0010068 secs]
127.468: [GC (Allocation Failure)  40872K->27667K(51648K), 0.0009928 secs]
127.594: [GC (Allocation Failure)  40847K->27724K(51648K), 0.0010903 secs]
127.715: [GC (Allocation Failure)  40908K->27789K(51648K), 0.0011248 secs]
128.168: [GC (Allocation Failure)  40973K->27764K(51648K), 0.0008777 secs]
128.269: [GC (Allocation Failure)  40948K->27816K(51648K), 0.0009170 secs]
128.370: [GC (Allocation Failure)  41000K->27886K(51648K), 0.0008741 secs]
128.473: [GC (Allocation Failure)  41070K->27851K(51648K), 0.0008372 secs]
128.602: [GC (Allocation Failure)  41035K->27937K(51648K), 0.0008433 secs]
128.721: [GC (Allocation Failure)  41115K->27918K(51648K), 0.0013983 secs]
128.826: [GC (Allocation Failure)  41102K->27986K(51648K), 0.0010300 secs]
128.926: [GC (Allocation Failure)  41170K->27950K(51648K), 0.0009367 secs]
129.023: [GC (Allocation Failure)  41134K->28036K(51648K), 0.0009698 secs]
129.638: [GC (Allocation Failure)  41220K->28019K(51648K), 0.0009510 secs]
129.739: [GC (Allocation Failure)  41203K->28096K(51648K), 0.0009531 secs]
129.860: [GC (Allocation Failure)  41280K->28092K(51648K), 0.0008096 secs]
129.966: [GC (Allocation Failure)  41276K->28161K(51648K), 0.0008711 secs]
130.256: [GC (Allocation Failure)  41345K->28205K(51648K), 0.0009279 secs]
130.958: [GC (Allocation Failure)  41389K->28229K(51648K), 0.0021301 secs]
131.667: [GC (Allocation Failure)  41413K->28202K(51648K), 0.0016766 secs]
132.393: [GC (Allocation Failure)  41386K->28255K(51648K), 0.0023593 secs]
133.137: [GC (Allocation Failure)  41439K->28327K(51648K), 0.0013696 secs]
133.913: [GC (Allocation Failure)  41511K->28293K(51648K), 0.0023901 secs]
134.659: [GC (Allocation Failure)  41477K->28340K(51648K), 0.0014288 secs]
135.404: [GC (Allocation Failure)  41524K->28825K(51648K), 0.0016996 secs]
136.196: [GC (Allocation Failure)  42003K->28782K(51648K), 0.0016599 secs]
136.978: [GC (Allocation Failure)  41966K->28841K(51648K), 0.0016831 secs]
137.793: [GC (Allocation Failure)  42025K->28834K(51648K), 0.0027929 secs]
138.629: [GC (Allocation Failure)  42018K->28842K(51648K), 0.0017428 secs]
139.482: [GC (Allocation Failure)  42026K->28876K(51648K), 0.0018991 secs]
140.326: [GC (Allocation Failure)  42060K->28974K(51648K), 0.0058171 secs]
141.194: [GC (Allocation Failure)  42158K->29004K(51648K), 0.0024138 secs]
142.046: [GC (Allocation Failure)  42188K->29029K(51648K), 0.0028389 secs]
142.893: [GC (Allocation Failure)  42213K->29058K(51648K), 0.0025071 secs]
143.776: [GC (Allocation Failure)  42242K->29115K(51648K), 0.0014613 secs]
144.672: [GC (Allocation Failure)  42299K->29083K(51648K), 0.0016426 secs]
145.567: [GC (Allocation Failure)  42267K->29140K(51648K), 0.0027801 secs]
146.479: [GC (Allocation Failure)  42324K->29216K(51648K), 0.0015896 secs]
147.384: [GC (Allocation Failure)  42400K->29174K(51648K), 0.0025607 secs]
148.281: [GC (Allocation Failure)  42358K->29230K(51648K), 0.0025816 secs]
149.194: [GC (Allocation Failure)  42414K->29278K(51648K), 0.0025594 secs]
150.126: [GC (Allocation Failure)  42462K->29264K(51648K), 0.0028079 secs]
151.094: [GC (Allocation Failure)  42448K->29308K(51648K), 0.0024456 secs]
152.050: [GC (Allocation Failure)  42491K->29369K(51648K), 0.0015083 secs]
152.997: [GC (Allocation Failure)  42547K->29417K(51648K), 0.0015893 secs]
153.960: [GC (Allocation Failure)  42601K->29364K(51648K), 0.0027006 secs]
154.920: [GC (Allocation Failure)  42548K->29433K(51648K), 0.0026519 secs]
155.887: [GC (Allocation Failure)  42617K->29483K(51648K), 0.0028387 secs]
156.858: [GC (Allocation Failure)  42667K->29469K(51648K), 0.0016157 secs]
157.830: [GC (Allocation Failure)  42653K->29555K(51648K), 0.0027734 secs]
176.369: [GC (Allocation Failure)  42739K->29511K(51648K), 0.0010010 secs]
176.479: [GC (Allocation Failure)  42695K->29576K(51648K), 0.0011697 secs]
176.598: [GC (Allocation Failure)  42760K->29651K(51648K), 0.0011304 secs]
176.715: [GC (Allocation Failure)  42835K->29616K(51648K), 0.0010820 secs]
176.822: [GC (Allocation Failure)  42798K->29687K(51648K), 0.0009519 secs]
176.932: [GC (Allocation Failure)  42871K->29712K(51648K), 0.0010118 secs]
177.044: [GC (Allocation Failure)  42896K->29736K(51648K), 0.0009288 secs]
177.161: [GC (Allocation Failure)  42920K->29792K(51648K), 0.0010726 secs]
177.536: [GC (Allocation Failure)  42972K->29756K(51648K), 0.0016143 secs]
177.665: [GC (Allocation Failure)  42940K->29843K(51648K), 0.0009600 secs]
177.782: [GC (Allocation Failure)  43027K->29819K(51648K), 0.0011280 secs]
177.893: [GC (Allocation Failure)  43003K->29874K(51648K), 0.0009243 secs]
178.043: [GC (Allocation Failure)  43058K->29943K(51648K), 0.0010713 secs]
178.194: [GC (Allocation Failure)  43125K->29907K(51648K), 0.0018407 secs]
178.343: [GC (Allocation Failure)  43091K->29981K(51648K), 0.0009555 secs]
178.478: [GC (Allocation Failure)  43165K->30023K(51648K), 0.0010182 secs]
178.951: [GC (Allocation Failure)  43207K->30045K(51648K), 0.0010339 secs]
179.080: [GC (Allocation Failure)  43229K->30042K(51648K), 0.0011399 secs]
179.200: [GC (Allocation Failure)  43226K->30112K(51648K), 0.0009781 secs]
179.358: [GC (Allocation Failure)  43296K->30140K(51648K), 0.0010048 secs]
179.520: [GC (Allocation Failure)  43324K->30187K(51648K), 0.0020014 secs]
179.665: [GC (Allocation Failure)  43371K->30162K(51648K), 0.0011861 secs]
179.818: [GC (Allocation Failure)  43346K->30224K(51648K), 0.0012106 secs]
179.953: [GC (Allocation Failure)  43408K->30218K(51648K), 0.0010120 secs]
180.076: [GC (Allocation Failure)  43402K->30262K(51648K), 0.0010473 secs]
180.191: [GC (Allocation Failure)  43446K->30335K(51648K), 0.0011522 secs]
180.328: [GC (Allocation Failure)  43519K->30286K(51648K), 0.0009752 secs]
180.437: [GC (Allocation Failure)  43470K->30388K(51648K), 0.0009048 secs]
180.548: [GC (Allocation Failure)  43572K->30361K(51648K), 0.0010089 secs]
180.656: [GC (Allocation Failure)  43545K->30431K(51648K), 0.0008612 secs]
180.790: [GC (Allocation Failure)  43615K->30454K(51648K), 0.0010183 secs]
181.981: [GC (Allocation Failure)  43638K->30484K(51648K), 0.0009806 secs]
182.112: [GC (Allocation Failure)  43668K->30536K(51648K), 0.0011807 secs]
182.259: [GC (Allocation Failure)  43720K->30484K(51648K), 0.0010921 secs]
182.397: [GC (Allocation Failure)  43668K->30558K(51648K), 0.0009982 secs]
182.525: [GC (Allocation Failure)  43742K->30580K(51648K), 0.0017422 secs]
182.697: [GC (Allocation Failure)  43764K->30656K(51648K), 0.0010240 secs]
182.864: [GC (Allocation Failure)  43840K->30605K(51648K), 0.0012227 secs]
183.360: [GC (Allocation Failure)  43789K->30678K(51648K), 0.0010262 secs]
183.504: [GC (Allocation Failure)  43862K->30714K(51648K), 0.0011620 secs]
183.657: [GC (Allocation Failure)  43898K->30743K(51648K), 0.0012343 secs]
183.790: [GC (Allocation Failure)  43927K->30797K(51648K), 0.0009276 secs]
183.903: [GC (Allocation Failure)  43981K->30782K(51648K), 0.0013228 secs]
184.029: [GC (Allocation Failure)  43966K->30848K(51648K), 0.0012565 secs]
184.182: [GC (Allocation Failure)  44032K->30841K(51648K), 0.0012103 secs]
184.923: [GC (Allocation Failure)  44025K->30904K(51648K), 0.0011728 secs]
185.044: [GC (Allocation Failure)  44088K->30886K(51648K), 0.0013763 secs]
185.160: [GC (Allocation Failure)  44070K->30963K(51648K), 0.0011008 secs]
185.285: [GC (Allocation Failure)  44147K->30945K(51648K), 0.0011340 secs]
185.407: [GC (Allocation Failure)  44129K->31002K(51648K), 0.0011646 secs]
185.526: [GC (Allocation Failure)  44186K->31077K(51648K), 0.0010820 secs]
185.646: [GC (Allocation Failure)  44261K->31042K(51648K), 0.0010898 secs]
186.339: [GC (Allocation Failure)  44226K->31112K(51648K), 0.0014152 secs]
187.985: [GC (Allocation Failure)  44289K->31127K(51648K), 0.0012406 secs]
188.715: [GC (Allocation Failure)  44311K->31172K(51648K), 0.0024039 secs]
189.444: [GC (Allocation Failure)  44356K->31153K(51648K), 0.0023363 secs]
190.457: [GC (Allocation Failure)  44337K->31231K(51648K), 0.0013029 secs]
191.216: [GC (Allocation Failure)  44415K->31222K(51648K), 0.0025414 secs]
192.012: [GC (Allocation Failure)  44400K->31296K(51648K), 0.0014005 secs]
192.775: [GC (Allocation Failure)  44480K->31318K(51648K), 0.0021004 secs]
193.526: [GC (Allocation Failure)  44502K->31298K(51648K), 0.0023835 secs]
194.323: [GC (Allocation Failure)  44482K->31376K(51648K), 0.0023172 secs]
195.102: [GC (Allocation Failure)  44560K->31356K(51648K), 0.0024248 secs]
195.862: [GC (Allocation Failure)  44540K->31431K(51648K), 0.0013990 secs]
196.651: [GC (Allocation Failure)  44610K->31457K(51648K), 0.0013258 secs]
197.436: [GC (Allocation Failure)  44639K->31519K(51648K), 0.0014042 secs]
198.475: [GC (Allocation Failure)  44700K->31289K(51648K), 0.0012190 secs]
199.293: [GC (Allocation Failure)  44473K->31252K(51648K), 0.0015895 secs]
200.112: [GC (Allocation Failure)  44436K->31307K(51648K), 0.0016968 secs]
200.930: [GC (Allocation Failure)  44491K->31348K(51648K), 0.0013601 secs]
201.780: [GC (Allocation Failure)  44532K->31403K(51648K), 0.0021228 secs]
202.615: [GC (Allocation Failure)  44587K->31449K(51648K), 0.0025611 secs]
203.490: [GC (Allocation Failure)  44631K->31479K(51648K), 0.0014052 secs]
204.346: [GC (Allocation Failure)  44663K->31511K(51648K), 0.0025185 secs]
205.194: [GC (Allocation Failure)  44695K->31545K(51648K), 0.0014846 secs]
206.048: [GC (Allocation Failure)  44729K->31603K(51648K), 0.0017591 secs]
206.973: [GC (Allocation Failure)  44787K->31567K(51648K), 0.0025101 secs]
207.828: [GC (Allocation Failure)  44751K->31627K(51648K), 0.0014906 secs]
208.704: [GC (Allocation Failure)  44811K->31649K(51648K), 0.0026517 secs]
209.594: [GC (Allocation Failure)  44833K->31672K(51648K), 0.0022315 secs]
210.447: [GC (Allocation Failure)  44856K->31745K(51648K), 0.0025732 secs]
211.335: [GC (Allocation Failure)  44923K->31726K(51648K), 0.0013897 secs]
212.243: [GC (Allocation Failure)  44904K->31790K(51648K), 0.0021384 secs]
213.172: [GC (Allocation Failure)  44974K->31799K(51648K), 0.0022668 secs]
231.120: [GC (Allocation Failure)  44983K->31842K(51648K), 0.0009866 secs]
231.239: [GC (Allocation Failure)  45026K->31884K(51648K), 0.0009003 secs]
231.349: [GC (Allocation Failure)  45068K->31907K(51648K), 0.0010489 secs]
231.455: [GC (Allocation Failure)  45091K->31953K(51648K), 0.0008620 secs]
231.579: [GC (Allocation Failure)  45137K->31982K(51648K), 0.0009799 secs]
231.695: [GC (Allocation Failure)  45166K->31975K(51648K), 0.0010091 secs]
231.809: [GC (Allocation Failure)  45159K->32013K(51648K), 0.0016949 secs]
231.960: [GC (Allocation Failure)  45197K->32046K(51648K), 0.0009689 secs]
232.450: [GC (Allocation Failure)  45230K->32081K(51648K), 0.0016850 secs]
232.577: [GC (Allocation Failure)  45265K->32113K(51648K), 0.0009616 secs]
232.694: [GC (Allocation Failure)  45297K->32141K(51648K), 0.0009472 secs]
232.801: [GC (Allocation Failure)  45325K->32173K(51648K), 0.0008708 secs]
232.919: [GC (Allocation Failure)  45357K->32226K(51648K), 0.0010950 secs]
233.043: [GC (Allocation Failure)  45410K->32191K(51648K), 0.0009645 secs]
233.157: [GC (Allocation Failure)  45375K->32271K(51648K), 0.0009391 secs]
233.317: [GC (Allocation Failure)  45455K->32240K(51648K), 0.0018344 secs]
234.271: [GC (Allocation Failure)  45424K->32332K(51648K), 0.0009305 secs]
234.377: [GC (Allocation Failure)  45516K->32377K(51648K), 0.0009086 secs]
234.485: [GC (Allocation Failure)  45561K->32363K(51648K), 0.0009424 secs]
234.608: [GC (Allocation Failure)  45547K->32404K(51648K), 0.0011465 secs]
234.721: [GC (Allocation Failure)  45588K->32475K(51648K), 0.0009014 secs]
234.827: [GC (Allocation Failure)  45659K->32512K(51648K), 0.0009608 secs]
234.935: [GC (Allocation Failure)  45694K->32487K(51648K), 0.0009115 secs]
235.048: [GC (Allocation Failure)  45671K->32561K(51648K), 0.0010267 secs]
235.695: [GC (Allocation Failure)  45745K->32512K(51648K), 0.0009175 secs]
235.802: [GC (Allocation Failure)  45696K->32581K(51648K), 0.0009246 secs]
235.912: [GC (Allocation Failure)  45759K->32642K(51648K), 0.0009807 secs]
236.020: [GC (Allocation Failure)  45826K->32657K(51648K), 0.0008585 secs]
236.133: [GC (Allocation Failure)  45841K->32640K(51648K), 0.0011544 secs]
236.243: [GC (Allocation Failure)  45824K->32718K(51648K), 0.0010640 secs]
236.354: [GC (Allocation Failure)  45902K->32710K(51648K), 0.0009852 secs]
236.460: [GC (Allocation Failure)  45894K->32773K(51648K), 0.0010657 secs]
236.579: [GC (Allocation Failure)  45957K->32755K(51648K), 0.0011773 secs]
237.123: [GC (Allocation Failure)  45939K->32832K(51648K), 0.0011415 secs]
237.238: [GC (Allocation Failure)  46016K->32815K(51648K), 0.0010707 secs]
237.348: [GC (Allocation Failure)  45999K->32892K(51648K), 0.0010125 secs]
237.459: [GC (Allocation Failure)  46076K->32887K(51648K), 0.0010701 secs]
237.575: [GC (Allocation Failure)  46071K->32951K(51648K), 0.0009932 secs]
237.694: [GC (Allocation Failure)  46135K->32967K(51648K), 0.0013021 secs]
237.801: [GC (Allocation Failure)  46151K->33021K(51648K), 0.0010405 secs]
237.917: [GC (Allocation Failure)  46205K->33003K(51648K), 0.0009802 secs]
238.026: [GC (Allocation Failure)  46187K->33055K(51648K), 0.0011627 secs]
238.829: [GC (Allocation Failure)  46239K->33126K(51648K), 0.0011336 secs]
238.964: [GC (Allocation Failure)  46303K->46232K(51648K), 0.0042089 secs]
238.969: [Full GC (Allocation Failure)  46232K->20578K(51648K), 0.0915510 secs]
239.185: [GC (Allocation Failure)  33762K->20751K(51648K), 0.0008837 secs]
239.298: [GC (Allocation Failure)  33931K->20693K(51648K), 0.0009490 secs]
239.406: [GC (Allocation Failure)  33877K->20735K(51648K), 0.0008034 secs]
239.514: [GC (Allocation Failure)  33919K->20763K(51648K), 0.0007641 secs]
239.638: [GC (Allocation Failure)  33947K->20821K(51648K), 0.0008053 secs]
239.759: [GC (Allocation Failure)  34005K->20881K(51648K), 0.0008231 secs]
240.850: [GC (Allocation Failure)  34065K->20918K(51648K), 0.0009725 secs]
241.140: [GC (Allocation Failure)  34100K->20979K(51648K), 0.0011063 secs]
242.553: [GC (Allocation Failure)  34163K->21021K(51648K), 0.0027315 secs]
243.306: [GC (Allocation Failure)  34205K->20975K(51648K), 0.0024850 secs]
244.070: [GC (Allocation Failure)  34159K->21042K(51648K), 0.0018071 secs]
245.443: [GC (Allocation Failure)  34226K->21092K(51648K), 0.0012547 secs]
246.247: [GC (Allocation Failure)  34276K->21082K(51648K), 0.0024852 secs]
247.063: [GC (Allocation Failure)  34266K->21155K(51648K), 0.0021246 secs]
247.851: [GC (Allocation Failure)  34334K->21147K(51648K), 0.0013428 secs]
248.634: [GC (Allocation Failure)  34331K->21194K(51648K), 0.0015926 secs]
249.443: [GC (Allocation Failure)  34378K->21241K(51648K), 0.0022680 secs]
250.257: [GC (Allocation Failure)  34425K->21232K(51648K), 0.0013144 secs]
251.036: [GC (Allocation Failure)  34416K->21304K(51648K), 0.0022038 secs]
251.833: [GC (Allocation Failure)  34482K->21282K(51648K), 0.0012323 secs]
252.656: [GC (Allocation Failure)  34466K->21361K(51648K), 0.0018612 secs]
253.488: [GC (Allocation Failure)  34542K->21342K(51648K), 0.0013680 secs]
254.333: [GC (Allocation Failure)  34526K->21420K(51648K), 0.0014252 secs]
255.186: [GC (Allocation Failure)  34604K->21463K(51648K), 0.0013114 secs]
256.034: [GC (Allocation Failure)  34647K->21434K(51648K), 0.0023161 secs]
256.879: [GC (Allocation Failure)  34618K->21509K(51648K), 0.0014463 secs]
257.754: [GC (Allocation Failure)  34693K->21492K(51648K), 0.0014575 secs]
258.632: [GC (Allocation Failure)  34676K->21582K(51648K), 0.0014154 secs]
259.512: [GC (Allocation Failure)  34766K->21555K(51648K), 0.0013713 secs]
260.389: [GC (Allocation Failure)  34739K->21631K(51648K), 0.0014032 secs]
261.277: [GC (Allocation Failure)  34815K->21621K(51648K), 0.0014092 secs]
262.203: [GC (Allocation Failure)  34805K->21699K(51648K), 0.0012774 secs]
263.377: [GC (Allocation Failure)  34883K->21659K(51648K), 0.0013164 secs]
264.291: [GC (Allocation Failure)  34843K->21741K(51648K), 0.0013501 secs]
265.232: [GC (Allocation Failure)  34925K->21724K(51648K), 0.0013160 secs]
266.146: [GC (Allocation Failure)  34908K->21815K(51648K), 0.0024001 secs]
283.806: [GC (Allocation Failure)  34999K->21786K(51648K), 0.0019754 secs]
283.939: [GC (Allocation Failure)  34970K->21857K(51648K), 0.0009260 secs]
284.100: [GC (Allocation Failure)  35041K->21884K(51648K), 0.0016555 secs]
284.253: [GC (Allocation Failure)  35068K->21931K(51648K), 0.0015197 secs]
284.445: [GC (Allocation Failure)  35115K->21911K(51648K), 0.0008858 secs]
284.594: [GC (Allocation Failure)  35095K->21959K(51648K), 0.0009425 secs]
284.760: [GC (Allocation Failure)  35143K->22011K(51648K), 0.0016984 secs]
284.929: [GC (Allocation Failure)  35195K->21997K(51648K), 0.0009672 secs]
285.074: [GC (Allocation Failure)  35181K->22068K(51648K), 0.0008843 secs]
285.192: [GC (Allocation Failure)  35252K->22063K(51648K), 0.0016418 secs]
285.334: [GC (Allocation Failure)  35247K->22143K(51648K), 0.0009521 secs]
285.510: [GC (Allocation Failure)  35327K->22113K(51648K), 0.0014279 secs]
285.620: [GC (Allocation Failure)  35297K->22171K(51648K), 0.0007389 secs]
285.734: [GC (Allocation Failure)  35355K->22198K(51648K), 0.0014181 secs]
286.988: [GC (Allocation Failure)  35382K->22254K(51648K), 0.0007687 secs]
287.108: [GC (Allocation Failure)  35438K->22224K(51648K), 0.0008081 secs]
287.260: [GC (Allocation Failure)  35408K->22312K(51648K), 0.0008203 secs]
287.384: [GC (Allocation Failure)  35496K->22290K(51648K), 0.0008084 secs]
287.512: [GC (Allocation Failure)  35474K->22363K(51648K), 0.0009093 secs]
287.643: [GC (Allocation Failure)  35547K->22358K(51648K), 0.0009659 secs]
287.760: [GC (Allocation Failure)  35542K->22427K(51648K), 0.0008646 secs]
287.880: [GC (Allocation Failure)  35611K->22419K(51648K), 0.0009693 secs]
288.449: [GC (Allocation Failure)  35603K->22481K(51648K), 0.0008879 secs]
288.569: [GC (Allocation Failure)  35665K->22476K(51648K), 0.0009445 secs]
288.690: [GC (Allocation Failure)  35660K->22540K(51648K), 0.0009678 secs]
288.812: [GC (Allocation Failure)  35721K->22536K(51648K), 0.0008881 secs]
288.925: [GC (Allocation Failure)  35720K->22616K(51648K), 0.0008982 secs]
289.043: [GC (Allocation Failure)  35800K->22590K(51648K), 0.0009505 secs]
289.196: [GC (Allocation Failure)  35774K->22667K(51648K), 0.0008544 secs]
289.355: [GC (Allocation Failure)  35851K->22643K(51648K), 0.0017302 secs]
290.162: [GC (Allocation Failure)  35822K->22718K(51648K), 0.0008413 secs]
290.311: [GC (Allocation Failure)  35902K->22756K(51648K), 0.0009693 secs]
290.433: [GC (Allocation Failure)  35940K->22743K(51648K), 0.0009503 secs]
290.553: [GC (Allocation Failure)  35927K->22809K(51648K), 0.0009287 secs]
290.708: [GC (Allocation Failure)  35993K->22803K(51648K), 0.0009298 secs]
290.854: [GC (Allocation Failure)  35987K->22872K(51648K), 0.0009566 secs]
291.002: [GC (Allocation Failure)  36056K->22863K(51648K), 0.0009815 secs]
291.834: [GC (Allocation Failure)  36047K->22928K(51648K), 0.0009222 secs]
291.974: [GC (Allocation Failure)  36112K->22965K(51648K), 0.0008787 secs]
292.100: [GC (Allocation Failure)  36149K->22947K(51648K), 0.0016878 secs]
292.239: [GC (Allocation Failure)  36131K->23016K(51648K), 0.0009694 secs]
292.380: [GC (Allocation Failure)  36200K->23073K(51648K), 0.0008832 secs]
292.511: [GC (Allocation Failure)  36257K->23043K(51648K), 0.0009131 secs]
292.646: [GC (Allocation Failure)  36227K->23113K(51648K), 0.0009348 secs]
293.868: [GC (Allocation Failure)  36297K->23088K(51648K), 0.0009353 secs]
294.013: [GC (Allocation Failure)  36272K->23143K(51648K), 0.0012679 secs]
294.170: [GC (Allocation Failure)  36327K->23196K(51648K), 0.0018900 secs]
294.326: [GC (Allocation Failure)  36380K->23182K(51648K), 0.0009487 secs]
294.471: [GC (Allocation Failure)  36366K->23258K(51648K), 0.0014448 secs]
294.608: [GC (Allocation Failure)  36442K->23249K(51648K), 0.0009936 secs]
294.732: [GC (Allocation Failure)  36433K->23316K(51648K), 0.0011000 secs]
295.921: [GC (Allocation Failure)  36500K->23360K(51648K), 0.0016203 secs]
296.258: [GC (Allocation Failure)  36544K->23384K(51648K), 0.0020977 secs]
297.785: [GC (Allocation Failure)  36568K->23372K(51648K), 0.0029962 secs]
298.556: [GC (Allocation Failure)  36556K->23412K(51648K), 0.0022252 secs]
299.362: [GC (Allocation Failure)  36596K->23440K(51648K), 0.0021774 secs]
300.167: [GC (Allocation Failure)  36621K->23496K(51648K), 0.0012629 secs]
300.921: [GC (Allocation Failure)  36680K->23542K(51648K), 0.0012395 secs]
301.687: [GC (Allocation Failure)  36726K->23514K(51648K), 0.0012566 secs]
302.441: [GC (Allocation Failure)  36698K->23562K(51648K), 0.0021978 secs]
303.204: [GC (Allocation Failure)  36745K->23629K(51648K), 0.0013334 secs]
303.994: [GC (Allocation Failure)  36812K->23596K(51648K), 0.0013274 secs]
304.810: [GC (Allocation Failure)  36780K->23680K(51648K), 0.0014379 secs]
305.609: [GC (Allocation Failure)  36864K->23637K(51648K), 0.0023179 secs]
306.406: [GC (Allocation Failure)  36821K->23700K(51648K), 0.0022778 secs]
307.212: [GC (Allocation Failure)  36883K->23773K(51648K), 0.0013137 secs]
308.030: [GC (Allocation Failure)  36951K->23749K(51648K), 0.0012219 secs]
308.842: [GC (Allocation Failure)  36933K->23827K(51648K), 0.0022607 secs]
309.663: [GC (Allocation Failure)  37011K->23795K(51648K), 0.0012884 secs]
310.484: [GC (Allocation Failure)  36979K->23872K(51648K), 0.0013169 secs]
311.333: [GC (Allocation Failure)  37056K->23915K(51648K), 0.0014001 secs]
312.172: [GC (Allocation Failure)  37092K->23894K(51648K), 0.0013627 secs]
313.037: [GC (Allocation Failure)  37071K->23973K(51648K), 0.0013513 secs]
313.904: [GC (Allocation Failure)  37157K->23945K(51648K), 0.0023700 secs]
314.786: [GC (Allocation Failure)  37124K->24013K(51648K), 0.0014303 secs]
316.032: [GC (Allocation Failure)  37197K->24029K(51648K), 0.0018351 secs]
316.899: [GC (Allocation Failure)  37213K->24082K(51648K), 0.0013560 secs]
317.775: [GC (Allocation Failure)  37266K->24104K(51648K), 0.0022194 secs]
318.657: [GC (Allocation Failure)  37288K->24099K(51648K), 0.0013714 secs]
319.540: [GC (Allocation Failure)  37283K->24181K(51648K), 0.0013990 secs]
320.417: [GC (Allocation Failure)  37365K->24152K(51648K), 0.0023458 secs]
321.300: [GC (Allocation Failure)  37336K->24219K(51648K), 0.0014537 secs]
322.213: [GC (Allocation Failure)  37403K->24266K(51648K), 0.0021766 secs]
340.829: [GC (Allocation Failure)  37443K->24242K(51648K), 0.0009357 secs]
340.942: [GC (Allocation Failure)  37426K->24324K(51648K), 0.0008292 secs]
341.054: [GC (Allocation Failure)  37508K->24304K(51648K), 0.0008513 secs]
341.159: [GC (Allocation Failure)  37488K->24367K(51648K), 0.0007727 secs]
341.295: [GC (Allocation Failure)  37551K->24403K(51648K), 0.0009154 secs]
341.408: [GC (Allocation Failure)  37587K->24386K(51648K), 0.0008159 secs]
341.526: [GC (Allocation Failure)  37570K->24457K(51648K), 0.0009305 secs]
341.636: [GC (Allocation Failure)  37641K->24505K(51648K), 0.0008250 secs]
341.743: [GC (Allocation Failure)  37689K->24481K(51648K), 0.0008867 secs]
341.857: [GC (Allocation Failure)  37665K->24553K(51648K), 0.0008335 secs]
341.971: [GC (Allocation Failure)  37737K->24529K(51648K), 0.0008658 secs]
342.083: [GC (Allocation Failure)  37713K->24604K(51648K), 0.0008707 secs]
342.189: [GC (Allocation Failure)  37788K->24654K(51648K), 0.0008183 secs]
342.308: [GC (Allocation Failure)  37838K->24629K(51648K), 0.0009628 secs]
342.419: [GC (Allocation Failure)  37813K->24701K(51648K), 0.0008431 secs]
342.539: [GC (Allocation Failure)  37885K->24677K(51648K), 0.0016115 secs]
342.662: [GC (Allocation Failure)  37861K->24753K(51648K), 0.0008515 secs]
344.696: [GC (Allocation Failure)  37937K->24748K(51648K), 0.0008335 secs]
344.803: [GC (Allocation Failure)  37932K->24818K(51648K), 0.0008376 secs]
344.918: [GC (Allocation Failure)  38002K->24862K(51648K), 0.0008628 secs]
345.023: [GC (Allocation Failure)  38046K->24848K(51648K), 0.0008294 secs]
345.127: [GC (Allocation Failure)  38032K->24906K(51648K), 0.0008781 secs]
345.231: [GC (Allocation Failure)  38090K->24898K(51648K), 0.0008370 secs]
345.340: [GC (Allocation Failure)  38082K->24960K(51648K), 0.0008910 secs]
345.446: [GC (Allocation Failure)  38144K->24997K(51648K), 0.0007457 secs]
345.564: [GC (Allocation Failure)  38181K->24981K(51648K), 0.0009480 secs]
346.175: [GC (Allocation Failure)  38165K->25056K(51648K), 0.0008878 secs]
346.289: [GC (Allocation Failure)  38240K->25033K(51648K), 0.0008562 secs]
346.408: [GC (Allocation Failure)  38217K->25114K(51648K), 0.0008491 secs]
346.547: [GC (Allocation Failure)  38298K->25092K(51648K), 0.0016093 secs]
346.669: [GC (Allocation Failure)  38276K->25167K(51648K), 0.0008306 secs]
346.793: [GC (Allocation Failure)  38351K->25162K(51648K), 0.0009333 secs]
346.919: [GC (Allocation Failure)  38346K->25225K(51648K), 0.0008840 secs]
347.041: [GC (Allocation Failure)  38409K->25208K(51648K), 0.0009087 secs]
347.168: [GC (Allocation Failure)  38392K->25267K(51648K), 0.0007881 secs]
347.285: [GC (Allocation Failure)  38451K->25321K(51648K), 0.0007944 secs]
347.395: [GC (Allocation Failure)  38505K->25309K(51648K), 0.0013918 secs]
347.528: [GC (Allocation Failure)  38493K->25376K(51648K), 0.0010435 secs]
347.642: [GC (Allocation Failure)  38560K->25392K(51648K), 0.0008145 secs]
347.751: [GC (Allocation Failure)  38576K->25450K(51648K), 0.0009032 secs]
347.862: [GC (Allocation Failure)  38628K->25431K(51648K), 0.0008219 secs]
347.999: [GC (Allocation Failure)  38615K->25502K(51648K), 0.0009417 secs]
348.109: [GC (Allocation Failure)  38686K->25481K(51648K), 0.0008693 secs]
349.482: [GC (Allocation Failure)  38665K->25559K(51648K), 0.0015954 secs]
349.595: [GC (Allocation Failure)  38743K->25602K(51648K), 0.0008493 secs]
349.732: [GC (Allocation Failure)  38786K->25577K(51648K), 0.0008828 secs]
349.855: [GC (Allocation Failure)  38761K->25645K(51648K), 0.0008550 secs]
349.970: [GC (Allocation Failure)  38829K->25626K(51648K), 0.0008928 secs]
350.089: [GC (Allocation Failure)  38810K->25707K(51648K), 0.0016137 secs]
350.202: [GC (Allocation Failure)  38891K->25687K(51648K), 0.0008053 secs]
350.324: [GC (Allocation Failure)  38871K->25762K(51648K), 0.0008350 secs]
350.436: [GC (Allocation Failure)  38946K->25819K(51648K), 0.0009036 secs]
351.088: [GC (Allocation Failure)  39003K->25788K(51648K), 0.0012605 secs]
351.824: [GC (Allocation Failure)  38972K->25838K(51648K), 0.0021544 secs]
352.571: [GC (Allocation Failure)  39021K->25885K(51648K), 0.0013636 secs]
353.312: [GC (Allocation Failure)  39065K->25874K(51648K), 0.0012987 secs]
354.067: [GC (Allocation Failure)  39058K->25957K(51648K), 0.0013086 secs]
354.833: [GC (Allocation Failure)  39141K->25929K(51648K), 0.0012514 secs]
355.616: [GC (Allocation Failure)  39113K->26002K(51648K), 0.0014668 secs]
356.395: [GC (Allocation Failure)  39186K->25982K(51648K), 0.0013174 secs]
359.903: [GC (Allocation Failure)  39166K->26053K(51648K), 0.0012057 secs]
360.704: [GC (Allocation Failure)  39237K->26091K(51648K), 0.0011692 secs]
361.492: [GC (Allocation Failure)  39275K->26114K(51648K), 0.0022363 secs]
362.282: [GC (Allocation Failure)  39298K->26109K(51648K), 0.0013468 secs]
363.089: [GC (Allocation Failure)  39293K->26175K(51648K), 0.0013511 secs]
363.911: [GC (Allocation Failure)  39359K->26157K(51648K), 0.0011822 secs]
364.722: [GC (Allocation Failure)  39341K->26214K(51648K), 0.0021739 secs]
365.540: [GC (Allocation Failure)  39398K->26240K(51648K), 0.0024209 secs]
366.364: [GC (Allocation Failure)  39424K->26265K(51648K), 0.0019229 secs]
367.208: [GC (Allocation Failure)  39444K->26336K(51648K), 0.0013100 secs]
368.251: [GC (Allocation Failure)  39520K->26316K(51648K), 0.0022685 secs]
369.075: [GC (Allocation Failure)  39500K->26378K(51648K), 0.0013515 secs]
369.912: [GC (Allocation Failure)  39562K->26348K(51648K), 0.0022474 secs]
370.752: [GC (Allocation Failure)  39532K->26414K(51648K), 0.0022985 secs]
371.615: [GC (Allocation Failure)  39597K->26488K(51648K), 0.0012876 secs]
372.475: [GC (Allocation Failure)  39672K->26464K(51648K), 0.0013990 secs]
373.362: [GC (Allocation Failure)  39648K->26510K(51648K), 0.0023235 secs]
374.265: [GC (Allocation Failure)  39690K->26556K(51648K), 0.0018863 secs]
375.132: [GC (Allocation Failure)  39740K->26531K(51648K), 0.0021974 secs]
376.013: [GC (Allocation Failure)  39709K->26611K(51648K), 0.0013471 secs]
376.934: [GC (Allocation Failure)  39795K->26658K(51648K), 0.0014892 secs]
377.850: [GC (Allocation Failure)  39840K->26638K(51648K), 0.0013835 secs]
378.778: [GC (Allocation Failure)  39822K->26706K(51648K), 0.0013665 secs]
397.234: [GC (Allocation Failure)  39890K->26686K(51648K), 0.0016346 secs]
397.360: [GC (Allocation Failure)  39870K->26756K(51648K), 0.0008550 secs]
397.486: [GC (Allocation Failure)  39940K->26752K(51648K), 0.0009722 secs]
397.600: [GC (Allocation Failure)  39936K->26816K(51648K), 0.0008869 secs]
397.712: [GC (Allocation Failure)  40000K->26874K(51648K), 0.0008973 secs]
397.837: [GC (Allocation Failure)  40058K->26844K(51648K), 0.0008835 secs]
397.949: [GC (Allocation Failure)  40028K->26908K(51648K), 0.0008516 secs]
398.052: [GC (Allocation Failure)  40092K->26891K(51648K), 0.0007863 secs]
398.564: [GC (Allocation Failure)  40075K->26965K(51648K), 0.0008674 secs]
398.683: [GC (Allocation Failure)  40149K->26961K(51648K), 0.0009076 secs]
398.794: [GC (Allocation Failure)  40145K->27024K(51648K), 0.0008742 secs]
398.920: [GC (Allocation Failure)  40208K->27021K(51648K), 0.0008817 secs]
399.030: [GC (Allocation Failure)  40205K->27088K(51648K), 0.0008525 secs]
399.136: [GC (Allocation Failure)  40272K->27067K(51648K), 0.0008737 secs]
399.254: [GC (Allocation Failure)  40251K->27143K(51648K), 0.0008695 secs]
399.362: [GC (Allocation Failure)  40327K->27138K(51648K), 0.0008174 secs]
399.481: [GC (Allocation Failure)  40322K->27201K(51648K), 0.0008508 secs]
400.116: [GC (Allocation Failure)  40385K->27240K(51648K), 0.0008943 secs]
400.235: [GC (Allocation Failure)  40424K->27224K(51648K), 0.0009803 secs]
400.360: [GC (Allocation Failure)  40408K->27297K(51648K), 0.0008936 secs]
400.482: [GC (Allocation Failure)  40481K->27278K(51648K), 0.0009117 secs]
400.590: [GC (Allocation Failure)  40462K->27355K(51648K), 0.0008285 secs]
400.700: [GC (Allocation Failure)  40539K->27347K(51648K), 0.0008603 secs]
400.812: [GC (Allocation Failure)  40531K->27409K(51648K), 0.0008327 secs]
400.925: [GC (Allocation Failure)  40593K->27405K(51648K), 0.0008815 secs]
401.057: [GC (Allocation Failure)  40585K->27476K(51648K), 0.0009192 secs]
402.018: [GC (Allocation Failure)  40660K->27518K(51648K), 0.0008336 secs]
402.123: [GC (Allocation Failure)  40702K->27497K(51648K), 0.0008440 secs]
402.238: [GC (Allocation Failure)  40681K->27561K(51648K), 0.0008955 secs]
402.375: [GC (Allocation Failure)  40745K->27554K(51648K), 0.0008810 secs]
402.514: [GC (Allocation Failure)  40738K->27556K(51648K), 0.0019884 secs]
402.705: [GC (Allocation Failure)  40740K->27655K(51648K), 0.0009239 secs]
402.868: [GC (Allocation Failure)  40839K->27638K(51648K), 0.0023259 secs]
404.141: [GC (Allocation Failure)  40822K->27686K(51648K), 0.0010187 secs]
404.292: [GC (Allocation Failure)  40870K->27761K(51648K), 0.0009211 secs]
404.450: [GC (Allocation Failure)  40945K->27725K(51648K), 0.0009067 secs]
404.589: [GC (Allocation Failure)  40909K->27796K(51648K), 0.0019226 secs]
404.746: [GC (Allocation Failure)  40980K->27790K(51648K), 0.0009890 secs]
404.887: [GC (Allocation Failure)  40974K->27870K(51648K), 0.0009109 secs]
405.019: [GC (Allocation Failure)  41054K->27841K(51648K), 0.0009050 secs]
405.984: [GC (Allocation Failure)  41025K->27913K(51648K), 0.0009430 secs]
406.098: [GC (Allocation Failure)  41097K->27950K(51648K), 0.0010652 secs]
406.225: [GC (Allocation Failure)  41134K->27934K(51648K), 0.0009172 secs]
406.340: [GC (Allocation Failure)  41118K->28003K(51648K), 0.0008320 secs]
406.452: [GC (Allocation Failure)  41187K->27997K(51648K), 0.0008400 secs]
406.573: [GC (Allocation Failure)  41181K->28045K(51648K), 0.0010260 secs]
406.697: [GC (Allocation Failure)  41229K->28117K(51648K), 0.0008944 secs]
406.818: [GC (Allocation Failure)  41301K->28082K(51648K), 0.0008649 secs]
407.571: [GC (Allocation Failure)  41266K->28151K(51648K), 0.0015450 secs]
407.691: [GC (Allocation Failure)  41335K->28198K(51648K), 0.0016053 secs]
407.828: [GC (Allocation Failure)  41382K->28178K(51648K), 0.0008948 secs]
407.947: [GC (Allocation Failure)  41357K->28242K(51648K), 0.0008844 secs]
408.414: [GC (Allocation Failure)  41426K->28287K(51648K), 0.0018742 secs]
410.003: [GC (Allocation Failure)  41471K->28265K(51648K), 0.0009186 secs]
410.603: [GC (Allocation Failure)  41449K->28117K(51648K), 0.0011306 secs]
411.216: [GC (Allocation Failure)  41301K->28065K(51648K), 0.0009470 secs]
411.974: [GC (Allocation Failure)  41249K->28109K(51648K), 0.0010410 secs]
412.599: [GC (Allocation Failure)  41292K->28151K(51648K), 0.0014700 secs]
413.239: [GC (Allocation Failure)  41335K->28180K(51648K), 0.0013755 secs]
413.877: [GC (Allocation Failure)  41364K->28236K(51648K), 0.0013387 secs]
414.503: [GC (Allocation Failure)  41420K->28280K(51648K), 0.0013450 secs]
415.140: [GC (Allocation Failure)  41464K->28330K(51648K), 0.0013424 secs]
415.782: [GC (Allocation Failure)  41514K->28320K(51648K), 0.0014166 secs]
416.440: [GC (Allocation Failure)  41502K->28391K(51648K), 0.0007544 secs]
417.337: [GC (Allocation Failure)  41571K->28416K(51648K), 0.0018418 secs]
418.233: [GC (Allocation Failure)  41600K->28454K(51648K), 0.0017246 secs]
419.087: [GC (Allocation Failure)  41638K->28433K(51648K), 0.0022013 secs]
419.947: [GC (Allocation Failure)  41617K->28510K(51648K), 0.0025044 secs]
420.811: [GC (Allocation Failure)  41694K->28504K(51648K), 0.0012835 secs]
421.693: [GC (Allocation Failure)  41688K->28549K(51648K), 0.0023839 secs]
422.615: [GC (Allocation Failure)  41732K->28599K(51648K), 0.0022509 secs]
423.478: [GC (Allocation Failure)  41783K->28625K(51648K), 0.0021009 secs]
424.389: [GC (Allocation Failure)  41809K->28621K(51648K), 0.0017268 secs]
425.295: [GC (Allocation Failure)  41805K->28691K(51648K), 0.0022532 secs]
426.190: [GC (Allocation Failure)  41867K->28681K(51648K), 0.0013631 secs]
427.094: [GC (Allocation Failure)  41865K->28759K(51648K), 0.0023106 secs]
427.990: [GC (Allocation Failure)  41942K->28729K(51648K), 0.0014169 secs]
428.899: [GC (Allocation Failure)  41911K->28807K(51648K), 0.0014913 secs]
429.971: [GC (Allocation Failure)  41991K->28827K(51648K), 0.0013048 secs]
430.877: [GC (Allocation Failure)  42011K->28848K(51648K), 0.0017798 secs]
431.818: [GC (Allocation Failure)  42032K->28905K(51648K), 0.0024719 secs]
432.729: [GC (Allocation Failure)  42083K->28883K(51648K), 0.0014041 secs]
433.653: [GC (Allocation Failure)  42067K->28912K(51648K), 0.0013869 secs]
455.436: [GC (Allocation Failure)  42094K->28981K(51648K), 0.0009402 secs]
455.580: [GC (Allocation Failure)  42165K->29029K(51648K), 0.0009728 secs]
455.691: [GC (Allocation Failure)  42213K->29075K(51648K), 0.0008731 secs]
455.799: [GC (Allocation Failure)  42259K->29040K(51648K), 0.0008465 secs]
455.909: [GC (Allocation Failure)  42224K->29105K(51648K), 0.0008987 secs]
456.029: [GC (Allocation Failure)  42289K->29146K(51648K), 0.0008407 secs]
456.138: [GC (Allocation Failure)  42330K->29126K(51648K), 0.0008506 secs]
456.245: [GC (Allocation Failure)  42310K->29196K(51648K), 0.0008607 secs]
456.649: [GC (Allocation Failure)  42380K->29184K(51648K), 0.0008490 secs]
456.752: [GC (Allocation Failure)  42368K->29250K(51648K), 0.0008378 secs]
456.859: [GC (Allocation Failure)  42434K->29232K(51648K), 0.0008935 secs]
456.977: [GC (Allocation Failure)  42416K->29308K(51648K), 0.0009039 secs]
457.085: [GC (Allocation Failure)  42491K->29300K(51648K), 0.0008332 secs]
457.192: [GC (Allocation Failure)  42484K->29381K(51648K), 0.0008894 secs]
457.299: [GC (Allocation Failure)  42565K->29354K(51648K), 0.0008882 secs]
457.434: [GC (Allocation Failure)  42538K->29424K(51648K), 0.0008663 secs]
457.555: [GC (Allocation Failure)  42608K->29419K(51648K), 0.0009417 secs]
457.666: [GC (Allocation Failure)  42603K->29482K(51648K), 0.0009109 secs]
457.825: [GC (Allocation Failure)  42666K->29478K(51648K), 0.0008917 secs]
457.949: [GC (Allocation Failure)  42662K->29541K(51648K), 0.0009010 secs]
458.076: [GC (Allocation Failure)  42725K->29590K(51648K), 0.0009159 secs]
458.207: [GC (Allocation Failure)  42774K->29552K(51648K), 0.0010684 secs]
458.338: [GC (Allocation Failure)  42736K->29633K(51648K), 0.0009477 secs]
458.456: [GC (Allocation Failure)  42817K->29615K(51648K), 0.0009177 secs]
458.584: [GC (Allocation Failure)  42799K->29674K(51648K), 0.0009289 secs]
459.707: [GC (Allocation Failure)  42858K->29746K(51648K), 0.0008526 secs]
459.821: [GC (Allocation Failure)  42930K->29709K(51648K), 0.0008834 secs]
459.934: [GC (Allocation Failure)  42893K->29779K(51648K), 0.0008746 secs]
460.057: [GC (Allocation Failure)  42961K->29774K(51648K), 0.0009029 secs]
460.176: [GC (Allocation Failure)  42958K->29854K(51648K), 0.0008446 secs]
460.500: [GC (Allocation Failure)  43038K->29828K(51648K), 0.0009111 secs]
460.634: [GC (Allocation Failure)  43012K->29898K(51648K), 0.0009488 secs]
460.767: [GC (Allocation Failure)  43082K->29882K(51648K), 0.0009789 secs]
460.889: [GC (Allocation Failure)  43059K->29956K(51648K), 0.0009117 secs]
461.013: [GC (Allocation Failure)  43140K->30005K(51648K), 0.0009608 secs]
461.145: [GC (Allocation Failure)  43189K->29984K(51648K), 0.0009111 secs]
461.264: [GC (Allocation Failure)  43168K->30048K(51648K), 0.0008470 secs]
461.387: [GC (Allocation Failure)  43232K->30042K(51648K), 0.0008642 secs]
461.931: [GC (Allocation Failure)  43223K->30112K(51648K), 0.0009241 secs]
462.048: [GC (Allocation Failure)  43296K->30154K(51648K), 0.0009028 secs]
462.172: [GC (Allocation Failure)  43338K->30140K(51648K), 0.0009196 secs]
462.306: [GC (Allocation Failure)  43324K->30197K(51648K), 0.0008965 secs]
462.433: [GC (Allocation Failure)  43381K->30191K(51648K), 0.0010397 secs]
462.585: [GC (Allocation Failure)  43375K->30254K(51648K), 0.0009652 secs]
462.710: [GC (Allocation Failure)  43438K->30249K(51648K), 0.0009017 secs]
463.331: [GC (Allocation Failure)  43433K->30318K(51648K), 0.0009010 secs]
463.447: [GC (Allocation Failure)  43502K->30310K(51648K), 0.0008617 secs]
463.565: [GC (Allocation Failure)  43494K->30372K(51648K), 0.0009709 secs]
463.691: [GC (Allocation Failure)  43556K->30421K(51648K), 0.0008732 secs]
463.842: [GC (Allocation Failure)  43605K->30397K(51648K), 0.0009767 secs]
463.968: [GC (Allocation Failure)  43581K->30463K(51648K), 0.0008947 secs]
464.086: [GC (Allocation Failure)  43647K->30457K(51648K), 0.0008779 secs]
464.697: [GC (Allocation Failure)  43641K->30519K(51648K), 0.0011201 secs]
466.146: [GC (Allocation Failure)  43703K->30501K(51648K), 0.0020546 secs]
466.890: [GC (Allocation Failure)  43685K->30578K(51648K), 0.0021625 secs]
467.714: [GC (Allocation Failure)  43756K->30573K(51648K), 0.0012881 secs]
468.543: [GC (Allocation Failure)  43757K->30632K(51648K), 0.0022537 secs]
469.367: [GC (Allocation Failure)  43816K->30673K(51648K), 0.0017879 secs]
470.170: [GC (Allocation Failure)  43857K->30697K(51648K), 0.0019325 secs]
470.981: [GC (Allocation Failure)  43876K->30692K(51648K), 0.0010796 secs]
471.790: [GC (Allocation Failure)  43876K->30753K(51648K), 0.0018767 secs]
472.587: [GC (Allocation Failure)  43933K->30728K(51648K), 0.0015660 secs]
473.265: [GC (Allocation Failure)  43912K->30829K(51648K), 0.0008240 secs]
473.938: [GC (Allocation Failure)  44013K->30795K(51648K), 0.0013954 secs]
474.610: [GC (Allocation Failure)  43979K->30852K(51648K), 0.0010439 secs]
475.275: [GC (Allocation Failure)  44036K->30906K(51648K), 0.0007962 secs]
475.935: [GC (Allocation Failure)  44087K->30893K(51648K), 0.0008690 secs]
476.626: [GC (Allocation Failure)  44077K->30944K(51648K), 0.0020064 secs]
477.310: [GC (Allocation Failure)  44128K->30991K(51648K), 0.0013867 secs]
478.035: [GC (Allocation Failure)  44175K->30976K(51648K), 0.0007815 secs]
478.704: [GC (Allocation Failure)  44160K->31025K(51648K), 0.0013644 secs]
479.383: [GC (Allocation Failure)  44209K->31070K(51648K), 0.0016127 secs]
480.096: [GC (Allocation Failure)  44254K->31115K(51648K), 0.0014602 secs]
480.825: [GC (Allocation Failure)  44299K->31082K(51648K), 0.0014548 secs]
481.519: [GC (Allocation Failure)  44266K->31163K(51648K), 0.0008164 secs]
482.360: [GC (Allocation Failure)  44347K->31177K(51648K), 0.0023702 secs]
483.282: [GC (Allocation Failure)  44361K->31230K(51648K), 0.0025742 secs]
484.218: [GC (Allocation Failure)  44414K->31198K(51648K), 0.0024560 secs]
485.313: [GC (Allocation Failure)  44382K->31275K(51648K), 0.0023710 secs]
486.235: [GC (Allocation Failure)  44459K->31252K(51648K), 0.0022835 secs]
487.170: [GC (Allocation Failure)  44436K->31317K(51648K), 0.0013731 secs]
488.146: [GC (Allocation Failure)  44501K->31374K(51648K), 0.0013248 secs]
489.116: [GC (Allocation Failure)  44558K->31347K(51648K), 0.0022670 secs]
490.085: [GC (Allocation Failure)  44531K->31427K(51648K), 0.0011135 secs]
491.070: [GC (Allocation Failure)  44611K->31450K(51648K), 0.0011534 secs]
492.048: [GC (Allocation Failure)  44632K->31511K(51648K), 0.0012201 secs]
508.317: [GC (Allocation Failure)  44695K->31477K(51648K), 0.0008471 secs]
508.447: [GC (Allocation Failure)  44659K->31552K(51648K), 0.0009508 secs]
508.589: [GC (Allocation Failure)  44735K->31531K(51648K), 0.0010152 secs]
508.764: [GC (Allocation Failure)  44715K->31619K(51648K), 0.0009724 secs]
508.892: [GC (Allocation Failure)  44803K->31592K(51648K), 0.0009755 secs]
509.027: [GC (Allocation Failure)  44776K->31678K(51648K), 0.0009536 secs]
509.159: [GC (Allocation Failure)  44862K->31723K(51648K), 0.0009899 secs]
509.751: [GC (Allocation Failure)  44907K->31692K(51648K), 0.0009132 secs]
509.883: [GC (Allocation Failure)  44875K->31757K(51648K), 0.0009515 secs]
510.012: [GC (Allocation Failure)  44941K->31738K(51648K), 0.0009193 secs]
510.144: [GC (Allocation Failure)  44922K->31811K(51648K), 0.0008973 secs]
510.272: [GC (Allocation Failure)  44995K->31869K(51648K), 0.0011058 secs]
510.399: [GC (Allocation Failure)  45053K->31839K(51648K), 0.0008855 secs]
510.528: [GC (Allocation Failure)  45023K->31903K(51648K), 0.0009594 secs]
511.085: [GC (Allocation Failure)  45087K->31939K(51648K), 0.0009495 secs]
511.216: [GC (Allocation Failure)  45123K->31924K(51648K), 0.0009597 secs]
511.345: [GC (Allocation Failure)  45104K->32008K(51648K), 0.0009419 secs]
511.472: [GC (Allocation Failure)  45192K->31989K(51648K), 0.0014002 secs]
511.608: [GC (Allocation Failure)  45173K->32051K(51648K), 0.0008952 secs]
511.737: [GC (Allocation Failure)  45235K->32044K(51648K), 0.0008551 secs]
511.864: [GC (Allocation Failure)  45228K->32107K(51648K), 0.0008817 secs]
511.991: [GC (Allocation Failure)  45291K->32103K(51648K), 0.0009154 secs]
512.810: [GC (Allocation Failure)  45287K->32167K(51648K), 0.0008904 secs]
512.937: [GC (Allocation Failure)  45350K->32162K(51648K), 0.0009351 secs]
513.067: [GC (Allocation Failure)  45346K->32243K(51648K), 0.0009644 secs]
513.195: [GC (Allocation Failure)  45427K->32214K(51648K), 0.0009168 secs]
513.329: [GC (Allocation Failure)  45398K->32286K(51648K), 0.0009694 secs]
513.459: [GC (Allocation Failure)  45469K->32334K(51648K), 0.0009030 secs]
513.598: [GC (Allocation Failure)  45518K->32315K(51648K), 0.0009727 secs]
513.729: [GC (Allocation Failure)  45499K->32394K(51648K), 0.0009225 secs]
514.415: [GC (Allocation Failure)  45578K->32362K(51648K), 0.0009956 secs]
514.543: [GC (Allocation Failure)  45541K->32435K(51648K), 0.0012090 secs]
514.679: [GC (Allocation Failure)  45619K->32482K(51648K), 0.0010001 secs]
514.806: [GC (Allocation Failure)  45666K->32458K(51648K), 0.0009185 secs]
514.933: [GC (Allocation Failure)  45642K->32524K(51648K), 0.0009571 secs]
515.062: [GC (Allocation Failure)  45708K->32518K(51648K), 0.0009337 secs]
515.189: [GC (Allocation Failure)  45702K->32581K(51648K), 0.0009030 secs]
515.317: [GC (Allocation Failure)  45765K->32576K(51648K), 0.0009378 secs]
516.048: [GC (Allocation Failure)  45760K->32644K(51648K), 0.0008669 secs]
516.178: [GC (Allocation Failure)  45828K->32637K(51648K), 0.0014498 secs]
516.324: [GC (Allocation Failure)  45821K->32700K(51648K), 0.0011180 secs]
516.450: [GC (Allocation Failure)  45884K->32738K(51648K), 0.0009162 secs]
516.585: [GC (Allocation Failure)  45922K->32721K(51648K), 0.0009664 secs]
516.716: [GC (Allocation Failure)  45900K->32795K(51648K), 0.0009169 secs]
516.841: [GC (Allocation Failure)  45979K->32840K(51648K), 0.0008792 secs]
517.585: [GC (Allocation Failure)  46024K->32814K(51648K), 0.0009750 secs]
517.720: [GC (Allocation Failure)  45998K->32897K(51648K), 0.0012680 secs]
517.846: [GC (Allocation Failure)  46081K->32865K(51648K), 0.0009275 secs]
517.985: [GC (Allocation Failure)  46049K->32944K(51648K), 0.0009151 secs]
518.117: [GC (Allocation Failure)  46128K->32921K(51648K), 0.0008891 secs]
518.247: [GC (Allocation Failure)  46105K->32997K(51648K), 0.0013532 secs]
518.373: [GC (Allocation Failure)  46181K->32992K(51648K), 0.0008755 secs]
519.116: [GC (Allocation Failure)  46176K->33055K(51648K), 0.0011045 secs]
520.959: [GC (Allocation Failure)  46239K->33093K(51648K), 0.0012223 secs]
521.738: [GC (Allocation Failure)  46277K->33076K(51648K), 0.0012529 secs]
523.363: [GC (Allocation Failure)  46260K->33151K(51648K), 0.0011779 secs]
524.168: [GC (Allocation Failure)  46332K->33194K(51648K), 0.0012659 secs]
524.947: [GC (Allocation Failure)  46378K->33151K(51648K), 0.0021241 secs]
525.737: [GC (Allocation Failure)  46335K->33235K(51648K), 0.0018752 secs]
526.535: [GC (Allocation Failure)  46419K->33214K(51648K), 0.0034667 secs]
527.337: [GC (Allocation Failure)  46398K->33289K(51648K), 0.0022218 secs]
528.148: [GC (Allocation Failure)  46473K->33286K(51648K), 0.0013969 secs]
528.965: [GC (Allocation Failure)  46466K->33366K(51648K), 0.0011384 secs]
529.782: [GC (Allocation Failure)  46550K->33378K(51648K), 0.0021947 secs]
530.604: [GC (Allocation Failure)  46562K->33360K(51648K), 0.0024665 secs]
531.432: [GC (Allocation Failure)  46544K->33441K(51648K), 0.0013358 secs]
532.382: [GC (Allocation Failure)  46623K->33485K(51648K), 0.0013361 secs]
533.226: [GC (Allocation Failure)  46669K->33472K(51648K), 0.0022281 secs]
534.077: [GC (Allocation Failure)  46656K->33508K(51648K), 0.0023091 secs]
534.905: [GC (Allocation Failure)  46692K->33557K(51648K), 0.0021069 secs]
535.684: [GC (Allocation Failure)  46741K->33544K(51648K), 0.0022743 secs]
536.495: [GC (Allocation Failure)  46726K->33613K(51648K), 0.0013386 secs]
537.411: [GC (Allocation Failure)  46792K->33672K(51648K), 0.0020627 secs]
538.474: [GC (Allocation Failure)  46849K->33629K(51648K), 0.0022578 secs]
539.366: [GC (Allocation Failure)  46813K->33720K(51648K), 0.0020186 secs]
540.305: [GC (Allocation Failure)  46904K->33674K(51648K), 0.0027692 secs]
541.237: [GC (Allocation Failure)  46858K->33739K(51648K), 0.0018855 secs]
542.151: [GC (Allocation Failure)  46923K->33814K(51648K), 0.0014263 secs]
543.090: [GC (Allocation Failure)  46998K->33783K(51648K), 0.0013277 secs]
544.010: [GC (Allocation Failure)  46967K->33853K(51648K), 0.0023152 secs]
561.901: [GC (Allocation Failure)  47037K->33831K(51648K), 0.0008649 secs]
562.016: [GC (Allocation Failure)  47015K->33913K(51648K), 0.0009257 secs]
562.137: [GC (Allocation Failure)  47090K->33893K(51648K), 0.0008682 secs]
562.274: [GC (Allocation Failure)  47077K->33982K(51648K), 0.0009192 secs]
562.396: [GC (Allocation Failure)  47166K->33954K(51648K), 0.0008770 secs]
562.512: [GC (Allocation Failure)  47138K->34033K(51648K), 0.0008867 secs]
562.626: [GC (Allocation Failure)  47217K->34024K(51648K), 0.0008574 secs]
562.739: [GC (Allocation Failure)  47208K->34086K(51648K), 0.0008426 secs]
563.275: [GC (Allocation Failure)  47270K->34122K(51648K), 0.0009014 secs]
563.402: [GC (Allocation Failure)  47306K->34171K(51648K), 0.0008843 secs]
563.517: [GC (Allocation Failure)  47355K->34138K(51648K), 0.0009187 secs]
563.635: [GC (Allocation Failure)  47322K->34226K(51648K), 0.0008613 secs]
563.746: [GC (Allocation Failure)  47410K->34193K(51648K), 0.0008169 secs]
563.747: [GC (CMS Initial Mark)  34201K(51648K), 0.0005161 secs]
563.770: [GC (CMS Final Remark)  36163K(51648K), 0.0119410 secs]
563.891: [GC (Allocation Failure)  38142K->25033K(51648K), 0.0008670 secs]
564.004: [GC (Allocation Failure)  38217K->25080K(51648K), 0.0008254 secs]
564.129: [GC (Allocation Failure)  38264K->25057K(51648K), 0.0009383 secs]
564.651: [GC (Allocation Failure)  38241K->25139K(51648K), 0.0008458 secs]
564.783: [GC (Allocation Failure)  38323K->25108K(51648K), 0.0008633 secs]
564.915: [GC (Allocation Failure)  38292K->25186K(51648K), 0.0012070 secs]
565.045: [GC (Allocation Failure)  38369K->25168K(51648K), 0.0008349 secs]
565.167: [GC (Allocation Failure)  38352K->25258K(51648K), 0.0007964 secs]
565.341: [GC (Allocation Failure)  38442K->25229K(51648K), 0.0012036 secs]
565.499: [GC (Allocation Failure)  38411K->25303K(51648K), 0.0007885 secs]
565.625: [GC (Allocation Failure)  38487K->25326K(51648K), 0.0007930 secs]
566.206: [GC (Allocation Failure)  38510K->25377K(51648K), 0.0008347 secs]
566.332: [GC (Allocation Failure)  38558K->25349K(51648K), 0.0008714 secs]
566.443: [GC (Allocation Failure)  38533K->25438K(51648K), 0.0008547 secs]
566.554: [GC (Allocation Failure)  38622K->25417K(51648K), 0.0008040 secs]
566.669: [GC (Allocation Failure)  38601K->25479K(51648K), 0.0009185 secs]
566.779: [GC (Allocation Failure)  38663K->25462K(51648K), 0.0008581 secs]
566.895: [GC (Allocation Failure)  38646K->25553K(51648K), 0.0008594 secs]
567.010: [GC (Allocation Failure)  38737K->25522K(51648K), 0.0008914 secs]
567.753: [GC (Allocation Failure)  38706K->25612K(51648K), 0.0008852 secs]
567.874: [GC (Allocation Failure)  38796K->25593K(51648K), 0.0009427 secs]
567.992: [GC (Allocation Failure)  38777K->25674K(51648K), 0.0008608 secs]
568.112: [GC (Allocation Failure)  38858K->25653K(51648K), 0.0009252 secs]
568.237: [GC (Allocation Failure)  38837K->25716K(51648K), 0.0008877 secs]
568.356: [GC (Allocation Failure)  38893K->25772K(51648K), 0.0008396 secs]
568.465: [GC (Allocation Failure)  38956K->25745K(51648K), 0.0008676 secs]
568.571: [GC (Allocation Failure)  38929K->25822K(51648K), 0.0007961 secs]
569.334: [GC (Allocation Failure)  39006K->25793K(51648K), 0.0010475 secs]
569.445: [GC (Allocation Failure)  38977K->25862K(51648K), 0.0008496 secs]
569.573: [GC (Allocation Failure)  39046K->25899K(51648K), 0.0008335 secs]
569.684: [GC (Allocation Failure)  39083K->25883K(51648K), 0.0008650 secs]
569.794: [GC (Allocation Failure)  39067K->25953K(51648K), 0.0008515 secs]
569.913: [GC (Allocation Failure)  39137K->26001K(51648K), 0.0008458 secs]
570.028: [GC (Allocation Failure)  39185K->25972K(51648K), 0.0008229 secs]
570.150: [GC (Allocation Failure)  39156K->26044K(51648K), 0.0009048 secs]
570.261: [GC (Allocation Failure)  39228K->26027K(51648K), 0.0007989 secs]
570.385: [GC (Allocation Failure)  39211K->26100K(51648K), 0.0008961 secs]
570.514: [GC (Allocation Failure)  39284K->26095K(51648K), 0.0009107 secs]
570.642: [GC (Allocation Failure)  39279K->26158K(51648K), 0.0008536 secs]
571.258: [GC (Allocation Failure)  39342K->26140K(51648K), 0.0022045 secs]
573.326: [GC (Allocation Failure)  39324K->26197K(51648K), 0.0020650 secs]
574.080: [GC (Allocation Failure)  39381K->26271K(51648K), 0.0012457 secs]
574.840: [GC (Allocation Failure)  39455K->26239K(51648K), 0.0021071 secs]
575.624: [GC (Allocation Failure)  39423K->26306K(51648K), 0.0021027 secs]
577.427: [GC (Allocation Failure)  39490K->26261K(51648K), 0.0022064 secs]
578.185: [GC (Allocation Failure)  39445K->26342K(51648K), 0.0022954 secs]
578.957: [GC (Allocation Failure)  39526K->26394K(51648K), 0.0020998 secs]
579.744: [GC (Allocation Failure)  39578K->26380K(51648K), 0.0012071 secs]
580.531: [GC (Allocation Failure)  39561K->26415K(51648K), 0.0027223 secs]
581.330: [GC (Allocation Failure)  39599K->26488K(51648K), 0.0013489 secs]
582.163: [GC (Allocation Failure)  39672K->26473K(51648K), 0.0021558 secs]
582.994: [GC (Allocation Failure)  39657K->26542K(51648K), 0.0022394 secs]
583.859: [GC (Allocation Failure)  39726K->26521K(51648K), 0.0023984 secs]
584.694: [GC (Allocation Failure)  39705K->26595K(51648K), 0.0022440 secs]
585.531: [GC (Allocation Failure)  39779K->26591K(51648K), 0.0038186 secs]
586.497: [GC (Allocation Failure)  39769K->26634K(51648K), 0.0017238 secs]
587.391: [GC (Allocation Failure)  39814K->26704K(51648K), 0.0012630 secs]
588.252: [GC (Allocation Failure)  39888K->26661K(51648K), 0.0023282 secs]
589.128: [GC (Allocation Failure)  39845K->26728K(51648K), 0.0023228 secs]
590.001: [GC (Allocation Failure)  39912K->26777K(51648K), 0.0013667 secs]
590.885: [GC (Allocation Failure)  39961K->26714K(51648K), 0.0022028 secs]
591.789: [GC (Allocation Failure)  39891K->26835K(51648K), 0.0014520 secs]
592.685: [GC (Allocation Failure)  40019K->26858K(51648K), 0.0023367 secs]
593.596: [GC (Allocation Failure)  40042K->26865K(51648K), 0.0013946 secs]
594.496: [GC (Allocation Failure)  40049K->26918K(51648K), 0.0023265 secs]
595.418: [GC (Allocation Failure)  40102K->26895K(51648K), 0.0025249 secs]
596.347: [GC (Allocation Failure)  40078K->26987K(51648K), 0.0013185 secs]
597.272: [GC (Allocation Failure)  40171K->27004K(51648K), 0.0020947 secs]
598.142: [GC (Allocation Failure)  40183K->27050K(51648K), 0.0011774 secs]
599.058: [GC (Allocation Failure)  40228K->27070K(51648K), 0.0027895 secs]
599.978: [GC (Allocation Failure)  40254K->27093K(51648K), 0.0021939 secs]
