Java HotSpot(TM) 64-Bit Server VM (25.191-b12) for bsd-amd64 JRE (1.8.0_191-b12), built on Oct  6 2018 08:37:07 by "java_re" with gcc 4.2.1 (Based on Apple Inc. build 5658) (LLVM build 2336.11.00)
Memory: 4k page, physical 16777216k(806192k free)

/proc/meminfo:

CommandLine flags: -XX:-BytecodeVerificationLocal -XX:-BytecodeVerificationRemote -XX:InitialHeapSize=65011712 -XX:+ManagementServer -XX:MaxHeapSize=65011712 -XX:MaxNewSize=27262976 -XX:MaxTenuringThreshold=6 -XX:NewSize=27262976 -XX:OldPLABSize=16 -XX:+PrintGC -XX:+PrintGCTimeStamps -XX:ThreadStackSize=256 -XX:TieredStopAtLevel=1 -XX:+UseCompressedClassPointers -XX:+UseCompressedOops -XX:+UseConcMarkSweepGC -XX:+UseParNewGC 
0.422: [GC (Allocation Failure)  21376K->3011K(60864K), 0.0036407 secs]
0.558: [GC (Allocation Failure)  24387K->5674K(60864K), 0.0107790 secs]
0.657: [GC (Allocation Failure)  27050K->5526K(60864K), 0.0014321 secs]
0.720: [GC (Allocation Failure)  26902K->6431K(60864K), 0.0027898 secs]
0.801: [GC (Allocation Failure)  27807K->7073K(60864K), 0.0021051 secs]
0.859: [GC (Allocation Failure)  28449K->7613K(60864K), 0.0027685 secs]
0.952: [GC (Allocation Failure)  28989K->8161K(60864K), 0.0025611 secs]
1.084: [GC (Allocation Failure)  29537K->9384K(60864K), 0.0070640 secs]
1.237: [GC (Allocation Failure)  30760K->9654K(60864K), 0.0028072 secs]
1.240: [GC (CMS Initial Mark)  10030K(60864K), 0.0005544 secs]
1.248: [GC (CMS Final Remark)  11920K(60864K), 0.0065223 secs]
1.359: [GC (Allocation Failure)  29909K->9295K(60864K), 0.0023502 secs]
1.478: [GC (Allocation Failure)  30671K->10414K(60864K), 0.0026673 secs]
1.595: [GC (Allocation Failure)  31790K->10622K(60864K), 0.0028006 secs]
1.722: [GC (Allocation Failure)  31998K->14724K(60864K), 0.0044337 secs]
1.837: [GC (Allocation Failure)  36100K->17454K(60864K), 0.0070531 secs]
2.002: [GC (Allocation Failure)  38830K->16851K(60864K), 0.0039509 secs]
2.170: [GC (Allocation Failure)  38227K->18533K(60864K), 0.0042940 secs]
2.305: [GC (Allocation Failure)  39909K->19622K(60864K), 0.0114221 secs]
2.449: [GC (Allocation Failure)  40998K->19604K(60864K), 0.0037400 secs]
2.550: [GC (Allocation Failure)  40980K->21089K(60864K), 0.0070152 secs]
2.682: [GC (Allocation Failure)  42465K->21932K(60864K), 0.0081024 secs]
2.795: [GC (Allocation Failure)  43308K->22368K(60864K), 0.0028606 secs]
2.891: [GC (Allocation Failure)  43744K->23137K(60864K), 0.0040393 secs]
3.063: [GC (Allocation Failure)  44513K->24490K(60864K), 0.0046600 secs]
3.152: [GC (Allocation Failure)  45866K->24948K(60864K), 0.0049366 secs]
3.268: [GC (Allocation Failure)  46324K->25568K(60864K), 0.0047179 secs]
7.506: [GC (Allocation Failure)  46944K->26812K(60864K), 0.0050813 secs]
8.105: [GC (Allocation Failure)  48188K->26707K(60864K), 0.0028650 secs]
8.512: [GC (Allocation Failure)  48083K->25786K(60864K), 0.0018853 secs]
8.514: [GC (CMS Initial Mark)  25882K(60864K), 0.0005847 secs]
8.538: [GC (CMS Final Remark)  27443K(60864K), 0.0145302 secs]
8.917: [GC (Allocation Failure)  42456K->21018K(60864K), 0.0008813 secs]
9.229: [GC (Allocation Failure)  42394K->21142K(60864K), 0.0010087 secs]
9.492: [GC (Allocation Failure)  42518K->21224K(60864K), 0.0010390 secs]
9.722: [GC (Allocation Failure)  42600K->21314K(60864K), 0.0009863 secs]
9.916: [GC (Allocation Failure)  42690K->21406K(60864K), 0.0010528 secs]
10.143: [GC (Allocation Failure)  42782K->21284K(60864K), 0.0009403 secs]
10.341: [GC (Allocation Failure)  42660K->21455K(60864K), 0.0008800 secs]
10.539: [GC (Allocation Failure)  42831K->21502K(60864K), 0.0009875 secs]
10.793: [GC (Allocation Failure)  42878K->21526K(60864K), 0.0011809 secs]
10.991: [GC (Allocation Failure)  42902K->21515K(60864K), 0.0010023 secs]
11.210: [GC (Allocation Failure)  42891K->21583K(60864K), 0.0013358 secs]
11.415: [GC (Allocation Failure)  42959K->21688K(60864K), 0.0009618 secs]
11.670: [GC (Allocation Failure)  43064K->21798K(60864K), 0.0010273 secs]
11.957: [GC (Allocation Failure)  43174K->21685K(60864K), 0.0010353 secs]
12.197: [GC (Allocation Failure)  43059K->21790K(60864K), 0.0009244 secs]
12.415: [GC (Allocation Failure)  43166K->21871K(60864K), 0.0010668 secs]
12.711: [GC (Allocation Failure)  43247K->22000K(60864K), 0.0011157 secs]
12.978: [GC (Allocation Failure)  43371K->21894K(60864K), 0.0010308 secs]
13.196: [GC (Allocation Failure)  43270K->21993K(60864K), 0.0012435 secs]
13.396: [GC (Allocation Failure)  43369K->22067K(60864K), 0.0010065 secs]
13.605: [GC (Allocation Failure)  43443K->22088K(60864K), 0.0011211 secs]
13.895: [GC (Allocation Failure)  43464K->22177K(60864K), 0.0010045 secs]
14.136: [GC (Allocation Failure)  43553K->22188K(60864K), 0.0012263 secs]
14.347: [GC (Allocation Failure)  43564K->22306K(60864K), 0.0013803 secs]
14.520: [GC (Allocation Failure)  43682K->22254K(60864K), 0.0010203 secs]
14.688: [GC (Allocation Failure)  43630K->22370K(60864K), 0.0010190 secs]
14.859: [GC (Allocation Failure)  43746K->22448K(60864K), 0.0008591 secs]
15.088: [GC (Allocation Failure)  43824K->22510K(60864K), 0.0008792 secs]
15.263: [GC (Allocation Failure)  43886K->22561K(60864K), 0.0010135 secs]
15.443: [GC (Allocation Failure)  43937K->22605K(60864K), 0.0008460 secs]
16.352: [GC (Allocation Failure)  43981K->22694K(60864K), 0.0008800 secs]
17.393: [GC (Allocation Failure)  44070K->22761K(60864K), 0.0008695 secs]
18.542: [GC (Allocation Failure)  44137K->22754K(60864K), 0.0015840 secs]
19.850: [GC (Allocation Failure)  44130K->22881K(60864K), 0.0016204 secs]
21.169: [GC (Allocation Failure)  44257K->22833K(60864K), 0.0018146 secs]
22.510: [GC (Allocation Failure)  44209K->22884K(60864K), 0.0023967 secs]
23.968: [GC (Allocation Failure)  44260K->22998K(60864K), 0.0018178 secs]
25.350: [GC (Allocation Failure)  44374K->22952K(60864K), 0.0016395 secs]
26.724: [GC (Allocation Failure)  44328K->23020K(60864K), 0.0015175 secs]
28.117: [GC (Allocation Failure)  44396K->23192K(60864K), 0.0026900 secs]
29.550: [GC (Allocation Failure)  44568K->23173K(60864K), 0.0015058 secs]
31.004: [GC (Allocation Failure)  44549K->23261K(60864K), 0.0026299 secs]
32.517: [GC (Allocation Failure)  44637K->23343K(60864K), 0.0016764 secs]
34.089: [GC (Allocation Failure)  44719K->23391K(60864K), 0.0030623 secs]
35.689: [GC (Allocation Failure)  44767K->23438K(60864K), 0.0027509 secs]
37.260: [GC (Allocation Failure)  44814K->23522K(60864K), 0.0026194 secs]
38.830: [GC (Allocation Failure)  44898K->23606K(60864K), 0.0019548 secs]
40.430: [GC (Allocation Failure)  44982K->23603K(60864K), 0.0018842 secs]
42.104: [GC (Allocation Failure)  44979K->23660K(60864K), 0.0027805 secs]
43.820: [GC (Allocation Failure)  45036K->23701K(60864K), 0.0023410 secs]
64.570: [GC (Allocation Failure)  45077K->23829K(60864K), 0.0013084 secs]
64.820: [GC (Allocation Failure)  45205K->23790K(60864K), 0.0012781 secs]
65.027: [GC (Allocation Failure)  45166K->23911K(60864K), 0.0013376 secs]
65.262: [GC (Allocation Failure)  45287K->23890K(60864K), 0.0012454 secs]
65.460: [GC (Allocation Failure)  45262K->24002K(60864K), 0.0012628 secs]
65.928: [GC (Allocation Failure)  45371K->23952K(60864K), 0.0014491 secs]
66.129: [GC (Allocation Failure)  45328K->24086K(60864K), 0.0014224 secs]
66.332: [GC (Allocation Failure)  45462K->24047K(60864K), 0.0011926 secs]
66.527: [GC (Allocation Failure)  45423K->24169K(60864K), 0.0012522 secs]
66.720: [GC (Allocation Failure)  45545K->24159K(60864K), 0.0011700 secs]
67.264: [GC (Allocation Failure)  45535K->24445K(60864K), 0.0010458 secs]
67.503: [GC (Allocation Failure)  45821K->24441K(60864K), 0.0021601 secs]
67.743: [GC (Allocation Failure)  45817K->24488K(60864K), 0.0011167 secs]
67.958: [GC (Allocation Failure)  45864K->24574K(60864K), 0.0011606 secs]
68.475: [GC (Allocation Failure)  45950K->24656K(60864K), 0.0009323 secs]
68.694: [GC (Allocation Failure)  46032K->24562K(60864K), 0.0009145 secs]
68.887: [GC (Allocation Failure)  45938K->24710K(60864K), 0.0014012 secs]
69.070: [GC (Allocation Failure)  46086K->24829K(60864K), 0.0012192 secs]
69.275: [GC (Allocation Failure)  46205K->24772K(60864K), 0.0013332 secs]
69.886: [GC (Allocation Failure)  46148K->24882K(60864K), 0.0014486 secs]
70.128: [GC (Allocation Failure)  46250K->24854K(60864K), 0.0020407 secs]
70.370: [GC (Allocation Failure)  46230K->24949K(60864K), 0.0019939 secs]
70.600: [GC (Allocation Failure)  46325K->25033K(60864K), 0.0020688 secs]
71.421: [GC (Allocation Failure)  46409K->24987K(60864K), 0.0020898 secs]
71.635: [GC (Allocation Failure)  46363K->25123K(60864K), 0.0012334 secs]
71.869: [GC (Allocation Failure)  46499K->25115K(60864K), 0.0013250 secs]
72.073: [GC (Allocation Failure)  46491K->25184K(60864K), 0.0021358 secs]
72.334: [GC (Allocation Failure)  46560K->25311K(60864K), 0.0015102 secs]
73.070: [GC (Allocation Failure)  46687K->25254K(60864K), 0.0013690 secs]
73.301: [GC (Allocation Failure)  46630K->25331K(60864K), 0.0012829 secs]
73.515: [GC (Allocation Failure)  46707K->25415K(60864K), 0.0012878 secs]
73.743: [GC (Allocation Failure)  46791K->25397K(60864K), 0.0013096 secs]
74.349: [GC (Allocation Failure)  46773K->25474K(60864K), 0.0018900 secs]
76.212: [GC (Allocation Failure)  46850K->25565K(60864K), 0.0019126 secs]
77.467: [GC (Allocation Failure)  46941K->25519K(60864K), 0.0028088 secs]
78.767: [GC (Allocation Failure)  46895K->25616K(60864K), 0.0018890 secs]
80.114: [GC (Allocation Failure)  46992K->25670K(60864K), 0.0020384 secs]
81.481: [GC (Allocation Failure)  47046K->25685K(60864K), 0.0023670 secs]
82.836: [GC (Allocation Failure)  47054K->25769K(60864K), 0.0018599 secs]
84.175: [GC (Allocation Failure)  47145K->25820K(60864K), 0.0028244 secs]
85.980: [GC (Allocation Failure)  47196K->25865K(60864K), 0.0027954 secs]
87.417: [GC (Allocation Failure)  47241K->26151K(60864K), 0.0026284 secs]
88.902: [GC (Allocation Failure)  47527K->26126K(60864K), 0.0026240 secs]
90.309: [GC (Allocation Failure)  47502K->26245K(60864K), 0.0015928 secs]
91.783: [GC (Allocation Failure)  47621K->26257K(60864K), 0.0027353 secs]
93.266: [GC (Allocation Failure)  47633K->26340K(60864K), 0.0017749 secs]
94.726: [GC (Allocation Failure)  47716K->26447K(60864K), 0.0027736 secs]
96.249: [GC (Allocation Failure)  47823K->26392K(60864K), 0.0020207 secs]
97.799: [GC (Allocation Failure)  47768K->26448K(60864K), 0.0036593 secs]
99.445: [GC (Allocation Failure)  47824K->26590K(60864K), 0.0031601 secs]
118.538: [GC (Allocation Failure)  47966K->26568K(60864K), 0.0013215 secs]
118.758: [GC (Allocation Failure)  47941K->26685K(60864K), 0.0012730 secs]
118.989: [GC (Allocation Failure)  48061K->26749K(60864K), 0.0013586 secs]
119.195: [GC (Allocation Failure)  48125K->26698K(60864K), 0.0012210 secs]
119.391: [GC (Allocation Failure)  48074K->26835K(60864K), 0.0013830 secs]
119.812: [GC (Allocation Failure)  48211K->26941K(60864K), 0.0013119 secs]
120.010: [GC (Allocation Failure)  48317K->26940K(60864K), 0.0012642 secs]
120.206: [GC (Allocation Failure)  48316K->27062K(60864K), 0.0012582 secs]
120.421: [GC (Allocation Failure)  48438K->26974K(60864K), 0.0012817 secs]
120.656: [GC (Allocation Failure)  48347K->27116K(60864K), 0.0012887 secs]
121.256: [GC (Allocation Failure)  48492K->27190K(60864K), 0.0014229 secs]
121.477: [GC (Allocation Failure)  48566K->27168K(60864K), 0.0013825 secs]
121.687: [GC (Allocation Failure)  48544K->27209K(60864K), 0.0012143 secs]
121.901: [GC (Allocation Failure)  48585K->27323K(60864K), 0.0012632 secs]
122.609: [GC (Allocation Failure)  48699K->27282K(60864K), 0.0013276 secs]
122.830: [GC (Allocation Failure)  48658K->27385K(60864K), 0.0014427 secs]
123.057: [GC (Allocation Failure)  48761K->27508K(60864K), 0.0012885 secs]
123.264: [GC (Allocation Failure)  48884K->27426K(60864K), 0.0012499 secs]
123.470: [GC (Allocation Failure)  48802K->27560K(60864K), 0.0013692 secs]
124.254: [GC (Allocation Failure)  48931K->27551K(60864K), 0.0013486 secs]
124.506: [GC (Allocation Failure)  48927K->27626K(60864K), 0.0013107 secs]
124.742: [GC (Allocation Failure)  49002K->27744K(60864K), 0.0013708 secs]
124.956: [GC (Allocation Failure)  49117K->27663K(60864K), 0.0012550 secs]
125.689: [GC (Allocation Failure)  49039K->27781K(60864K), 0.0012317 secs]
125.920: [GC (Allocation Failure)  49157K->27878K(60864K), 0.0014161 secs]
126.156: [GC (Allocation Failure)  49254K->27818K(60864K), 0.0013229 secs]
126.400: [GC (Allocation Failure)  49194K->27911K(60864K), 0.0019836 secs]
126.622: [GC (Allocation Failure)  49287K->28010K(60864K), 0.0013976 secs]
127.590: [GC (Allocation Failure)  49386K->28079K(60864K), 0.0023353 secs]
127.836: [GC (Allocation Failure)  49455K->28009K(60864K), 0.0015489 secs]
128.071: [GC (Allocation Failure)  49385K->28144K(60864K), 0.0012465 secs]
128.268: [GC (Allocation Failure)  49520K->28130K(60864K), 0.0012770 secs]
129.478: [GC (Allocation Failure)  49506K->28213K(60864K), 0.0017547 secs]
131.399: [GC (Allocation Failure)  49589K->28290K(60864K), 0.0017061 secs]
133.090: [GC (Allocation Failure)  49666K->28242K(60864K), 0.0015440 secs]
134.373: [GC (Allocation Failure)  49618K->28341K(60864K), 0.0027331 secs]
135.638: [GC (Allocation Failure)  49717K->28393K(60864K), 0.0017715 secs]
136.919: [GC (Allocation Failure)  49769K->28839K(60864K), 0.0017479 secs]
138.244: [GC (Allocation Failure)  50215K->28840K(60864K), 0.0025829 secs]
139.609: [GC (Allocation Failure)  50216K->28919K(60864K), 0.0028799 secs]
141.061: [GC (Allocation Failure)  50295K->28966K(60864K), 0.0019082 secs]
142.479: [GC (Allocation Failure)  50342K->29019K(60864K), 0.0029626 secs]
143.901: [GC (Allocation Failure)  50395K->29098K(60864K), 0.0027210 secs]
145.339: [GC (Allocation Failure)  50474K->29144K(60864K), 0.0034150 secs]
146.807: [GC (Allocation Failure)  50520K->29228K(60864K), 0.0019726 secs]
148.328: [GC (Allocation Failure)  50604K->29210K(60864K), 0.0031332 secs]
149.917: [GC (Allocation Failure)  50578K->29310K(60864K), 0.0019393 secs]
151.443: [GC (Allocation Failure)  50686K->29374K(60864K), 0.0020922 secs]
152.964: [GC (Allocation Failure)  50750K->29323K(60864K), 0.0029487 secs]
154.503: [GC (Allocation Failure)  50699K->29419K(60864K), 0.0020364 secs]
172.179: [GC (Allocation Failure)  50795K->29540K(60864K), 0.0012090 secs]
172.354: [GC (Allocation Failure)  50916K->29461K(60864K), 0.0013067 secs]
172.536: [GC (Allocation Failure)  50837K->29596K(60864K), 0.0012566 secs]
172.739: [GC (Allocation Failure)  50972K->29590K(60864K), 0.0010307 secs]
172.913: [GC (Allocation Failure)  50966K->29656K(60864K), 0.0011774 secs]
173.535: [GC (Allocation Failure)  51032K->29778K(60864K), 0.0012246 secs]
173.716: [GC (Allocation Failure)  51154K->29723K(60864K), 0.0011940 secs]
173.888: [GC (Allocation Failure)  51099K->29840K(60864K), 0.0011570 secs]
174.066: [GC (Allocation Failure)  51216K->29833K(60864K), 0.0012737 secs]
174.259: [GC (Allocation Failure)  51209K->29937K(60864K), 0.0012408 secs]
174.425: [GC (Allocation Failure)  51313K->29907K(60864K), 0.0011425 secs]
175.030: [GC (Allocation Failure)  51283K->30000K(60864K), 0.0012326 secs]
175.221: [GC (Allocation Failure)  51376K->30097K(60864K), 0.0012177 secs]
175.402: [GC (Allocation Failure)  51473K->30043K(60864K), 0.0011509 secs]
175.593: [GC (Allocation Failure)  51419K->30143K(60864K), 0.0012004 secs]
175.773: [GC (Allocation Failure)  51519K->30263K(60864K), 0.0011186 secs]
176.475: [GC (Allocation Failure)  51639K->30192K(60864K), 0.0012860 secs]
176.675: [GC (Allocation Failure)  51568K->30337K(60864K), 0.0012533 secs]
176.856: [GC (Allocation Failure)  51713K->30315K(60864K), 0.0011708 secs]
177.040: [GC (Allocation Failure)  51691K->30385K(60864K), 0.0013461 secs]
177.254: [GC (Allocation Failure)  51761K->30502K(60864K), 0.0012987 secs]
177.431: [GC (Allocation Failure)  51878K->30444K(60864K), 0.0011614 secs]
178.247: [GC (Allocation Failure)  51820K->30526K(60864K), 0.0011573 secs]
178.425: [GC (Allocation Failure)  51902K->30648K(60864K), 0.0011327 secs]
178.610: [GC (Allocation Failure)  52024K->30590K(60864K), 0.0012849 secs]
178.785: [GC (Allocation Failure)  51966K->30704K(60864K), 0.0012740 secs]
178.982: [GC (Allocation Failure)  52080K->30673K(60864K), 0.0010388 secs]
179.816: [GC (Allocation Failure)  52049K->30764K(60864K), 0.0009933 secs]
179.985: [GC (Allocation Failure)  52140K->30851K(60864K), 0.0010385 secs]
180.173: [GC (Allocation Failure)  52227K->30807K(60864K), 0.0011247 secs]
180.343: [GC (Allocation Failure)  52175K->30943K(60864K), 0.0008852 secs]
180.520: [GC (Allocation Failure)  52319K->31011K(60864K), 0.0012294 secs]
181.329: [GC (Allocation Failure)  52387K->30979K(60864K), 0.0018287 secs]
183.824: [GC (Allocation Failure)  52355K->31055K(60864K), 0.0027120 secs]
185.044: [GC (Allocation Failure)  52431K->31174K(60864K), 0.0019609 secs]
186.297: [GC (Allocation Failure)  52550K->31120K(60864K), 0.0027599 secs]
187.556: [GC (Allocation Failure)  52496K->31229K(60864K), 0.0018596 secs]
190.408: [GC (Allocation Failure)  52605K->31258K(60864K), 0.0027880 secs]
191.668: [GC (Allocation Failure)  52634K->31265K(60864K), 0.0026695 secs]
192.938: [GC (Allocation Failure)  52637K->31383K(60864K), 0.0023921 secs]
194.173: [GC (Allocation Failure)  52759K->31334K(60864K), 0.0024164 secs]
195.433: [GC (Allocation Failure)  52710K->31430K(60864K), 0.0027059 secs]
196.712: [GC (Allocation Failure)  52806K->31512K(60864K), 0.0027935 secs]
198.035: [GC (Allocation Failure)  52888K->31469K(60864K), 0.0029566 secs]
199.381: [GC (Allocation Failure)  52845K->31166K(60864K), 0.0019229 secs]
200.747: [GC (Allocation Failure)  52542K->31176K(60864K), 0.0020697 secs]
202.307: [GC (Allocation Failure)  52552K->31242K(60864K), 0.0014914 secs]
203.822: [GC (Allocation Failure)  52618K->31301K(60864K), 0.0021227 secs]
205.269: [GC (Allocation Failure)  52671K->31413K(60864K), 0.0014963 secs]
206.732: [GC (Allocation Failure)  52789K->31474K(60864K), 0.0026757 secs]
208.222: [GC (Allocation Failure)  52850K->31556K(60864K), 0.0026474 secs]
209.739: [GC (Allocation Failure)  52932K->31658K(60864K), 0.0022509 secs]
211.288: [GC (Allocation Failure)  53034K->31605K(60864K), 0.0029663 secs]
212.857: [GC (Allocation Failure)  52981K->31719K(60864K), 0.0030246 secs]
234.842: [GC (Allocation Failure)  53095K->31711K(60864K), 0.0012656 secs]
235.016: [GC (Allocation Failure)  53087K->31803K(60864K), 0.0011844 secs]
235.207: [GC (Allocation Failure)  53179K->31912K(60864K), 0.0011656 secs]
235.395: [GC (Allocation Failure)  53288K->31855K(60864K), 0.0012485 secs]
235.570: [GC (Allocation Failure)  53231K->31998K(60864K), 0.0012084 secs]
235.738: [GC (Allocation Failure)  53374K->31960K(60864K), 0.0011142 secs]
236.208: [GC (Allocation Failure)  53336K->32106K(60864K), 0.0012549 secs]
236.389: [GC (Allocation Failure)  53482K->32057K(60864K), 0.0012175 secs]
236.607: [GC (Allocation Failure)  53433K->32213K(60864K), 0.0012175 secs]
236.780: [GC (Allocation Failure)  53589K->32169K(60864K), 0.0012593 secs]
236.978: [GC (Allocation Failure)  53545K->32304K(60864K), 0.0011790 secs]
237.510: [GC (Allocation Failure)  53680K->32264K(60864K), 0.0010821 secs]
237.685: [GC (Allocation Failure)  53640K->32400K(60864K), 0.0011715 secs]
237.869: [GC (Allocation Failure)  53776K->32360K(60864K), 0.0013165 secs]
238.048: [GC (Allocation Failure)  53736K->32462K(60864K), 0.0012844 secs]
238.236: [GC (Allocation Failure)  53838K->32556K(60864K), 0.0012438 secs]
238.783: [GC (Allocation Failure)  53932K->32473K(60864K), 0.0011728 secs]
238.964: [GC (Allocation Failure)  53849K->32609K(60864K), 0.0011931 secs]
239.147: [GC (Allocation Failure)  53985K->32676K(60864K), 0.0013584 secs]
239.333: [GC (Allocation Failure)  54052K->32621K(60864K), 0.0012970 secs]
239.531: [GC (Allocation Failure)  53997K->32758K(60864K), 0.0012601 secs]
239.713: [GC (Allocation Failure)  54134K->32746K(60864K), 0.0011636 secs]
240.326: [GC (Allocation Failure)  54122K->32847K(60864K), 0.0011934 secs]
240.510: [GC (Allocation Failure)  54223K->32840K(60864K), 0.0011680 secs]
240.688: [GC (Allocation Failure)  54216K->32943K(60864K), 0.0011835 secs]
240.869: [GC (Allocation Failure)  54319K->32936K(60864K), 0.0012225 secs]
241.052: [GC (Allocation Failure)  54312K->33006K(60864K), 0.0012576 secs]
241.627: [GC (Allocation Failure)  54382K->33134K(60864K), 0.0012987 secs]
241.807: [GC (Allocation Failure)  54510K->33077K(60864K), 0.0012398 secs]
241.980: [GC (Allocation Failure)  54453K->33187K(60864K), 0.0012285 secs]
242.181: [GC (Allocation Failure)  54563K->33160K(60864K), 0.0012809 secs]
242.363: [GC (Allocation Failure)  54531K->33281K(60864K), 0.0012606 secs]
243.443: [GC (Allocation Failure)  54657K->33275K(60864K), 0.0020143 secs]
245.036: [GC (Allocation Failure)  54651K->33399K(60864K), 0.0018346 secs]
246.304: [GC (Allocation Failure)  54775K->33369K(60864K), 0.0018218 secs]
247.531: [GC (Allocation Failure)  54745K->54842K(60864K), 0.0081242 secs]
247.540: [Full GC (Allocation Failure)  54842K->20964K(60864K), 0.0961954 secs]
248.878: [GC (Allocation Failure)  42340K->21184K(60864K), 0.0009738 secs]
250.175: [GC (Allocation Failure)  42560K->21143K(60864K), 0.0010086 secs]
251.488: [GC (Allocation Failure)  42519K->21155K(60864K), 0.0023675 secs]
252.809: [GC (Allocation Failure)  42531K->21265K(60864K), 0.0013897 secs]
254.091: [GC (Allocation Failure)  42641K->21352K(60864K), 0.0013492 secs]
255.565: [GC (Allocation Failure)  42728K->21464K(60864K), 0.0013461 secs]
256.920: [GC (Allocation Failure)  42840K->21549K(60864K), 0.0024878 secs]
258.330: [GC (Allocation Failure)  42925K->21518K(60864K), 0.0018593 secs]
259.757: [GC (Allocation Failure)  42894K->21631K(60864K), 0.0019484 secs]
261.231: [GC (Allocation Failure)  43007K->21604K(60864K), 0.0028221 secs]
262.693: [GC (Allocation Failure)  42976K->21725K(60864K), 0.0019805 secs]
264.181: [GC (Allocation Failure)  43101K->21699K(60864K), 0.0029720 secs]
265.671: [GC (Allocation Failure)  43075K->21818K(60864K), 0.0030550 secs]
267.168: [GC (Allocation Failure)  43194K->21815K(60864K), 0.0020520 secs]
269.003: [GC (Allocation Failure)  43191K->21919K(60864K), 0.0020094 secs]
270.520: [GC (Allocation Failure)  43295K->21915K(60864K), 0.0029933 secs]
272.057: [GC (Allocation Failure)  43291K->22011K(60864K), 0.0029614 secs]
273.294: [GC (Allocation Failure)  43387K->22003K(60864K), 0.0016861 secs]
274.612: [GC (Allocation Failure)  43379K->22072K(60864K), 0.0029873 secs]
276.236: [GC (Allocation Failure)  43448K->22157K(60864K), 0.0029929 secs]
302.758: [GC (Allocation Failure)  43533K->22136K(60864K), 0.0013059 secs]
302.959: [GC (Allocation Failure)  43512K->22253K(60864K), 0.0012351 secs]
303.153: [GC (Allocation Failure)  43629K->22242K(60864K), 0.0012092 secs]
303.366: [GC (Allocation Failure)  43618K->22347K(60864K), 0.0012345 secs]
303.539: [GC (Allocation Failure)  43723K->22419K(60864K), 0.0011219 secs]
303.882: [GC (Allocation Failure)  43795K->22388K(60864K), 0.0010556 secs]
304.051: [GC (Allocation Failure)  43764K->22499K(60864K), 0.0011696 secs]
304.303: [GC (Allocation Failure)  43875K->22474K(60864K), 0.0020113 secs]
304.510: [GC (Allocation Failure)  43850K->22598K(60864K), 0.0015920 secs]
304.688: [GC (Allocation Failure)  43974K->22592K(60864K), 0.0011956 secs]
305.068: [GC (Allocation Failure)  43968K->22698K(60864K), 0.0011126 secs]
305.240: [GC (Allocation Failure)  44074K->22765K(60864K), 0.0010325 secs]
305.417: [GC (Allocation Failure)  44141K->22735K(60864K), 0.0011681 secs]
305.591: [GC (Allocation Failure)  44111K->22847K(60864K), 0.0010706 secs]
305.769: [GC (Allocation Failure)  44223K->22838K(60864K), 0.0012014 secs]
305.986: [GC (Allocation Failure)  44214K->22877K(60864K), 0.0127400 secs]
306.579: [GC (Allocation Failure)  44253K->23031K(60864K), 0.0022841 secs]
306.849: [GC (Allocation Failure)  44407K->22952K(60864K), 0.0020894 secs]
307.078: [GC (Allocation Failure)  44323K->23088K(60864K), 0.0012726 secs]
307.338: [GC (Allocation Failure)  44464K->23156K(60864K), 0.0013265 secs]
307.855: [GC (Allocation Failure)  44532K->23103K(60864K), 0.0020277 secs]
308.180: [GC (Allocation Failure)  44479K->23237K(60864K), 0.0013012 secs]
308.548: [GC (Allocation Failure)  44613K->23302K(60864K), 0.0021920 secs]
309.008: [GC (Allocation Failure)  44678K->23271K(60864K), 0.0017963 secs]
309.285: [GC (Allocation Failure)  44647K->23351K(60864K), 0.0009945 secs]
309.535: [GC (Allocation Failure)  44727K->23447K(60864K), 0.0008958 secs]
309.883: [GC (Allocation Failure)  44823K->23427K(60864K), 0.0009989 secs]
310.175: [GC (Allocation Failure)  44803K->23529K(60864K), 0.0018309 secs]
310.420: [GC (Allocation Failure)  44905K->23602K(60864K), 0.0012476 secs]
310.681: [GC (Allocation Failure)  44978K->23567K(60864K), 0.0013441 secs]
310.936: [GC (Allocation Failure)  44943K->23699K(60864K), 0.0012641 secs]
311.161: [GC (Allocation Failure)  45075K->23648K(60864K), 0.0019907 secs]
311.728: [GC (Allocation Failure)  45023K->23765K(60864K), 0.0016932 secs]
312.961: [GC (Allocation Failure)  45141K->23761K(60864K), 0.0016877 secs]
314.222: [GC (Allocation Failure)  45137K->23864K(60864K), 0.0014460 secs]
315.473: [GC (Allocation Failure)  45240K->23891K(60864K), 0.0024465 secs]
316.728: [GC (Allocation Failure)  45267K->23935K(60864K), 0.0026786 secs]
317.989: [GC (Allocation Failure)  45311K->24018K(60864K), 0.0028950 secs]
319.282: [GC (Allocation Failure)  45394K->23964K(60864K), 0.0023179 secs]
320.736: [GC (Allocation Failure)  45340K->24095K(60864K), 0.0023187 secs]
322.031: [GC (Allocation Failure)  45471K->24065K(60864K), 0.0025539 secs]
323.376: [GC (Allocation Failure)  45441K->24186K(60864K), 0.0027087 secs]
324.717: [GC (Allocation Failure)  45562K->24158K(60864K), 0.0025777 secs]
326.161: [GC (Allocation Failure)  45534K->24280K(60864K), 0.0029174 secs]
327.647: [GC (Allocation Failure)  45656K->24274K(60864K), 0.0027576 secs]
329.140: [GC (Allocation Failure)  45650K->24375K(60864K), 0.0029009 secs]
330.645: [GC (Allocation Failure)  45751K->24347K(60864K), 0.0028387 secs]
332.193: [GC (Allocation Failure)  45723K->24469K(60864K), 0.0030862 secs]
334.039: [GC (Allocation Failure)  45845K->24463K(60864K), 0.0028814 secs]
335.664: [GC (Allocation Failure)  45839K->24533K(60864K), 0.0021288 secs]
337.277: [GC (Allocation Failure)  45909K->24616K(60864K), 0.0028753 secs]
363.868: [GC (Allocation Failure)  45992K->24595K(60864K), 0.0012717 secs]
364.162: [GC (Allocation Failure)  45971K->24678K(60864K), 0.0045950 secs]
364.514: [GC (Allocation Failure)  46054K->24795K(60864K), 0.0021358 secs]
364.744: [GC (Allocation Failure)  46171K->24740K(60864K), 0.0010230 secs]
365.016: [GC (Allocation Failure)  46116K->24854K(60864K), 0.0010437 secs]
365.184: [GC (Allocation Failure)  46230K->24845K(60864K), 0.0010918 secs]
365.361: [GC (Allocation Failure)  46221K->24953K(60864K), 0.0010625 secs]
365.523: [GC (Allocation Failure)  46329K->24948K(60864K), 0.0010593 secs]
365.685: [GC (Allocation Failure)  46324K->25063K(60864K), 0.0010940 secs]
365.853: [GC (Allocation Failure)  46439K->25044K(60864K), 0.0010420 secs]
366.252: [GC (Allocation Failure)  46420K->25160K(60864K), 0.0010614 secs]
366.417: [GC (Allocation Failure)  46531K->25142K(60864K), 0.0010642 secs]
366.581: [GC (Allocation Failure)  46518K->25256K(60864K), 0.0010775 secs]
366.745: [GC (Allocation Failure)  46632K->25219K(60864K), 0.0010494 secs]
366.918: [GC (Allocation Failure)  46595K->25337K(60864K), 0.0010076 secs]
367.108: [GC (Allocation Failure)  46713K->25328K(60864K), 0.0012658 secs]
367.556: [GC (Allocation Failure)  46704K->25447K(60864K), 0.0011186 secs]
367.737: [GC (Allocation Failure)  46823K->25411K(60864K), 0.0012348 secs]
367.939: [GC (Allocation Failure)  46787K->25534K(60864K), 0.0011781 secs]
368.153: [GC (Allocation Failure)  46910K->25527K(60864K), 0.0012660 secs]
368.345: [GC (Allocation Failure)  46903K->25632K(60864K), 0.0012609 secs]
368.803: [GC (Allocation Failure)  47008K->25620K(60864K), 0.0011821 secs]
368.986: [GC (Allocation Failure)  46988K->25738K(60864K), 0.0011229 secs]
369.182: [GC (Allocation Failure)  47114K->25701K(60864K), 0.0012586 secs]
369.416: [GC (Allocation Failure)  47077K->25825K(60864K), 0.0013237 secs]
369.606: [GC (Allocation Failure)  47201K->25815K(60864K), 0.0011326 secs]
369.928: [GC (Allocation Failure)  47191K->25914K(60864K), 0.0012399 secs]
370.110: [GC (Allocation Failure)  47283K->25887K(60864K), 0.0019816 secs]
370.314: [GC (Allocation Failure)  47263K->26016K(60864K), 0.0011628 secs]
370.508: [GC (Allocation Failure)  47392K->26005K(60864K), 0.0012085 secs]
370.693: [GC (Allocation Failure)  47381K->26111K(60864K), 0.0011959 secs]
370.959: [GC (Allocation Failure)  47487K->26104K(60864K), 0.0012146 secs]
371.311: [GC (Allocation Failure)  47480K->26208K(60864K), 0.0016359 secs]
372.520: [GC (Allocation Failure)  47584K->26282K(60864K), 0.0016347 secs]
373.733: [GC (Allocation Failure)  47658K->26260K(60864K), 0.0016862 secs]
374.975: [GC (Allocation Failure)  47636K->26334K(60864K), 0.0025172 secs]
376.231: [GC (Allocation Failure)  47710K->26366K(60864K), 0.0023963 secs]
377.493: [GC (Allocation Failure)  47742K->26418K(60864K), 0.0014201 secs]
378.751: [GC (Allocation Failure)  47794K->26508K(60864K), 0.0018729 secs]
379.992: [GC (Allocation Failure)  47884K->26430K(60864K), 0.0021120 secs]
381.292: [GC (Allocation Failure)  47806K->26549K(60864K), 0.0021313 secs]
382.540: [GC (Allocation Failure)  47925K->26666K(60864K), 0.0010202 secs]
383.893: [GC (Allocation Failure)  48042K->26615K(60864K), 0.0012322 secs]
384.968: [GC (Allocation Failure)  47991K->26690K(60864K), 0.0016409 secs]
386.080: [GC (Allocation Failure)  48066K->26772K(60864K), 0.0016355 secs]
387.186: [GC (Allocation Failure)  48148K->26729K(60864K), 0.0011132 secs]
388.322: [GC (Allocation Failure)  48105K->26830K(60864K), 0.0016655 secs]
389.466: [GC (Allocation Failure)  48206K->26948K(60864K), 0.0017149 secs]
390.643: [GC (Allocation Failure)  48324K->26870K(60864K), 0.0016757 secs]
391.806: [GC (Allocation Failure)  48246K->27004K(60864K), 0.0016309 secs]
393.016: [GC (Allocation Failure)  48380K->26975K(60864K), 0.0016904 secs]
394.377: [GC (Allocation Failure)  48351K->27064K(60864K), 0.0028585 secs]
395.985: [GC (Allocation Failure)  48440K->27149K(60864K), 0.0028441 secs]
397.596: [GC (Allocation Failure)  48525K->27129K(60864K), 0.0029454 secs]
422.708: [GC (Allocation Failure)  48505K->27241K(60864K), 0.0012393 secs]
422.943: [GC (Allocation Failure)  48617K->27235K(60864K), 0.0014776 secs]
423.159: [GC (Allocation Failure)  48611K->27340K(60864K), 0.0011929 secs]
423.496: [GC (Allocation Failure)  48716K->27331K(60864K), 0.0013268 secs]
423.993: [GC (Allocation Failure)  48707K->27437K(60864K), 0.0013473 secs]
424.247: [GC (Allocation Failure)  48813K->27429K(60864K), 0.0012929 secs]
424.510: [GC (Allocation Failure)  48805K->27550K(60864K), 0.0015921 secs]
424.757: [GC (Allocation Failure)  48926K->27521K(60864K), 0.0012475 secs]
425.261: [GC (Allocation Failure)  48897K->27633K(60864K), 0.0013853 secs]
425.654: [GC (Allocation Failure)  49009K->27626K(60864K), 0.0014609 secs]
426.209: [GC (Allocation Failure)  49002K->27726K(60864K), 0.0012690 secs]
426.478: [GC (Allocation Failure)  49102K->27720K(60864K), 0.0013140 secs]
426.730: [GC (Allocation Failure)  49096K->27789K(60864K), 0.0015306 secs]
427.018: [GC (Allocation Failure)  49165K->27876K(60864K), 0.0011541 secs]
427.480: [GC (Allocation Failure)  49252K->27854K(60864K), 0.0014117 secs]
427.716: [GC (Allocation Failure)  49230K->27973K(60864K), 0.0018868 secs]
427.988: [GC (Allocation Failure)  49349K->27965K(60864K), 0.0014000 secs]
428.230: [GC (Allocation Failure)  49339K->28069K(60864K), 0.0012855 secs]
428.713: [GC (Allocation Failure)  49445K->28061K(60864K), 0.0012643 secs]
428.965: [GC (Allocation Failure)  49437K->28161K(60864K), 0.0013584 secs]
429.198: [GC (Allocation Failure)  49537K->28155K(60864K), 0.0019606 secs]
429.439: [GC (Allocation Failure)  49531K->28258K(60864K), 0.0013159 secs]
429.773: [GC (Allocation Failure)  49634K->28251K(60864K), 0.0032893 secs]
430.025: [GC (Allocation Failure)  49627K->28324K(60864K), 0.0012670 secs]
430.272: [GC (Allocation Failure)  49700K->28446K(60864K), 0.0020821 secs]
430.542: [GC (Allocation Failure)  49822K->28069K(60864K), 0.0015350 secs]
430.840: [GC (Allocation Failure)  49445K->28007K(60864K), 0.0007859 secs]
431.076: [GC (Allocation Failure)  49383K->28063K(60864K), 0.0008892 secs]
431.320: [GC (Allocation Failure)  49439K->28139K(60864K), 0.0018163 secs]
431.591: [GC (Allocation Failure)  49515K->28221K(60864K), 0.0010334 secs]
431.861: [GC (Allocation Failure)  49597K->28321K(60864K), 0.0011332 secs]
432.089: [GC (Allocation Failure)  49697K->28375K(60864K), 0.0018713 secs]
433.021: [GC (Allocation Failure)  49751K->28508K(60864K), 0.0026892 secs]
434.328: [GC (Allocation Failure)  49884K->28433K(60864K), 0.0027379 secs]
435.665: [GC (Allocation Failure)  49809K->28560K(60864K), 0.0033727 secs]
437.031: [GC (Allocation Failure)  49936K->28550K(60864K), 0.0026249 secs]
438.404: [GC (Allocation Failure)  49926K->28679K(60864K), 0.0025075 secs]
439.807: [GC (Allocation Failure)  50055K->28642K(60864K), 0.0018488 secs]
441.196: [GC (Allocation Failure)  50018K->28717K(60864K), 0.0021402 secs]
442.572: [GC (Allocation Failure)  50093K->28833K(60864K), 0.0026254 secs]
444.025: [GC (Allocation Failure)  50209K->28777K(60864K), 0.0024292 secs]
445.483: [GC (Allocation Failure)  50147K->28888K(60864K), 0.0016597 secs]
446.970: [GC (Allocation Failure)  50264K->28840K(60864K), 0.0026456 secs]
448.473: [GC (Allocation Failure)  50216K->28948K(60864K), 0.0025851 secs]
450.010: [GC (Allocation Failure)  50324K->29032K(60864K), 0.0027694 secs]
451.540: [GC (Allocation Failure)  50408K->29011K(60864K), 0.0019615 secs]
453.085: [GC (Allocation Failure)  50382K->29150K(60864K), 0.0020351 secs]
454.650: [GC (Allocation Failure)  50526K->29105K(60864K), 0.0030658 secs]
456.263: [GC (Allocation Failure)  50481K->29223K(60864K), 0.0019758 secs]
457.848: [GC (Allocation Failure)  50599K->29286K(60864K), 0.0016666 secs]
463.286: [GC (Allocation Failure)  50654K->29257K(60864K), 0.0011674 secs]
463.496: [GC (Allocation Failure)  50633K->29346K(60864K), 0.0009708 secs]
463.700: [GC (Allocation Failure)  50722K->29418K(60864K), 0.0008454 secs]
463.940: [GC (Allocation Failure)  50794K->29398K(60864K), 0.0008894 secs]
464.162: [GC (Allocation Failure)  50774K->29479K(60864K), 0.0010286 secs]
486.233: [GC (Allocation Failure)  50855K->29600K(60864K), 0.0018721 secs]
486.472: [GC (Allocation Failure)  50976K->29517K(60864K), 0.0020032 secs]
486.716: [GC (Allocation Failure)  50886K->29653K(60864K), 0.0012954 secs]
486.973: [GC (Allocation Failure)  51029K->29649K(60864K), 0.0013703 secs]
487.342: [GC (Allocation Failure)  51025K->29752K(60864K), 0.0014479 secs]
487.591: [GC (Allocation Failure)  51128K->29722K(60864K), 0.0022038 secs]
487.862: [GC (Allocation Failure)  51098K->29845K(60864K), 0.0015490 secs]
488.117: [GC (Allocation Failure)  51221K->29840K(60864K), 0.0013599 secs]
488.507: [GC (Allocation Failure)  51211K->29956K(60864K), 0.0021908 secs]
488.751: [GC (Allocation Failure)  51332K->29926K(60864K), 0.0013512 secs]
488.990: [GC (Allocation Failure)  51302K->30010K(60864K), 0.0012823 secs]
489.223: [GC (Allocation Failure)  51386K->30127K(60864K), 0.0020331 secs]
489.618: [GC (Allocation Failure)  51503K->30068K(60864K), 0.0021136 secs]
489.869: [GC (Allocation Failure)  51444K->30182K(60864K), 0.0013120 secs]
490.123: [GC (Allocation Failure)  51558K->30174K(60864K), 0.0019681 secs]
490.372: [GC (Allocation Failure)  51550K->30293K(60864K), 0.0014650 secs]
490.650: [GC (Allocation Failure)  51669K->30275K(60864K), 0.0014627 secs]
490.911: [GC (Allocation Failure)  51651K->30357K(60864K), 0.0020011 secs]
491.187: [GC (Allocation Failure)  51725K->30470K(60864K), 0.0013288 secs]
491.434: [GC (Allocation Failure)  51844K->30390K(60864K), 0.0013236 secs]
491.717: [GC (Allocation Failure)  51766K->30538K(60864K), 0.0014129 secs]
491.971: [GC (Allocation Failure)  51914K->30506K(60864K), 0.0013362 secs]
492.226: [GC (Allocation Failure)  51882K->30588K(60864K), 0.0014848 secs]
492.497: [GC (Allocation Failure)  51964K->30694K(60864K), 0.0021304 secs]
492.772: [GC (Allocation Failure)  52070K->30655K(60864K), 0.0011932 secs]
493.005: [GC (Allocation Failure)  52031K->30790K(60864K), 0.0012751 secs]
493.252: [GC (Allocation Failure)  52166K->30728K(60864K), 0.0013117 secs]
493.821: [GC (Allocation Failure)  52104K->30859K(60864K), 0.0012983 secs]
496.350: [GC (Allocation Failure)  52235K->30849K(60864K), 0.0012769 secs]
496.571: [GC (Allocation Failure)  52225K->30955K(60864K), 0.0013177 secs]
496.825: [GC (Allocation Failure)  52331K->30923K(60864K), 0.0012891 secs]
497.063: [GC (Allocation Failure)  52299K->31046K(60864K), 0.0021991 secs]
497.278: [GC (Allocation Failure)  52422K->31068K(60864K), 0.0012530 secs]
498.390: [GC (Allocation Failure)  52444K->31122K(60864K), 0.0016319 secs]
499.614: [GC (Allocation Failure)  52496K->31222K(60864K), 0.0016694 secs]
500.849: [GC (Allocation Failure)  52598K->31186K(60864K), 0.0025822 secs]
502.087: [GC (Allocation Failure)  52562K->31254K(60864K), 0.0024531 secs]
503.366: [GC (Allocation Failure)  52630K->31371K(60864K), 0.0022030 secs]
504.630: [GC (Allocation Failure)  52747K->31317K(60864K), 0.0017448 secs]
505.918: [GC (Allocation Failure)  52693K->31431K(60864K), 0.0022035 secs]
507.208: [GC (Allocation Failure)  52807K->31399K(60864K), 0.0017114 secs]
508.543: [GC (Allocation Failure)  52775K->31523K(60864K), 0.0017322 secs]
509.856: [GC (Allocation Failure)  52899K->31588K(60864K), 0.0016735 secs]
511.184: [GC (Allocation Failure)  52964K->31557K(60864K), 0.0025373 secs]
512.520: [GC (Allocation Failure)  52933K->31663K(60864K), 0.0018018 secs]
513.934: [GC (Allocation Failure)  53039K->31655K(60864K), 0.0016381 secs]
515.358: [GC (Allocation Failure)  53031K->31757K(60864K), 0.0017892 secs]
516.862: [GC (Allocation Failure)  53133K->31705K(60864K), 0.0028531 secs]
518.337: [GC (Allocation Failure)  53081K->31853K(60864K), 0.0015425 secs]
519.869: [GC (Allocation Failure)  53229K->31843K(60864K), 0.0027062 secs]
521.389: [GC (Allocation Failure)  53219K->31917K(60864K), 0.0018359 secs]
543.853: [GC (Allocation Failure)  53293K->32036K(60864K), 0.0014635 secs]
544.089: [GC (Allocation Failure)  53412K->31982K(60864K), 0.0015546 secs]
544.296: [GC (Allocation Failure)  53358K->32094K(60864K), 0.0014371 secs]
544.500: [GC (Allocation Failure)  53466K->32089K(60864K), 0.0012572 secs]
544.918: [GC (Allocation Failure)  53457K->32194K(60864K), 0.0018530 secs]
545.129: [GC (Allocation Failure)  53570K->32185K(60864K), 0.0012657 secs]
545.327: [GC (Allocation Failure)  53561K->32290K(60864K), 0.0012371 secs]
545.533: [GC (Allocation Failure)  53666K->32318K(60864K), 0.0019078 secs]
545.741: [GC (Allocation Failure)  53694K->32398K(60864K), 0.0010661 secs]
546.204: [GC (Allocation Failure)  53774K->32348K(60864K), 0.0009730 secs]
546.403: [GC (Allocation Failure)  53724K->32477K(60864K), 0.0015028 secs]
546.613: [GC (Allocation Failure)  53853K->32546K(60864K), 0.0009374 secs]
546.814: [GC (Allocation Failure)  53922K->32471K(60864K), 0.0011199 secs]
547.029: [GC (Allocation Failure)  53841K->32629K(60864K), 0.0018435 secs]
547.530: [GC (Allocation Failure)  54005K->32621K(60864K), 0.0012501 secs]
547.750: [GC (Allocation Failure)  53995K->32722K(60864K), 0.0012832 secs]
547.984: [GC (Allocation Failure)  54098K->32751K(60864K), 0.0012620 secs]
548.193: [GC (Allocation Failure)  54126K->32834K(60864K), 0.0012832 secs]
548.707: [GC (Allocation Failure)  54210K->32808K(60864K), 0.0011448 secs]
548.919: [GC (Allocation Failure)  54184K->32916K(60864K), 0.0013365 secs]
549.172: [GC (Allocation Failure)  54287K->32930K(60864K), 0.0025639 secs]
549.433: [GC (Allocation Failure)  54299K->33014K(60864K), 0.0020540 secs]
549.664: [GC (Allocation Failure)  54390K->33006K(60864K), 0.0012680 secs]
550.190: [GC (Allocation Failure)  54382K->33137K(60864K), 0.0020977 secs]
550.422: [GC (Allocation Failure)  54513K->33099K(60864K), 0.0019027 secs]
550.652: [GC (Allocation Failure)  54475K->33202K(60864K), 0.0013334 secs]
550.862: [GC (Allocation Failure)  54578K->33195K(60864K), 0.0013316 secs]
551.547: [GC (Allocation Failure)  54571K->33297K(60864K), 0.0012982 secs]
551.789: [GC (Allocation Failure)  54673K->33289K(60864K), 0.0012877 secs]
552.039: [GC (Allocation Failure)  54665K->33390K(60864K), 0.0012884 secs]
552.255: [GC (Allocation Failure)  54766K->33485K(60864K), 0.0014461 secs]
552.671: [GC (Allocation Failure)  54861K->33428K(60864K), 0.0012830 secs]
553.857: [GC (Allocation Failure)  54804K->33542K(60864K), 0.0017180 secs]
555.115: [GC (Allocation Failure)  54918K->33607K(60864K), 0.0026285 secs]
556.353: [GC (Allocation Failure)  54983K->33586K(60864K), 0.0027527 secs]
557.651: [GC (Allocation Failure)  54962K->33685K(60864K), 0.0025817 secs]
558.991: [GC (Allocation Failure)  55061K->33631K(60864K), 0.0025203 secs]
560.277: [GC (Allocation Failure)  55007K->33775K(60864K), 0.0025998 secs]
561.604: [GC (Allocation Failure)  55151K->33767K(60864K), 0.0026278 secs]
562.988: [GC (Allocation Failure)  55141K->33841K(60864K), 0.0018336 secs]
564.417: [GC (Allocation Failure)  55217K->33927K(60864K), 0.0018244 secs]
565.795: [GC (Allocation Failure)  55303K->33905K(60864K), 0.0025664 secs]
567.157: [GC (Allocation Failure)  55281K->33984K(60864K), 0.0024110 secs]
568.527: [GC (Allocation Failure)  55360K->34099K(60864K), 0.0017242 secs]
569.961: [GC (Allocation Failure)  55472K->34051K(60864K), 0.0018412 secs]
571.389: [GC (Allocation Failure)  55427K->34061K(60864K), 0.0024292 secs]
572.882: [GC (Allocation Failure)  55437K->34203K(60864K), 0.0024931 secs]
574.380: [GC (Allocation Failure)  55579K->34159K(60864K), 0.0028460 secs]
575.927: [GC (Allocation Failure)  55535K->34292K(60864K), 0.0029213 secs]
577.443: [GC (Allocation Failure)  55668K->34332K(60864K), 0.0026899 secs]
578.983: [GC (Allocation Failure)  55708K->34286K(60864K), 0.0027219 secs]
602.247: [GC (Allocation Failure)  55662K->34436K(60864K), 0.0012989 secs]
602.248: [GC (CMS Initial Mark)  34522K(60864K), 0.0005360 secs]
602.275: [GC (CMS Final Remark)  36135K(60864K), 0.0172940 secs]
602.530: [GC (Allocation Failure)  46687K->25377K(60864K), 0.0012947 secs]
602.777: [GC (Allocation Failure)  46753K->25323K(60864K), 0.0021239 secs]
603.018: [GC (Allocation Failure)  46699K->25456K(60864K), 0.0016663 secs]
603.431: [GC (Allocation Failure)  46832K->25548K(60864K), 0.0012930 secs]
603.683: [GC (Allocation Failure)  46924K->25492K(60864K), 0.0022528 secs]
603.927: [GC (Allocation Failure)  46868K->25608K(60864K), 0.0012658 secs]
604.201: [GC (Allocation Failure)  46984K->25596K(60864K), 0.0022673 secs]
604.640: [GC (Allocation Failure)  46972K->25714K(60864K), 0.0011887 secs]
604.880: [GC (Allocation Failure)  47090K->25696K(60864K), 0.0013149 secs]
605.136: [GC (Allocation Failure)  47072K->25761K(60864K), 0.0020842 secs]
605.390: [GC (Allocation Failure)  47137K->25918K(60864K), 0.0017333 secs]
605.876: [GC (Allocation Failure)  47294K->25830K(60864K), 0.0013508 secs]
606.118: [GC (Allocation Failure)  47206K->25958K(60864K), 0.0021526 secs]
606.320: [GC (Allocation Failure)  47334K->25919K(60864K), 0.0012410 secs]
606.543: [GC (Allocation Failure)  47288K->25973K(60864K), 0.0014686 secs]
607.083: [GC (Allocation Failure)  47349K->26105K(60864K), 0.0012589 secs]
607.296: [GC (Allocation Failure)  47481K->26073K(60864K), 0.0018554 secs]
607.500: [GC (Allocation Failure)  47449K->26165K(60864K), 0.0012075 secs]
607.746: [GC (Allocation Failure)  47541K->26275K(60864K), 0.0013317 secs]
608.032: [GC (Allocation Failure)  47651K->26214K(60864K), 0.0012982 secs]
608.539: [GC (Allocation Failure)  47590K->26330K(60864K), 0.0010820 secs]
608.747: [GC (Allocation Failure)  47706K->26299K(60864K), 0.0009136 secs]
608.998: [GC (Allocation Failure)  47674K->26437K(60864K), 0.0009397 secs]
609.259: [GC (Allocation Failure)  47813K->26378K(60864K), 0.0016492 secs]
609.890: [GC (Allocation Failure)  47754K->26518K(60864K), 0.0012810 secs]
610.136: [GC (Allocation Failure)  47894K->26514K(60864K), 0.0010921 secs]
610.363: [GC (Allocation Failure)  47890K->26617K(60864K), 0.0012398 secs]
610.608: [GC (Allocation Failure)  47993K->26682K(60864K), 0.0012744 secs]
611.048: [GC (Allocation Failure)  48058K->26649K(60864K), 0.0019804 secs]
611.303: [GC (Allocation Failure)  48025K->26775K(60864K), 0.0011669 secs]
611.512: [GC (Allocation Failure)  48151K->26755K(60864K), 0.0019666 secs]
612.251: [GC (Allocation Failure)  48131K->26820K(60864K), 0.0014852 secs]
613.346: [GC (Allocation Failure)  48196K->26941K(60864K), 0.0014418 secs]
614.597: [GC (Allocation Failure)  48317K->26831K(60864K), 0.0035099 secs]
