Java HotSpot(TM) 64-Bit Server VM (25.191-b12) for bsd-amd64 JRE (1.8.0_191-b12), built on Oct  6 2018 08:37:07 by "java_re" with gcc 4.2.1 (Based on Apple Inc. build 5658) (LLVM build 2336.11.00)
Memory: 4k page, physical 16777216k(1260240k free)

/proc/meminfo:

CommandLine flags: -XX:-BytecodeVerificationLocal -XX:-BytecodeVerificationRemote -XX:InitialHeapSize=104857600 -XX:+ManagementServer -XX:MaxHeapSize=104857600 -XX:MaxNewSize=41943040 -XX:MaxTenuringThreshold=6 -XX:NewSize=41943040 -XX:OldPLABSize=16 -XX:+PrintGC -XX:+PrintGCTimeStamps -XX:ThreadStackSize=256 -XX:TieredStopAtLevel=1 -XX:+UseCompressedClassPointers -XX:+UseCompressedOops -XX:+UseConcMarkSweepGC -XX:+UseParNewGC 
0.602: [GC (Allocation Failure)  32768K->3941K(98304K), 0.0040091 secs]
0.834: [GC (Allocation Failure)  36709K->6559K(98304K), 0.0123685 secs]
0.999: [GC (Allocation Failure)  39327K->6840K(98304K), 0.0023879 secs]
1.151: [GC (Allocation Failure)  39608K->7416K(98304K), 0.0031272 secs]
1.348: [GC (Allocation Failure)  40184K->8638K(98304K), 0.0033202 secs]
1.575: [GC (Allocation Failure)  41406K->9389K(98304K), 0.0033789 secs]
1.579: [GC (CMS Initial Mark)  9961K(98304K), 0.0005964 secs]
1.587: [GC (CMS Final Remark)  11104K(98304K), 0.0065661 secs]
1.852: [GC (Allocation Failure)  41882K->10803K(98304K), 0.0039800 secs]
2.033: [GC (Allocation Failure)  43571K->10995K(98304K), 0.0027869 secs]
2.252: [GC (Allocation Failure)  43763K->15684K(98304K), 0.0046528 secs]
2.481: [GC (Allocation Failure)  48452K->19126K(98304K), 0.0065431 secs]
2.671: [GC (Allocation Failure)  51894K->19113K(98304K), 0.0020989 secs]
2.818: [GC (Allocation Failure)  51881K->20548K(98304K), 0.0041317 secs]
2.949: [GC (Allocation Failure)  53316K->22445K(98304K), 0.0052667 secs]
3.128: [GC (Allocation Failure)  55213K->23861K(98304K), 0.0043076 secs]
3.364: [GC (Allocation Failure)  56629K->25277K(98304K), 0.0047003 secs]
3.481: [GC (Allocation Failure)  58045K->25844K(98304K), 0.0031952 secs]
13.710: [GC (Allocation Failure)  58612K->27158K(98304K), 0.0047502 secs]
14.435: [GC (Allocation Failure)  59926K->27103K(98304K), 0.0032102 secs]
14.438: [GC (CMS Initial Mark)  27293K(98304K), 0.0006665 secs]
14.864: [GC (CMS Final Remark)  51406K(98304K), 0.0157958 secs]
15.043: [GC (Allocation Failure)  55601K->21816K(98304K), 0.0013103 secs]
15.536: [GC (Allocation Failure)  54584K->22158K(98304K), 0.0014110 secs]
15.908: [GC (Allocation Failure)  54926K->21741K(98304K), 0.0015487 secs]
16.254: [GC (Allocation Failure)  54509K->22302K(98304K), 0.0021302 secs]
16.657: [GC (Allocation Failure)  55070K->22342K(98304K), 0.0029085 secs]
17.090: [GC (Allocation Failure)  55110K->22130K(98304K), 0.0024691 secs]
17.592: [GC (Allocation Failure)  54898K->21889K(98304K), 0.0014713 secs]
17.948: [GC (Allocation Failure)  54657K->22135K(98304K), 0.0015482 secs]
18.355: [GC (Allocation Failure)  54903K->22271K(98304K), 0.0017458 secs]
18.762: [GC (Allocation Failure)  55039K->22450K(98304K), 0.0015795 secs]
19.156: [GC (Allocation Failure)  55218K->22507K(98304K), 0.0017412 secs]
19.682: [GC (Allocation Failure)  55275K->22634K(98304K), 0.0014137 secs]
20.076: [GC (Allocation Failure)  55402K->22473K(98304K), 0.0014858 secs]
20.456: [GC (Allocation Failure)  55241K->22637K(98304K), 0.0013446 secs]
20.862: [GC (Allocation Failure)  55405K->22874K(98304K), 0.0017464 secs]
21.199: [GC (Allocation Failure)  55642K->22666K(98304K), 0.0014033 secs]
21.580: [GC (Allocation Failure)  55434K->22911K(98304K), 0.0014329 secs]
21.958: [GC (Allocation Failure)  55679K->23044K(98304K), 0.0013677 secs]
22.365: [GC (Allocation Failure)  55812K->22934K(98304K), 0.0014364 secs]
22.779: [GC (Allocation Failure)  55702K->23127K(98304K), 0.0014431 secs]
24.409: [GC (Allocation Failure)  55893K->23257K(98304K), 0.0018317 secs]
26.176: [GC (Allocation Failure)  56025K->23188K(98304K), 0.0017422 secs]
28.002: [GC (Allocation Failure)  55956K->23407K(98304K), 0.0018539 secs]
29.915: [GC (Allocation Failure)  56175K->23251K(98304K), 0.0030271 secs]
31.826: [GC (Allocation Failure)  56019K->23582K(98304K), 0.0033491 secs]
33.821: [GC (Allocation Failure)  56350K->23521K(98304K), 0.0023496 secs]
35.903: [GC (Allocation Failure)  56289K->23749K(98304K), 0.0028718 secs]
37.966: [GC (Allocation Failure)  56517K->23879K(98304K), 0.0027360 secs]
40.128: [GC (Allocation Failure)  56647K->23745K(98304K), 0.0019927 secs]
42.286: [GC (Allocation Failure)  56513K->23976K(98304K), 0.0029148 secs]
44.494: [GC (Allocation Failure)  56744K->23993K(98304K), 0.0019615 secs]
46.687: [GC (Allocation Failure)  56758K->24034K(98304K), 0.0024163 secs]
49.076: [GC (Allocation Failure)  56802K->24159K(98304K), 0.0018162 secs]
71.968: [GC (Allocation Failure)  56927K->24401K(98304K), 0.0022015 secs]
72.367: [GC (Allocation Failure)  57169K->24339K(98304K), 0.0025758 secs]
72.703: [GC (Allocation Failure)  57107K->24511K(98304K), 0.0024053 secs]
73.468: [GC (Allocation Failure)  57279K->24484K(98304K), 0.0025606 secs]
73.808: [GC (Allocation Failure)  57252K->24658K(98304K), 0.0015512 secs]
74.084: [GC (Allocation Failure)  57426K->24628K(98304K), 0.0015498 secs]
74.585: [GC (Allocation Failure)  57396K->24838K(98304K), 0.0011525 secs]
74.905: [GC (Allocation Failure)  57606K->24916K(98304K), 0.0016355 secs]
75.205: [GC (Allocation Failure)  57684K->25000K(98304K), 0.0011092 secs]
75.760: [GC (Allocation Failure)  57768K->25137K(98304K), 0.0012127 secs]
76.027: [GC (Allocation Failure)  57905K->25211K(98304K), 0.0012740 secs]
76.323: [GC (Allocation Failure)  57979K->25283K(98304K), 0.0012694 secs]
76.591: [GC (Allocation Failure)  58051K->25298K(98304K), 0.0013285 secs]
77.165: [GC (Allocation Failure)  58066K->25428K(98304K), 0.0015156 secs]
77.444: [GC (Allocation Failure)  58196K->25564K(98304K), 0.0014885 secs]
77.723: [GC (Allocation Failure)  58332K->25480K(98304K), 0.0017874 secs]
78.640: [GC (Allocation Failure)  58248K->25683K(98304K), 0.0018561 secs]
79.218: [GC (Allocation Failure)  58446K->25669K(98304K), 0.0027254 secs]
80.075: [GC (Allocation Failure)  58437K->25894K(98304K), 0.0016549 secs]
80.441: [GC (Allocation Failure)  58662K->25855K(98304K), 0.0018387 secs]
80.783: [GC (Allocation Failure)  58623K->26041K(98304K), 0.0017216 secs]
82.197: [GC (Allocation Failure)  58809K->25972K(98304K), 0.0022762 secs]
83.909: [GC (Allocation Failure)  58740K->26119K(98304K), 0.0021659 secs]
85.771: [GC (Allocation Failure)  58887K->26077K(98304K), 0.0023517 secs]
87.640: [GC (Allocation Failure)  58845K->26217K(98304K), 0.0019447 secs]
89.542: [GC (Allocation Failure)  58985K->26344K(98304K), 0.0028772 secs]
91.432: [GC (Allocation Failure)  59112K->26555K(98304K), 0.0028356 secs]
93.479: [GC (Allocation Failure)  59323K->26761K(98304K), 0.0032389 secs]
95.556: [GC (Allocation Failure)  59529K->26619K(98304K), 0.0022452 secs]
97.606: [GC (Allocation Failure)  59387K->26754K(98304K), 0.0023870 secs]
99.727: [GC (Allocation Failure)  59522K->26880K(98304K), 0.0029446 secs]
101.889: [GC (Allocation Failure)  59648K->27022K(98304K), 0.0017106 secs]
104.157: [GC (Allocation Failure)  59790K->27094K(98304K), 0.0017480 secs]
106.335: [GC (Allocation Failure)  59862K->27224K(98304K), 0.0030667 secs]
130.637: [GC (Allocation Failure)  59992K->27144K(98304K), 0.0016866 secs]
130.996: [GC (Allocation Failure)  59912K->27363K(98304K), 0.0023254 secs]
131.411: [GC (Allocation Failure)  60131K->27316K(98304K), 0.0018593 secs]
132.091: [GC (Allocation Failure)  60083K->27448K(98304K), 0.0024400 secs]
132.526: [GC (Allocation Failure)  60216K->27534K(98304K), 0.0019318 secs]
133.149: [GC (Allocation Failure)  60302K->27670K(98304K), 0.0017151 secs]
133.512: [GC (Allocation Failure)  60438K->27623K(98304K), 0.0018806 secs]
133.869: [GC (Allocation Failure)  60384K->27748K(98304K), 0.0018558 secs]
134.556: [GC (Allocation Failure)  60516K->27877K(98304K), 0.0017951 secs]
134.931: [GC (Allocation Failure)  60645K->27842K(98304K), 0.0017099 secs]
135.262: [GC (Allocation Failure)  60610K->28014K(98304K), 0.0020064 secs]
135.871: [GC (Allocation Failure)  60779K->27967K(98304K), 0.0022635 secs]
136.214: [GC (Allocation Failure)  60735K->28163K(98304K), 0.0019150 secs]
136.571: [GC (Allocation Failure)  60931K->28149K(98304K), 0.0019003 secs]
137.283: [GC (Allocation Failure)  60917K->28318K(98304K), 0.0018337 secs]
137.707: [GC (Allocation Failure)  61086K->28300K(98304K), 0.0018572 secs]
138.441: [GC (Allocation Failure)  61068K->28454K(98304K), 0.0019971 secs]
138.793: [GC (Allocation Failure)  61214K->28442K(98304K), 0.0022514 secs]
139.146: [GC (Allocation Failure)  61210K->28559K(98304K), 0.0016886 secs]
139.597: [GC (Allocation Failure)  61327K->28739K(98304K), 0.0023049 secs]
139.944: [GC (Allocation Failure)  61507K->28651K(98304K), 0.0017499 secs]
140.985: [GC (Allocation Failure)  61419K->28770K(98304K), 0.0023891 secs]
142.808: [GC (Allocation Failure)  61538K->28843K(98304K), 0.0020749 secs]
144.559: [GC (Allocation Failure)  61605K->29347K(98304K), 0.0027439 secs]
146.337: [GC (Allocation Failure)  62115K->29259K(98304K), 0.0028178 secs]
148.180: [GC (Allocation Failure)  62027K->29331K(98304K), 0.0021460 secs]
150.053: [GC (Allocation Failure)  62099K->29402K(98304K), 0.0018994 secs]
151.972: [GC (Allocation Failure)  62170K->29651K(98304K), 0.0021226 secs]
153.951: [GC (Allocation Failure)  62419K->29657K(98304K), 0.0032505 secs]
156.009: [GC (Allocation Failure)  62425K->29779K(98304K), 0.0026422 secs]
157.971: [GC (Allocation Failure)  62547K->29857K(98304K), 0.0027994 secs]
160.161: [GC (Allocation Failure)  62625K->29929K(98304K), 0.0034237 secs]
162.436: [GC (Allocation Failure)  62697K->30056K(98304K), 0.0025291 secs]
164.777: [GC (Allocation Failure)  62824K->29977K(98304K), 0.0021768 secs]
192.559: [GC (Allocation Failure)  62745K->30129K(98304K), 0.0023363 secs]
192.978: [GC (Allocation Failure)  62897K->30203K(98304K), 0.0026234 secs]
193.490: [GC (Allocation Failure)  62970K->30349K(98304K), 0.0025535 secs]
193.882: [GC (Allocation Failure)  63113K->30280K(98304K), 0.0012860 secs]
194.280: [GC (Allocation Failure)  63048K->30492K(98304K), 0.0021317 secs]
194.820: [GC (Allocation Failure)  63260K->30402K(98304K), 0.0024747 secs]
195.199: [GC (Allocation Failure)  63170K->30586K(98304K), 0.0025473 secs]
195.548: [GC (Allocation Failure)  63354K->30704K(98304K), 0.0017703 secs]
196.058: [GC (Allocation Failure)  63472K->30673K(98304K), 0.0018732 secs]
196.451: [GC (Allocation Failure)  63433K->30849K(98304K), 0.0018210 secs]
196.910: [GC (Allocation Failure)  63617K->30803K(98304K), 0.0019269 secs]
197.283: [GC (Allocation Failure)  63571K->30992K(98304K), 0.0018963 secs]
197.664: [GC (Allocation Failure)  63760K->30978K(98304K), 0.0026941 secs]
198.094: [GC (Allocation Failure)  63746K->31135K(98304K), 0.0020220 secs]
198.495: [GC (Allocation Failure)  63903K->31124K(98304K), 0.0026225 secs]
198.863: [GC (Allocation Failure)  63892K->31232K(98304K), 0.0017134 secs]
199.262: [GC (Allocation Failure)  63999K->31418K(98304K), 0.0018051 secs]
199.658: [GC (Allocation Failure)  64186K->31336K(98304K), 0.0025745 secs]
200.111: [GC (Allocation Failure)  64104K->31509K(98304K), 0.0019521 secs]
200.497: [GC (Allocation Failure)  64277K->31495K(98304K), 0.0018276 secs]
200.911: [GC (Allocation Failure)  64263K->31607K(98304K), 0.0019001 secs]
203.510: [GC (Allocation Failure)  64375K->31735K(98304K), 0.0026620 secs]
206.191: [GC (Allocation Failure)  64503K->31667K(98304K), 0.0030621 secs]
208.271: [GC (Allocation Failure)  64435K->31779K(98304K), 0.0030430 secs]
210.225: [GC (Allocation Failure)  64547K->32008K(98304K), 0.0024819 secs]
212.143: [GC (Allocation Failure)  64776K->31855K(98304K), 0.0033887 secs]
214.161: [GC (Allocation Failure)  64623K->31672K(98304K), 0.0019223 secs]
216.137: [GC (Allocation Failure)  64440K->31494K(98304K), 0.0021458 secs]
218.196: [GC (Allocation Failure)  64256K->31534K(98304K), 0.0020174 secs]
220.263: [GC (Allocation Failure)  64302K->31684K(98304K), 0.0026517 secs]
222.298: [GC (Allocation Failure)  64452K->31781K(98304K), 0.0029553 secs]
224.544: [GC (Allocation Failure)  64549K->31928K(98304K), 0.0029624 secs]
226.743: [GC (Allocation Failure)  64696K->32031K(98304K), 0.0033289 secs]
228.953: [GC (Allocation Failure)  64799K->32156K(98304K), 0.0031106 secs]
230.970: [GC (Allocation Failure)  64924K->32088K(98304K), 0.0020380 secs]
232.854: [GC (Allocation Failure)  64856K->32245K(98304K), 0.0033315 secs]
264.679: [GC (Allocation Failure)  65007K->32373K(98304K), 0.0019068 secs]
264.978: [GC (Allocation Failure)  65141K->32476K(98304K), 0.0017484 secs]
265.292: [GC (Allocation Failure)  65244K->32393K(98304K), 0.0018433 secs]
265.760: [GC (Allocation Failure)  65161K->32592K(98304K), 0.0017692 secs]
266.110: [GC (Allocation Failure)  65360K->32579K(98304K), 0.0017619 secs]
266.436: [GC (Allocation Failure)  65347K->32733K(98304K), 0.0027583 secs]
266.852: [GC (Allocation Failure)  65501K->32723K(98304K), 0.0024777 secs]
267.155: [GC (Allocation Failure)  65491K->32887K(98304K), 0.0022330 secs]
267.509: [GC (Allocation Failure)  65655K->32807K(98304K), 0.0017732 secs]
268.116: [GC (Allocation Failure)  65575K->33035K(98304K), 0.0015660 secs]
268.471: [GC (Allocation Failure)  65803K->32988K(98304K), 0.0014566 secs]
268.830: [GC (Allocation Failure)  65756K->33177K(98304K), 0.0013464 secs]
269.165: [GC (Allocation Failure)  65945K->33136K(98304K), 0.0013553 secs]
269.476: [GC (Allocation Failure)  65904K->33228K(98304K), 0.0014159 secs]
269.845: [GC (Allocation Failure)  65996K->33419K(98304K), 0.0017474 secs]
270.205: [GC (Allocation Failure)  66187K->33381K(98304K), 0.0017089 secs]
270.515: [GC (Allocation Failure)  66149K->33551K(98304K), 0.0017342 secs]
270.852: [GC (Allocation Failure)  66319K->33539K(98304K), 0.0021583 secs]
271.207: [GC (Allocation Failure)  66307K->33643K(98304K), 0.0020018 secs]
271.566: [GC (Allocation Failure)  66411K->33825K(98304K), 0.0018390 secs]
271.913: [GC (Allocation Failure)  66593K->33740K(98304K), 0.0018345 secs]
272.561: [GC (Allocation Failure)  66508K->33864K(98304K), 0.0022885 secs]
275.783: [GC (Allocation Failure)  66632K->34053K(98304K), 0.0021505 secs]
277.494: [GC (Allocation Failure)  66821K->33965K(98304K), 0.0023534 secs]
279.344: [GC (Allocation Failure)  66733K->34090K(98304K), 0.0022441 secs]
281.214: [GC (Allocation Failure)  66858K->34273K(98304K), 0.0022100 secs]
283.147: [GC (Allocation Failure)  67041K->34146K(98304K), 0.0024881 secs]
285.094: [GC (Allocation Failure)  66914K->34353K(98304K), 0.0031343 secs]
287.029: [GC (Allocation Failure)  67121K->34336K(98304K), 0.0015305 secs]
289.219: [GC (Allocation Failure)  67104K->34490K(98304K), 0.0032583 secs]
291.311: [GC (Allocation Failure)  67258K->34481K(98304K), 0.0025408 secs]
293.475: [GC (Allocation Failure)  67249K->34542K(98304K), 0.0028247 secs]
295.770: [GC (Allocation Failure)  67310K->34772K(98304K), 0.0020802 secs]
298.136: [GC (Allocation Failure)  67540K->34619K(98304K), 0.0030688 secs]
300.423: [GC (Allocation Failure)  67387K->34860K(98304K), 0.0024800 secs]
329.778: [GC (Allocation Failure)  67628K->34954K(98304K), 0.0018193 secs]
330.120: [GC (Allocation Failure)  67722K->35056K(98304K), 0.0025749 secs]
330.615: [GC (Allocation Failure)  67824K->35014K(98304K), 0.0020509 secs]
330.965: [GC (Allocation Failure)  67782K->35139K(98304K), 0.0025835 secs]
331.452: [GC (Allocation Failure)  67907K->35272K(98304K), 0.0018562 secs]
331.913: [GC (Allocation Failure)  68034K->35232K(98304K), 0.0030446 secs]
332.294: [GC (Allocation Failure)  68000K->35431K(98304K), 0.0024565 secs]
332.713: [GC (Allocation Failure)  68199K->35336K(98304K), 0.0017736 secs]
333.072: [GC (Allocation Failure)  68104K->35496K(98304K), 0.0019565 secs]
333.435: [GC (Allocation Failure)  68264K->35636K(98304K), 0.0018509 secs]
333.821: [GC (Allocation Failure)  68404K->35559K(98304K), 0.0016682 secs]
334.139: [GC (Allocation Failure)  68327K->35762K(98304K), 0.0017911 secs]
334.462: [GC (Allocation Failure)  68526K->35858K(98304K), 0.0020953 secs]
334.874: [GC (Allocation Failure)  68626K->35784K(98304K), 0.0025482 secs]
335.205: [GC (Allocation Failure)  68552K->35991K(98304K), 0.0017099 secs]
335.555: [GC (Allocation Failure)  68759K->35940K(98304K), 0.0017088 secs]
335.955: [GC (Allocation Failure)  68708K->36132K(98304K), 0.0015112 secs]
336.453: [GC (Allocation Failure)  68900K->36053K(98304K), 0.0023583 secs]
336.916: [GC (Allocation Failure)  68821K->36125K(98304K), 0.0017067 secs]
337.314: [GC (Allocation Failure)  68892K->36362K(98304K), 0.0020323 secs]
337.695: [GC (Allocation Failure)  69130K->36338K(98304K), 0.0014466 secs]
339.680: [GC (Allocation Failure)  69106K->36503K(98304K), 0.0022585 secs]
341.510: [GC (Allocation Failure)  69271K->36454K(98304K), 0.0022096 secs]
343.416: [GC (Allocation Failure)  69222K->36505K(98304K), 0.0032898 secs]
345.307: [GC (Allocation Failure)  69273K->36728K(98304K), 0.0035650 secs]
347.294: [GC (Allocation Failure)  69490K->36694K(98304K), 0.0024507 secs]
349.771: [GC (Allocation Failure)  69462K->36878K(98304K), 0.0023082 secs]
351.830: [GC (Allocation Failure)  69646K->36819K(98304K), 0.0031126 secs]
353.911: [GC (Allocation Failure)  69587K->37017K(98304K), 0.0023837 secs]
356.030: [GC (Allocation Failure)  69785K->36965K(98304K), 0.0034004 secs]
358.099: [GC (Allocation Failure)  69733K->37102K(98304K), 0.0024113 secs]
360.497: [GC (Allocation Failure)  69870K->37281K(98304K), 0.0030434 secs]
362.776: [GC (Allocation Failure)  70049K->37206K(98304K), 0.0025867 secs]
365.136: [GC (Allocation Failure)  69974K->37320K(98304K), 0.0023636 secs]
395.382: [GC (Allocation Failure)  70088K->37447K(98304K), 0.0024867 secs]
395.753: [GC (Allocation Failure)  70215K->37418K(98304K), 0.0020161 secs]
396.093: [GC (Allocation Failure)  70186K->37591K(98304K), 0.0022017 secs]
396.561: [GC (Allocation Failure)  70359K->37544K(98304K), 0.0017619 secs]
396.898: [GC (Allocation Failure)  70312K->37739K(98304K), 0.0017462 secs]
397.228: [GC (Allocation Failure)  70507K->37729K(98304K), 0.0017935 secs]
397.704: [GC (Allocation Failure)  70497K->37849K(98304K), 0.0017936 secs]
398.032: [GC (Allocation Failure)  70617K->37974K(98304K), 0.0019184 secs]
398.378: [GC (Allocation Failure)  70742K->37948K(98304K), 0.0018876 secs]
398.818: [GC (Allocation Failure)  70716K->38126K(98304K), 0.0018268 secs]
399.145: [GC (Allocation Failure)  70894K->38104K(98304K), 0.0025203 secs]
399.481: [GC (Allocation Failure)  70872K->38257K(98304K), 0.0018952 secs]
399.878: [GC (Allocation Failure)  71025K->38246K(98304K), 0.0018573 secs]
400.202: [GC (Allocation Failure)  71014K->38426K(98304K), 0.0018042 secs]
400.537: [GC (Allocation Failure)  71194K->38375K(98304K), 0.0018146 secs]
400.919: [GC (Allocation Failure)  71143K->38556K(98304K), 0.0018723 secs]
401.243: [GC (Allocation Failure)  71324K->38542K(98304K), 0.0018191 secs]
401.589: [GC (Allocation Failure)  71310K->38699K(98304K), 0.0017294 secs]
401.975: [GC (Allocation Failure)  71467K->38686K(98304K), 0.0017942 secs]
402.321: [GC (Allocation Failure)  71454K->38848K(98304K), 0.0018316 secs]
402.649: [GC (Allocation Failure)  71614K->38834K(98304K), 0.0024584 secs]
403.363: [GC (Allocation Failure)  71602K->38956K(98304K), 0.0024776 secs]
405.058: [GC (Allocation Failure)  71724K->39078K(98304K), 0.0021270 secs]
406.807: [GC (Allocation Failure)  71846K->39071K(98304K), 0.0021067 secs]
408.598: [GC (Allocation Failure)  71839K->39243K(98304K), 0.0019681 secs]
410.427: [GC (Allocation Failure)  72011K->39158K(98304K), 0.0017756 secs]
412.304: [GC (Allocation Failure)  71926K->39362K(98304K), 0.0027418 secs]
414.225: [GC (Allocation Failure)  72130K->39311K(98304K), 0.0022052 secs]
416.196: [GC (Allocation Failure)  72079K->39496K(98304K), 0.0029838 secs]
418.434: [GC (Allocation Failure)  72264K->39452K(98304K), 0.0022818 secs]
420.644: [GC (Allocation Failure)  72220K->39617K(98304K), 0.0034459 secs]
422.821: [GC (Allocation Failure)  72385K->39730K(98304K), 0.0019683 secs]
424.785: [GC (Allocation Failure)  72498K->39629K(98304K), 0.0023113 secs]
427.032: [GC (Allocation Failure)  72397K->39817K(98304K), 0.0032206 secs]
429.337: [GC (Allocation Failure)  72585K->39998K(98304K), 0.0028507 secs]
462.708: [GC (Allocation Failure)  72760K->39912K(98304K), 0.0017753 secs]
463.097: [GC (Allocation Failure)  72680K->40042K(98304K), 0.0018452 secs]
463.456: [GC (Allocation Failure)  72810K->40168K(98304K), 0.0017477 secs]
463.908: [GC (Allocation Failure)  72936K->40134K(98304K), 0.0018895 secs]
464.245: [GC (Allocation Failure)  72902K->40257K(98304K), 0.0017666 secs]
464.646: [GC (Allocation Failure)  73025K->40447K(98304K), 0.0018448 secs]
465.064: [GC (Allocation Failure)  73215K->40323K(98304K), 0.0025623 secs]
465.455: [GC (Allocation Failure)  73086K->40486K(98304K), 0.0020319 secs]
465.887: [GC (Allocation Failure)  73254K->40672K(98304K), 0.0025780 secs]
466.249: [GC (Allocation Failure)  73440K->40546K(98304K), 0.0018057 secs]
466.678: [GC (Allocation Failure)  73314K->40758K(98304K), 0.0018607 secs]
467.106: [GC (Allocation Failure)  73526K->40745K(98304K), 0.0016596 secs]
467.449: [GC (Allocation Failure)  73513K->40853K(98304K), 0.0014403 secs]
467.853: [GC (Allocation Failure)  73621K->41036K(98304K), 0.0021863 secs]
468.165: [GC (Allocation Failure)  73802K->40464K(98304K), 0.0011711 secs]
468.452: [GC (Allocation Failure)  73231K->40431K(98304K), 0.0011004 secs]
468.753: [GC (Allocation Failure)  73199K->40497K(98304K), 0.0013772 secs]
469.160: [GC (Allocation Failure)  73265K->40652K(98304K), 0.0013474 secs]
469.537: [GC (Allocation Failure)  73420K->40798K(98304K), 0.0013488 secs]
469.975: [GC (Allocation Failure)  73566K->40944K(98304K), 0.0014992 secs]
470.305: [GC (Allocation Failure)  73712K->41053K(98304K), 0.0018986 secs]
471.317: [GC (Allocation Failure)  73821K->41008K(98304K), 0.0022052 secs]
473.097: [GC (Allocation Failure)  73776K->41202K(98304K), 0.0021095 secs]
474.901: [GC (Allocation Failure)  73970K->41147K(98304K), 0.0021781 secs]
476.766: [GC (Allocation Failure)  73915K->41282K(98304K), 0.0023167 secs]
478.681: [GC (Allocation Failure)  74050K->41466K(98304K), 0.0023502 secs]
480.680: [GC (Allocation Failure)  74234K->41380K(98304K), 0.0022598 secs]
482.678: [GC (Allocation Failure)  74148K->41498K(98304K), 0.0025258 secs]
484.725: [GC (Allocation Failure)  74266K->41627K(98304K), 0.0023428 secs]
486.846: [GC (Allocation Failure)  74395K->41595K(98304K), 0.0029872 secs]
489.032: [GC (Allocation Failure)  74363K->41711K(98304K), 0.0021932 secs]
491.319: [GC (Allocation Failure)  74479K->41811K(98304K), 0.0034247 secs]
494.270: [GC (Allocation Failure)  74579K->41880K(98304K), 0.0031003 secs]
497.588: [GC (Allocation Failure)  74641K->41951K(98304K), 0.0021293 secs]
526.437: [GC (Allocation Failure)  74719K->41973K(98304K), 0.0015594 secs]
526.989: [GC (Allocation Failure)  74741K->42177K(98304K), 0.0014548 secs]
527.468: [GC (Allocation Failure)  74945K->42092K(98304K), 0.0015655 secs]
527.814: [GC (Allocation Failure)  74860K->42231K(98304K), 0.0022099 secs]
528.175: [GC (Allocation Failure)  74999K->42372K(98304K), 0.0015864 secs]
528.660: [GC (Allocation Failure)  75140K->42332K(98304K), 0.0018368 secs]
529.040: [GC (Allocation Failure)  75100K->42464K(98304K), 0.0018975 secs]
529.409: [GC (Allocation Failure)  75232K->42642K(98304K), 0.0018306 secs]
529.908: [GC (Allocation Failure)  75410K->42550K(98304K), 0.0027179 secs]
530.260: [GC (Allocation Failure)  75318K->42719K(98304K), 0.0018105 secs]
530.614: [GC (Allocation Failure)  75487K->42675K(98304K), 0.0018519 secs]
531.101: [GC (Allocation Failure)  75443K->42866K(98304K), 0.0022130 secs]
531.430: [GC (Allocation Failure)  75634K->42857K(98304K), 0.0018737 secs]
531.881: [GC (Allocation Failure)  75625K->43013K(98304K), 0.0024131 secs]
532.252: [GC (Allocation Failure)  75781K->43006K(98304K), 0.0019854 secs]
532.607: [GC (Allocation Failure)  75774K->43176K(98304K), 0.0017751 secs]
532.982: [GC (Allocation Failure)  75944K->43157K(98304K), 0.0018531 secs]
533.307: [GC (Allocation Failure)  75925K->43260K(98304K), 0.0017407 secs]
533.645: [GC (Allocation Failure)  76028K->43402K(98304K), 0.0020278 secs]
534.060: [GC (Allocation Failure)  76170K->43360K(98304K), 0.0018549 secs]
534.435: [GC (Allocation Failure)  76128K->43484K(98304K), 0.0018722 secs]
535.223: [GC (Allocation Failure)  76248K->43609K(98304K), 0.0032180 secs]
537.007: [GC (Allocation Failure)  76376K->43541K(98304K), 0.0032978 secs]
538.816: [GC (Allocation Failure)  76309K->43659K(98304K), 0.0027743 secs]
540.697: [GC (Allocation Failure)  76427K->43795K(98304K), 0.0029363 secs]
542.583: [GC (Allocation Failure)  76563K->43860K(98304K), 0.0024537 secs]
544.481: [GC (Allocation Failure)  76628K->43992K(98304K), 0.0022056 secs]
546.419: [GC (Allocation Failure)  76760K->43943K(98304K), 0.0034135 secs]
548.437: [GC (Allocation Failure)  76711K->44025K(98304K), 0.0033021 secs]
550.397: [GC (Allocation Failure)  76793K->44193K(98304K), 0.0032555 secs]
552.417: [GC (Allocation Failure)  76961K->44155K(98304K), 0.0023913 secs]
554.547: [GC (Allocation Failure)  76923K->44343K(98304K), 0.0031907 secs]
556.421: [GC (Allocation Failure)  77111K->44321K(98304K), 0.0019499 secs]
558.080: [GC (Allocation Failure)  77089K->44419K(98304K), 0.0014723 secs]
559.770: [GC (Allocation Failure)  77187K->44554K(98304K), 0.0016359 secs]
561.521: [GC (Allocation Failure)  77322K->44487K(98304K), 0.0021146 secs]
596.030: [GC (Allocation Failure)  77255K->44690K(98304K), 0.0023336 secs]
596.433: [GC (Allocation Failure)  77458K->44682K(98304K), 0.0017766 secs]
596.820: [GC (Allocation Failure)  77450K->44833K(98304K), 0.0016743 secs]
597.157: [GC (Allocation Failure)  77601K->44792K(98304K), 0.0018283 secs]
597.534: [GC (Allocation Failure)  77560K->44948K(98304K), 0.0026358 secs]
598.018: [GC (Allocation Failure)  77716K->45069K(98304K), 0.0015131 secs]
598.399: [GC (Allocation Failure)  77837K->45036K(98304K), 0.0015060 secs]
598.821: [GC (Allocation Failure)  77804K->45210K(98304K), 0.0013671 secs]
599.198: [GC (Allocation Failure)  77978K->45134K(98304K), 0.0015649 secs]
599.541: [GC (Allocation Failure)  77902K->45356K(98304K), 0.0014764 secs]
599.967: [GC (Allocation Failure)  78124K->45348K(98304K), 0.0017187 secs]
600.332: [GC (Allocation Failure)  78116K->45504K(98304K), 0.0017825 secs]
600.668: [GC (Allocation Failure)  78272K->45425K(98304K), 0.0019867 secs]
601.059: [GC (Allocation Failure)  78193K->45676K(98304K), 0.0025106 secs]
601.432: [GC (Allocation Failure)  78444K->45617K(98304K), 0.0018227 secs]
601.794: [GC (Allocation Failure)  78385K->45747K(98304K), 0.0018536 secs]
602.178: [GC (Allocation Failure)  78515K->45931K(98304K), 0.0017055 secs]
602.506: [GC (Allocation Failure)  78699K->45846K(98304K), 0.0018350 secs]
602.829: [GC (Allocation Failure)  78614K->46021K(98304K), 0.0020878 secs]
603.218: [GC (Allocation Failure)  78789K->45974K(98304K), 0.0018487 secs]
603.573: [GC (Allocation Failure)  78742K->46163K(98304K), 0.0017023 secs]
604.948: [GC (Allocation Failure)  78931K->46123K(98304K), 0.0021658 secs]
606.675: [GC (Allocation Failure)  78891K->46265K(98304K), 0.0021447 secs]
608.527: [GC (Allocation Failure)  79033K->46353K(98304K), 0.0026259 secs]
610.387: [GC (Allocation Failure)  79121K->46371K(98304K), 0.0027429 secs]
612.242: [GC (Allocation Failure)  79139K->46444K(98304K), 0.0024281 secs]
614.158: [GC (Allocation Failure)  79212K->46573K(98304K), 0.0028171 secs]
616.179: [GC (Allocation Failure)  79341K->46648K(98304K), 0.0031371 secs]
618.143: [GC (Allocation Failure)  79411K->46798K(98304K), 0.0022831 secs]
