Java HotSpot(TM) 64-Bit Server VM (25.191-b12) for bsd-amd64 JRE (1.8.0_191-b12), built on Oct  6 2018 08:37:07 by "java_re" with gcc 4.2.1 (Based on Apple Inc. build 5658) (LLVM build 2336.11.00)
Memory: 4k page, physical 16777216k(820508k free)

/proc/meminfo:

CommandLine flags: -XX:-BytecodeVerificationLocal -XX:-BytecodeVerificationRemote -XX:InitialHeapSize=209715200 -XX:+ManagementServer -XX:MaxHeapSize=209715200 -XX:MaxNewSize=83886080 -XX:MaxTenuringThreshold=6 -XX:NewSize=83886080 -XX:OldPLABSize=16 -XX:+PrintGC -XX:+PrintGCTimeStamps -XX:ThreadStackSize=256 -XX:TieredStopAtLevel=1 -XX:+UseCompressedClassPointers -XX:+UseCompressedOops -XX:+UseConcMarkSweepGC -XX:+UseParNewGC 
0.922: [GC (Allocation Failure)  65536K->6398K(196608K), 0.0054019 secs]
1.218: [GC (Allocation Failure)  71934K->9894K(196608K), 0.0179207 secs]
1.661: [GC (Allocation Failure)  75430K->11207K(196608K), 0.0057492 secs]
1.667: [GC (CMS Initial Mark)  12319K(196608K), 0.0007847 secs]
1.673: [GC (CMS Final Remark)  12596K(196608K), 0.0067670 secs]
2.195: [GC (Allocation Failure)  76720K->13594K(196608K), 0.0068542 secs]
2.637: [GC (Allocation Failure)  79130K->17334K(196608K), 0.0078071 secs]
3.012: [GC (Allocation Failure)  82870K->20936K(196608K), 0.0169960 secs]
3.378: [GC (Allocation Failure)  86472K->22047K(196608K), 0.0038933 secs]
3.745: [GC (Allocation Failure)  87583K->26018K(196608K), 0.0081435 secs]
16.676: [GC (Allocation Failure)  91554K->26765K(196608K), 0.0075401 secs]
17.662: [GC (Allocation Failure)  92301K->25903K(196608K), 0.0049836 secs]
17.667: [GC (CMS Initial Mark)  26119K(196608K), 0.0009315 secs]
18.118: [GC (CMS Final Remark)  75824K(196608K), 0.0279893 secs]
18.283: [GC (Allocation Failure)  89160K->22296K(196608K), 0.0014700 secs]
19.089: [GC (Allocation Failure)  87832K->22588K(196608K), 0.0028588 secs]
19.981: [GC (Allocation Failure)  88124K->23108K(196608K), 0.0016329 secs]
20.850: [GC (Allocation Failure)  88644K->23198K(196608K), 0.0022971 secs]
21.612: [GC (Allocation Failure)  88734K->23697K(196608K), 0.0026396 secs]
22.484: [GC (Allocation Failure)  89233K->23043K(196608K), 0.0015438 secs]
23.322: [GC (Allocation Failure)  88579K->23230K(196608K), 0.0014482 secs]
24.140: [GC (Allocation Failure)  88766K->22949K(196608K), 0.0014017 secs]
24.975: [GC (Allocation Failure)  88485K->23549K(196608K), 0.0015359 secs]
28.094: [GC (Allocation Failure)  89085K->23427K(196608K), 0.0024137 secs]
31.709: [GC (Allocation Failure)  88963K->23734K(196608K), 0.0017222 secs]
35.476: [GC (Allocation Failure)  89270K->23868K(196608K), 0.0021910 secs]
39.500: [GC (Allocation Failure)  89404K->24066K(196608K), 0.0018892 secs]
43.824: [GC (Allocation Failure)  89602K->24148K(196608K), 0.0028960 secs]
48.308: [GC (Allocation Failure)  89684K->24144K(196608K), 0.0020260 secs]
52.853: [GC (Allocation Failure)  89680K->24612K(196608K), 0.0020149 secs]
75.018: [GC (Allocation Failure)  90148K->24447K(196608K), 0.0017361 secs]
76.005: [GC (Allocation Failure)  89983K->24758K(196608K), 0.0017497 secs]
76.968: [GC (Allocation Failure)  90294K->24907K(196608K), 0.0026190 secs]
77.657: [GC (Allocation Failure)  90443K->25263K(196608K), 0.0015587 secs]
78.644: [GC (Allocation Failure)  90799K->25424K(196608K), 0.0015372 secs]
79.678: [GC (Allocation Failure)  90960K->25571K(196608K), 0.0016268 secs]
80.841: [GC (Allocation Failure)  91107K->25720K(196608K), 0.0015608 secs]
81.549: [GC (Allocation Failure)  91256K->25984K(196608K), 0.0017070 secs]
82.304: [GC (Allocation Failure)  91520K->25686K(196608K), 0.0015652 secs]
84.187: [GC (Allocation Failure)  91222K->26133K(196608K), 0.0016930 secs]
86.486: [GC (Allocation Failure)  91669K->26391K(196608K), 0.0031696 secs]
90.234: [GC (Allocation Failure)  91927K->26405K(196608K), 0.0038403 secs]
94.122: [GC (Allocation Failure)  91941K->26672K(196608K), 0.0043274 secs]
98.094: [GC (Allocation Failure)  92208K->26849K(196608K), 0.0020739 secs]
102.078: [GC (Allocation Failure)  92385K->27020K(196608K), 0.0020872 secs]
106.237: [GC (Allocation Failure)  92556K->27272K(196608K), 0.0019380 secs]
128.550: [GC (Allocation Failure)  92808K->27331K(196608K), 0.0016284 secs]
129.263: [GC (Allocation Failure)  92867K->27701K(196608K), 0.0014902 secs]
130.788: [GC (Allocation Failure)  93237K->27342K(196608K), 0.0014491 secs]
131.892: [GC (Allocation Failure)  92878K->27959K(196608K), 0.0016689 secs]
132.590: [GC (Allocation Failure)  93495K->27935K(196608K), 0.0030538 secs]
133.669: [GC (Allocation Failure)  93471K->28250K(196608K), 0.0032941 secs]
135.017: [GC (Allocation Failure)  93786K->28230K(196608K), 0.0027983 secs]
136.290: [GC (Allocation Failure)  93766K->28542K(196608K), 0.0030077 secs]
137.041: [GC (Allocation Failure)  94078K->28525K(196608K), 0.0031620 secs]
138.137: [GC (Allocation Failure)  94061K->28741K(196608K), 0.0030268 secs]
139.566: [GC (Allocation Failure)  94276K->29114K(196608K), 0.0036867 secs]
143.110: [GC (Allocation Failure)  94650K->29334K(196608K), 0.0037524 secs]
146.797: [GC (Allocation Failure)  94870K->29336K(196608K), 0.0032514 secs]
150.583: [GC (Allocation Failure)  94872K->29987K(196608K), 0.0024530 secs]
154.781: [GC (Allocation Failure)  95523K->29728K(196608K), 0.0033689 secs]
159.058: [GC (Allocation Failure)  95264K->30026K(196608K), 0.0024469 secs]
180.189: [GC (Allocation Failure)  95562K->29965K(196608K), 0.0014164 secs]
180.785: [GC (Allocation Failure)  95501K->30545K(196608K), 0.0016087 secs]
182.120: [GC (Allocation Failure)  96081K->30254K(196608K), 0.0021854 secs]
183.494: [GC (Allocation Failure)  95790K->30694K(196608K), 0.0028351 secs]
184.756: [GC (Allocation Failure)  96230K->31055K(196608K), 0.0035027 secs]
185.800: [GC (Allocation Failure)  96591K->30886K(196608K), 0.0029908 secs]
186.489: [GC (Allocation Failure)  96422K->31262K(196608K), 0.0033385 secs]
187.791: [GC (Allocation Failure)  96798K->31225K(196608K), 0.0031407 secs]
189.316: [GC (Allocation Failure)  96761K->31437K(196608K), 0.0029614 secs]
190.023: [GC (Allocation Failure)  96973K->31802K(196608K), 0.0032572 secs]
191.344: [GC (Allocation Failure)  97338K->31634K(196608K), 0.0030896 secs]
194.788: [GC (Allocation Failure)  97170K->31895K(196608K), 0.0035195 secs]
199.510: [GC (Allocation Failure)  97431K->32246K(196608K), 0.0030039 secs]
203.750: [GC (Allocation Failure)  97782K->32071K(196608K), 0.0037960 secs]
207.748: [GC (Allocation Failure)  97607K->31466K(196608K), 0.0018726 secs]
212.753: [GC (Allocation Failure)  97002K->31126K(196608K), 0.0023781 secs]
223.744: [GC (Allocation Failure)  96662K->31179K(196608K), 0.0012133 secs]
229.833: [GC (Allocation Failure)  96715K->31461K(196608K), 0.0043700 secs]
231.507: [GC (Allocation Failure)  96997K->31659K(196608K), 0.0018790 secs]
232.143: [GC (Allocation Failure)  97195K->31967K(196608K), 0.0020644 secs]
233.369: [GC (Allocation Failure)  97503K->32215K(196608K), 0.0020054 secs]
234.015: [GC (Allocation Failure)  97751K->32425K(196608K), 0.0021910 secs]
235.292: [GC (Allocation Failure)  97961K->32521K(196608K), 0.0015500 secs]
236.546: [GC (Allocation Failure)  98057K->32799K(196608K), 0.0022839 secs]
237.219: [GC (Allocation Failure)  98335K->32634K(196608K), 0.0029190 secs]
238.490: [GC (Allocation Failure)  98170K->32835K(196608K), 0.0022984 secs]
239.845: [GC (Allocation Failure)  98371K->33208K(196608K), 0.0025583 secs]
245.133: [GC (Allocation Failure)  98744K->32925K(196608K), 0.0043888 secs]
249.697: [GC (Allocation Failure)  98461K->33375K(196608K), 0.0036692 secs]
253.399: [GC (Allocation Failure)  98911K->33753K(196608K), 0.0032402 secs]
258.540: [GC (Allocation Failure)  99289K->33567K(196608K), 0.0034295 secs]
260.370: [GC (Allocation Failure)  99103K->33722K(196608K), 0.0048045 secs]
278.057: [GC (Allocation Failure)  99258K->34083K(196608K), 0.0039147 secs]
278.728: [GC (Allocation Failure)  99615K->34004K(196608K), 0.0035330 secs]
279.807: [GC (Allocation Failure)  99540K->34350K(196608K), 0.0033020 secs]
280.840: [GC (Allocation Failure)  99886K->34335K(196608K), 0.0033220 secs]
281.533: [GC (Allocation Failure)  99871K->34640K(196608K), 0.0035731 secs]
283.395: [GC (Allocation Failure)  100176K->34618K(196608K), 0.0033361 secs]
285.183: [GC (Allocation Failure)  100154K->34935K(196608K), 0.0035597 secs]
287.008: [GC (Allocation Failure)  100471K->34915K(196608K), 0.0031375 secs]
287.714: [GC (Allocation Failure)  100451K->35246K(196608K), 0.0028567 secs]
288.800: [GC (Allocation Failure)  100782K->35214K(196608K), 0.0024096 secs]
292.877: [GC (Allocation Failure)  100750K->35523K(196608K), 0.0025556 secs]
295.655: [GC (Allocation Failure)  101059K->35440K(196608K), 0.0023592 secs]
299.377: [GC (Allocation Failure)  100975K->35720K(196608K), 0.0024931 secs]
303.110: [GC (Allocation Failure)  101256K->35987K(196608K), 0.0025505 secs]
307.076: [GC (Allocation Failure)  101523K->35915K(196608K), 0.0042643 secs]
311.190: [GC (Allocation Failure)  101451K->36150K(196608K), 0.0034426 secs]
332.427: [GC (Allocation Failure)  101686K->36511K(196608K), 0.0036560 secs]
333.637: [GC (Allocation Failure)  102047K->36341K(196608K), 0.0191858 secs]
334.298: [GC (Allocation Failure)  101877K->36592K(196608K), 0.0030131 secs]
335.332: [GC (Allocation Failure)  102128K->36968K(196608K), 0.0029393 secs]
335.964: [GC (Allocation Failure)  102504K->36790K(196608K), 0.0026896 secs]
337.097: [GC (Allocation Failure)  102326K->37130K(196608K), 0.0037076 secs]
338.406: [GC (Allocation Failure)  102666K->37108K(196608K), 0.0031660 secs]
340.219: [GC (Allocation Failure)  102644K->37425K(196608K), 0.0044277 secs]
340.918: [GC (Allocation Failure)  102961K->37404K(196608K), 0.0032323 secs]
342.543: [GC (Allocation Failure)  102940K->37720K(196608K), 0.0031154 secs]
344.060: [GC (Allocation Failure)  103256K->37636K(196608K), 0.0035500 secs]
347.408: [GC (Allocation Failure)  103172K->38031K(196608K), 0.0037194 secs]
350.882: [GC (Allocation Failure)  103567K->38009K(196608K), 0.0033572 secs]
354.610: [GC (Allocation Failure)  103545K->38211K(196608K), 0.0039967 secs]
358.658: [GC (Allocation Failure)  103747K->38355K(196608K), 0.0032947 secs]
362.220: [GC (Allocation Failure)  103891K->38635K(196608K), 0.0030108 secs]
366.654: [GC (Allocation Failure)  104171K->38553K(196608K), 0.0024939 secs]
389.962: [GC (Allocation Failure)  104089K->38883K(196608K), 0.0024333 secs]
391.298: [GC (Allocation Failure)  104419K->38859K(196608K), 0.0028347 secs]
392.354: [GC (Allocation Failure)  104395K->39174K(196608K), 0.0028753 secs]
393.381: [GC (Allocation Failure)  104710K->39153K(196608K), 0.0029383 secs]
394.151: [GC (Allocation Failure)  104689K->39367K(196608K), 0.0029471 secs]
395.304: [GC (Allocation Failure)  104903K->39740K(196608K), 0.0030874 secs]
396.410: [GC (Allocation Failure)  105276K->39568K(196608K), 0.0034927 secs]
397.517: [GC (Allocation Failure)  105104K->39917K(196608K), 0.0029393 secs]
398.292: [GC (Allocation Failure)  105453K->39838K(196608K), 0.0032223 secs]
399.136: [GC (Allocation Failure)  105374K->40111K(196608K), 0.0040460 secs]
401.385: [GC (Allocation Failure)  105647K->40371K(196608K), 0.0042974 secs]
405.050: [GC (Allocation Failure)  105907K->40235K(196608K), 0.0034968 secs]
408.868: [GC (Allocation Failure)  105771K->40552K(196608K), 0.0039644 secs]
413.005: [GC (Allocation Failure)  106088K->39908K(196608K), 0.0018422 secs]
417.313: [GC (Allocation Failure)  105444K->39429K(196608K), 0.0017948 secs]
421.603: [GC (Allocation Failure)  104965K->39605K(196608K), 0.0029203 secs]
448.656: [GC (Allocation Failure)  105141K->39846K(196608K), 0.0024376 secs]
449.334: [GC (Allocation Failure)  105380K->40118K(196608K), 0.0020704 secs]
450.348: [GC (Allocation Failure)  105654K->40311K(196608K), 0.0019970 secs]
451.227: [GC (Allocation Failure)  105847K->40626K(196608K), 0.0020825 secs]
451.871: [GC (Allocation Failure)  106162K->40906K(196608K), 0.0022250 secs]
452.829: [GC (Allocation Failure)  106442K->40694K(196608K), 0.0017532 secs]
453.762: [GC (Allocation Failure)  106230K->41120K(196608K), 0.0021573 secs]
454.447: [GC (Allocation Failure)  106656K->40963K(196608K), 0.0023185 secs]
455.389: [GC (Allocation Failure)  106499K->41417K(196608K), 0.0026343 secs]
456.363: [GC (Allocation Failure)  106953K->41329K(196608K), 0.0029209 secs]
456.968: [GC (Allocation Failure)  106865K->41709K(196608K), 0.0028447 secs]
459.653: [GC (Allocation Failure)  107245K->41688K(196608K), 0.0035890 secs]
463.166: [GC (Allocation Failure)  107224K->42004K(196608K), 0.0045764 secs]
466.933: [GC (Allocation Failure)  107540K->41781K(196608K), 0.0038946 secs]
470.826: [GC (Allocation Failure)  107317K->42194K(196608K), 0.0038608 secs]
474.885: [GC (Allocation Failure)  107730K->42558K(196608K), 0.0041097 secs]
479.155: [GC (Allocation Failure)  108094K->42390K(196608K), 0.0039684 secs]
483.566: [GC (Allocation Failure)  107926K->42729K(196608K), 0.0048994 secs]
488.694: [GC (Allocation Failure)  108265K->42713K(196608K), 0.0031043 secs]
508.341: [GC (Allocation Failure)  108249K->43015K(196608K), 0.0034608 secs]
508.976: [GC (Allocation Failure)  108551K->42999K(196608K), 0.0027546 secs]
510.411: [GC (Allocation Failure)  108535K->43314K(196608K), 0.0031110 secs]
511.466: [GC (Allocation Failure)  108850K->43611K(196608K), 0.0039421 secs]
512.594: [GC (Allocation Failure)  109147K->43355K(196608K), 0.0030457 secs]
513.766: [GC (Allocation Failure)  108891K->43775K(196608K), 0.0037834 secs]
514.543: [GC (Allocation Failure)  109311K->43690K(196608K), 0.0022175 secs]
515.717: [GC (Allocation Failure)  109226K->43964K(196608K), 0.0018694 secs]
516.525: [GC (Allocation Failure)  109500K->44337K(196608K), 0.0030965 secs]
518.347: [GC (Allocation Failure)  109873K->44164K(196608K), 0.0029625 secs]
521.489: [GC (Allocation Failure)  109700K->44507K(196608K), 0.0029452 secs]
523.076: [GC (Allocation Failure)  110043K->44416K(196608K), 0.0024886 secs]
526.603: [GC (Allocation Failure)  109952K->44795K(196608K), 0.0034327 secs]
530.539: [GC (Allocation Failure)  110331K->44706K(196608K), 0.0036115 secs]
534.572: [GC (Allocation Failure)  110242K->44994K(196608K), 0.0041526 secs]
538.725: [GC (Allocation Failure)  110530K->45354K(196608K), 0.0044561 secs]
543.143: [GC (Allocation Failure)  110890K->45179K(196608K), 0.0037734 secs]
567.790: [GC (Allocation Failure)  110715K->45521K(196608K), 0.0075007 secs]
568.886: [GC (Allocation Failure)  111057K->45498K(196608K), 0.0029070 secs]
569.812: [GC (Allocation Failure)  111030K->45705K(196608K), 0.0028997 secs]
570.489: [GC (Allocation Failure)  111241K->46084K(196608K), 0.0038962 secs]
571.431: [GC (Allocation Failure)  111620K->45914K(196608K), 0.0034801 secs]
572.578: [GC (Allocation Failure)  111450K->46263K(196608K), 0.0030436 secs]
573.321: [GC (Allocation Failure)  111799K->46175K(196608K), 0.0028684 secs]
574.457: [GC (Allocation Failure)  111711K->46456K(196608K), 0.0037825 secs]
575.477: [GC (Allocation Failure)  111992K->46611K(196608K), 0.0034919 secs]
576.321: [GC (Allocation Failure)  112147K->46787K(196608K), 0.0023589 secs]
578.260: [GC (Allocation Failure)  112323K->46938K(196608K), 0.0037280 secs]
582.051: [GC (Allocation Failure)  112472K->47085K(196608K), 0.0024633 secs]
585.857: [GC (Allocation Failure)  112621K->47245K(196608K), 0.0018714 secs]
589.345: [GC (Allocation Failure)  112781K->47495K(196608K), 0.0029736 secs]
593.519: [GC (Allocation Failure)  113031K->47330K(196608K), 0.0036381 secs]
597.672: [GC (Allocation Failure)  112866K->47645K(196608K), 0.0035859 secs]
601.975: [GC (Allocation Failure)  113181K->47885K(196608K), 0.0044208 secs]
605.733: [GC (Allocation Failure)  113421K->47749K(196608K), 0.0049148 secs]
