Java HotSpot(TM) 64-Bit Server VM (25.191-b12) for bsd-amd64 JRE (1.8.0_191-b12), built on Oct  6 2018 08:37:07 by "java_re" with gcc 4.2.1 (Based on Apple Inc. build 5658) (LLVM build 2336.11.00)
Memory: 4k page, physical 16777216k(989368k free)

/proc/meminfo:

CommandLine flags: -XX:-BytecodeVerificationLocal -XX:-BytecodeVerificationRemote -XX:InitialHeapSize=54525952 -XX:+ManagementServer -XX:MaxHeapSize=54525952 -XX:MaxNewSize=9437184 -XX:MaxTenuringThreshold=6 -XX:NewSize=9437184 -XX:OldPLABSize=16 -XX:+PrintGC -XX:+PrintGCTimeStamps -XX:ThreadStackSize=256 -XX:TieredStopAtLevel=1 -XX:+UseCompressedClassPointers -XX:+UseCompressedOops -XX:+UseConcMarkSweepGC -XX:+UseParNewGC 
0.385: [GC (Allocation Failure)  7424K->1465K(52352K), 0.0557330 secs]
0.626: [GC (Allocation Failure)  8889K->2722K(52352K), 0.0049557 secs]
0.704: [GC (Allocation Failure)  10146K->3552K(52352K), 0.0030073 secs]
0.774: [GC (Allocation Failure)  10976K->3621K(52352K), 0.0019437 secs]
0.825: [GC (Allocation Failure)  11043K->3823K(52352K), 0.0010100 secs]
0.881: [GC (Allocation Failure)  11247K->3703K(52352K), 0.0015993 secs]
0.935: [GC (Allocation Failure)  11127K->3854K(52352K), 0.0016414 secs]
0.961: [GC (Allocation Failure)  11278K->4413K(52352K), 0.0012127 secs]
0.986: [GC (Allocation Failure)  11837K->4524K(52352K), 0.0023322 secs]
1.018: [GC (Allocation Failure)  11948K->4663K(52352K), 0.0027054 secs]
1.062: [GC (Allocation Failure)  12087K->4686K(52352K), 0.0012519 secs]
1.106: [GC (Allocation Failure)  12110K->5211K(52352K), 0.0032573 secs]
1.158: [GC (Allocation Failure)  12635K->5651K(52352K), 0.0045068 secs]
1.202: [GC (Allocation Failure)  13075K->6237K(52352K), 0.0023948 secs]
1.226: [GC (Allocation Failure)  13661K->6642K(52352K), 0.0018480 secs]
1.241: [GC (Allocation Failure)  14066K->6784K(52352K), 0.0013497 secs]
1.277: [GC (Allocation Failure)  14208K->6985K(52352K), 0.0011248 secs]
1.318: [GC (Allocation Failure)  14409K->7455K(52352K), 0.0023275 secs]
1.352: [GC (Allocation Failure)  14879K->7582K(52352K), 0.0013313 secs]
1.384: [GC (Allocation Failure)  15006K->7909K(52352K), 0.0017769 secs]
1.445: [GC (Allocation Failure)  15333K->8342K(52352K), 0.0019874 secs]
1.497: [GC (Allocation Failure)  15766K->8602K(52352K), 0.0021288 secs]
1.548: [GC (Allocation Failure)  16026K->8794K(52352K), 0.0019352 secs]
1.601: [GC (Allocation Failure)  16218K->9061K(52352K), 0.0020385 secs]
1.603: [GC (CMS Initial Mark)  9207K(52352K), 0.0004717 secs]
1.613: [GC (CMS Final Remark)  10238K(52352K), 0.0078035 secs]
1.671: [GC (Allocation Failure)  15107K->7587K(52352K), 0.0021307 secs]
1.721: [GC (Allocation Failure)  15011K->7880K(52352K), 0.0027359 secs]
1.766: [GC (Allocation Failure)  15304K->8394K(52352K), 0.0022825 secs]
1.834: [GC (Allocation Failure)  15818K->8731K(52352K), 0.0042848 secs]
1.919: [GC (Allocation Failure)  16155K->9445K(52352K), 0.0027435 secs]
1.985: [GC (Allocation Failure)  16869K->9844K(52352K), 0.0016559 secs]
2.031: [GC (Allocation Failure)  17268K->10150K(52352K), 0.0012497 secs]
2.080: [GC (Allocation Failure)  17574K->10519K(52352K), 0.0024464 secs]
2.134: [GC (Allocation Failure)  17943K->10558K(52352K), 0.0018497 secs]
2.189: [GC (Allocation Failure)  17982K->10634K(52352K), 0.0017294 secs]
2.239: [GC (Allocation Failure)  18058K->10983K(52352K), 0.0008932 secs]
2.294: [GC (Allocation Failure)  18407K->13006K(52352K), 0.0035245 secs]
2.347: [GC (Allocation Failure)  20430K->15548K(52352K), 0.0030372 secs]
2.403: [GC (Allocation Failure)  22972K->16608K(52352K), 0.0021291 secs]
2.432: [GC (Allocation Failure)  24032K->16655K(52352K), 0.0012051 secs]
2.467: [GC (Allocation Failure)  24079K->16875K(52352K), 0.0009945 secs]
2.511: [GC (Allocation Failure)  24299K->16968K(52352K), 0.0014506 secs]
2.554: [GC (Allocation Failure)  24392K->17182K(52352K), 0.0015887 secs]
2.593: [GC (Allocation Failure)  24588K->17546K(52352K), 0.0015961 secs]
2.625: [GC (Allocation Failure)  24970K->18064K(52352K), 0.0017580 secs]
2.658: [GC (Allocation Failure)  25488K->18633K(52352K), 0.0030452 secs]
2.707: [GC (Allocation Failure)  26057K->19202K(52352K), 0.0026521 secs]
2.739: [GC (Allocation Failure)  26626K->19884K(52352K), 0.0036884 secs]
2.772: [GC (Allocation Failure)  27308K->19889K(52352K), 0.0016597 secs]
2.801: [GC (Allocation Failure)  27313K->20374K(52352K), 0.0034078 secs]
2.830: [GC (Allocation Failure)  27798K->20408K(52352K), 0.0015378 secs]
2.862: [GC (Allocation Failure)  27832K->20777K(52352K), 0.0042828 secs]
2.905: [GC (Allocation Failure)  28201K->21137K(52352K), 0.0015509 secs]
2.935: [GC (Allocation Failure)  28561K->21619K(52352K), 0.0017930 secs]
2.960: [GC (Allocation Failure)  29043K->22277K(52352K), 0.0041274 secs]
3.004: [GC (Allocation Failure)  29701K->22183K(52352K), 0.0018903 secs]
3.036: [GC (Allocation Failure)  29604K->22704K(52352K), 0.0027786 secs]
3.077: [GC (Allocation Failure)  30128K->22967K(52352K), 0.0019932 secs]
3.107: [GC (Allocation Failure)  30391K->22835K(52352K), 0.0009843 secs]
3.143: [GC (Allocation Failure)  30259K->23389K(52352K), 0.0013755 secs]
3.188: [GC (Allocation Failure)  30813K->23985K(52352K), 0.0023635 secs]
3.228: [GC (Allocation Failure)  31409K->24229K(52352K), 0.0022284 secs]
3.261: [GC (Allocation Failure)  31653K->24396K(52352K), 0.0017064 secs]
3.291: [GC (Allocation Failure)  31820K->24666K(52352K), 0.0019294 secs]
3.338: [GC (Allocation Failure)  32090K->25063K(52352K), 0.0015610 secs]
3.424: [GC (Allocation Failure)  32487K->25743K(52352K), 0.0032168 secs]
3.472: [GC (Allocation Failure)  33167K->25822K(52352K), 0.0016336 secs]
3.505: [GC (Allocation Failure)  33246K->25910K(52352K), 0.0013755 secs]
3.533: [GC (Allocation Failure)  33334K->26238K(52352K), 0.0032630 secs]
3.573: [GC (Allocation Failure)  33662K->26348K(52352K), 0.0023853 secs]
3.607: [GC (Allocation Failure)  33772K->26826K(52352K), 0.0026159 secs]
3.637: [GC (Allocation Failure)  34250K->26872K(52352K), 0.0031903 secs]
4.227: [GC (Allocation Failure)  34296K->27139K(52352K), 0.0022643 secs]
17.559: [GC (Allocation Failure)  34563K->27635K(52352K), 0.0040979 secs]
17.634: [GC (Allocation Failure)  35059K->27707K(52352K), 0.0019456 secs]
17.703: [GC (Allocation Failure)  35131K->28408K(52352K), 0.0023469 secs]
17.940: [GC (Allocation Failure)  35832K->27999K(52352K), 0.0014100 secs]
18.140: [GC (Allocation Failure)  35423K->27939K(52352K), 0.0013204 secs]
18.142: [GC (CMS Initial Mark)  28000K(52352K), 0.0005254 secs]
18.166: [GC (CMS Final Remark)  29094K(52352K), 0.0133385 secs]
18.310: [GC (Allocation Failure)  28243K->20859K(52352K), 0.0008983 secs]
18.461: [GC (Allocation Failure)  28283K->20946K(52352K), 0.0009577 secs]
18.592: [GC (Allocation Failure)  28370K->20948K(52352K), 0.0008638 secs]
18.731: [GC (Allocation Failure)  28372K->20998K(52352K), 0.0008705 secs]
18.851: [GC (Allocation Failure)  28421K->21059K(52352K), 0.0014508 secs]
18.977: [GC (Allocation Failure)  28483K->20982K(52352K), 0.0017507 secs]
19.096: [GC (Allocation Failure)  28406K->21005K(52352K), 0.0010852 secs]
19.201: [GC (Allocation Failure)  28429K->21025K(52352K), 0.0008873 secs]
19.298: [GC (Allocation Failure)  28449K->21045K(52352K), 0.0008976 secs]
19.390: [GC (Allocation Failure)  28469K->21053K(52352K), 0.0009038 secs]
19.473: [GC (Allocation Failure)  28477K->21056K(52352K), 0.0011210 secs]
19.548: [GC (Allocation Failure)  28480K->21085K(52352K), 0.0010651 secs]
19.622: [GC (Allocation Failure)  28509K->21107K(52352K), 0.0010681 secs]
19.699: [GC (Allocation Failure)  28531K->21136K(52352K), 0.0016209 secs]
19.797: [GC (Allocation Failure)  28560K->21140K(52352K), 0.0010658 secs]
19.865: [GC (Allocation Failure)  28564K->21177K(52352K), 0.0015298 secs]
19.947: [GC (Allocation Failure)  28601K->21147K(52352K), 0.0010645 secs]
20.017: [GC (Allocation Failure)  28571K->21165K(52352K), 0.0008089 secs]
20.081: [GC (Allocation Failure)  28583K->21209K(52352K), 0.0010239 secs]
20.182: [GC (Allocation Failure)  28633K->21226K(52352K), 0.0009343 secs]
20.250: [GC (Allocation Failure)  28650K->21263K(52352K), 0.0008395 secs]
20.334: [GC (Allocation Failure)  28687K->21285K(52352K), 0.0010556 secs]
20.417: [GC (Allocation Failure)  28709K->21296K(52352K), 0.0010838 secs]
20.503: [GC (Allocation Failure)  28720K->21309K(52352K), 0.0010699 secs]
20.601: [GC (Allocation Failure)  28733K->21326K(52352K), 0.0010415 secs]
20.694: [GC (Allocation Failure)  28750K->21338K(52352K), 0.0010715 secs]
20.839: [GC (Allocation Failure)  28762K->21341K(52352K), 0.0015641 secs]
20.970: [GC (Allocation Failure)  28765K->21358K(52352K), 0.0013020 secs]
21.079: [GC (Allocation Failure)  28782K->21406K(52352K), 0.0009219 secs]
21.183: [GC (Allocation Failure)  28830K->21450K(52352K), 0.0015703 secs]
21.307: [GC (Allocation Failure)  28874K->21416K(52352K), 0.0011378 secs]
21.426: [GC (Allocation Failure)  28838K->21448K(52352K), 0.0009950 secs]
21.535: [GC (Allocation Failure)  28872K->21479K(52352K), 0.0009630 secs]
21.603: [GC (Allocation Failure)  28903K->21485K(52352K), 0.0009395 secs]
21.716: [GC (Allocation Failure)  28909K->21527K(52352K), 0.0021938 secs]
21.850: [GC (Allocation Failure)  28951K->21556K(52352K), 0.0011135 secs]
21.973: [GC (Allocation Failure)  28980K->21573K(52352K), 0.0008383 secs]
22.055: [GC (Allocation Failure)  28997K->21593K(52352K), 0.0012705 secs]
22.142: [GC (Allocation Failure)  29016K->21595K(52352K), 0.0012863 secs]
22.213: [GC (Allocation Failure)  29019K->21600K(52352K), 0.0008830 secs]
22.278: [GC (Allocation Failure)  29024K->21652K(52352K), 0.0009407 secs]
22.404: [GC (Allocation Failure)  29076K->21632K(52352K), 0.0010510 secs]
22.492: [GC (Allocation Failure)  29056K->21680K(52352K), 0.0010460 secs]
22.578: [GC (Allocation Failure)  29104K->21661K(52352K), 0.0012361 secs]
22.662: [GC (Allocation Failure)  29085K->21712K(52352K), 0.0012939 secs]
22.740: [GC (Allocation Failure)  29136K->21721K(52352K), 0.0009842 secs]
22.847: [GC (Allocation Failure)  29145K->21766K(52352K), 0.0009858 secs]
22.918: [GC (Allocation Failure)  29190K->21737K(52352K), 0.0009656 secs]
22.997: [GC (Allocation Failure)  29161K->21786K(52352K), 0.0008983 secs]
23.074: [GC (Allocation Failure)  29210K->21801K(52352K), 0.0009132 secs]
23.150: [GC (Allocation Failure)  29225K->21886K(52352K), 0.0008739 secs]
23.229: [GC (Allocation Failure)  29310K->21853K(52352K), 0.0010929 secs]
23.300: [GC (Allocation Failure)  29277K->21885K(52352K), 0.0010547 secs]
23.371: [GC (Allocation Failure)  29309K->21888K(52352K), 0.0010625 secs]
23.463: [GC (Allocation Failure)  29312K->21928K(52352K), 0.0013350 secs]
23.549: [GC (Allocation Failure)  29352K->21947K(52352K), 0.0009121 secs]
23.631: [GC (Allocation Failure)  29371K->21952K(52352K), 0.0011049 secs]
23.715: [GC (Allocation Failure)  29376K->21979K(52352K), 0.0016838 secs]
23.802: [GC (Allocation Failure)  29403K->22007K(52352K), 0.0009898 secs]
23.881: [GC (Allocation Failure)  29429K->22000K(52352K), 0.0010315 secs]
23.966: [GC (Allocation Failure)  29424K->22042K(52352K), 0.0016420 secs]
24.048: [GC (Allocation Failure)  29466K->22021K(52352K), 0.0016355 secs]
24.130: [GC (Allocation Failure)  29445K->22057K(52352K), 0.0011752 secs]
24.229: [GC (Allocation Failure)  29473K->22074K(52352K), 0.0010850 secs]
24.338: [GC (Allocation Failure)  29498K->22122K(52352K), 0.0010051 secs]
24.420: [GC (Allocation Failure)  29539K->22103K(52352K), 0.0010351 secs]
24.499: [GC (Allocation Failure)  29523K->22131K(52352K), 0.0013573 secs]
24.575: [GC (Allocation Failure)  29555K->22171K(52352K), 0.0009613 secs]
24.664: [GC (Allocation Failure)  29594K->22143K(52352K), 0.0017588 secs]
24.744: [GC (Allocation Failure)  29567K->22189K(52352K), 0.0010184 secs]
24.819: [GC (Allocation Failure)  29613K->22220K(52352K), 0.0009046 secs]
25.049: [GC (Allocation Failure)  29642K->22196K(52352K), 0.0010032 secs]
25.122: [GC (Allocation Failure)  29620K->22243K(52352K), 0.0012188 secs]
25.199: [GC (Allocation Failure)  29667K->22226K(52352K), 0.0010278 secs]
25.270: [GC (Allocation Failure)  29650K->22274K(52352K), 0.0009583 secs]
25.344: [GC (Allocation Failure)  29698K->22263K(52352K), 0.0009655 secs]
25.423: [GC (Allocation Failure)  29683K->22307K(52352K), 0.0010425 secs]
25.495: [GC (Allocation Failure)  29731K->22364K(52352K), 0.0008948 secs]
25.571: [GC (Allocation Failure)  29788K->22365K(52352K), 0.0009503 secs]
25.651: [GC (Allocation Failure)  29789K->22407K(52352K), 0.0011174 secs]
25.733: [GC (Allocation Failure)  29831K->22445K(52352K), 0.0017174 secs]
25.809: [GC (Allocation Failure)  29869K->22467K(52352K), 0.0011025 secs]
25.874: [GC (Allocation Failure)  29891K->22424K(52352K), 0.0010714 secs]
25.941: [GC (Allocation Failure)  29848K->22467K(52352K), 0.0010866 secs]
26.018: [GC (Allocation Failure)  29891K->22520K(52352K), 0.0011808 secs]
26.089: [GC (Allocation Failure)  29944K->22512K(52352K), 0.0011457 secs]
26.172: [GC (Allocation Failure)  29936K->22552K(52352K), 0.0012251 secs]
26.248: [GC (Allocation Failure)  29976K->22549K(52352K), 0.0013242 secs]
26.327: [GC (Allocation Failure)  29973K->22573K(52352K), 0.0010195 secs]
26.412: [GC (Allocation Failure)  29990K->22591K(52352K), 0.0010135 secs]
26.787: [GC (Allocation Failure)  30015K->22639K(52352K), 0.0013257 secs]
27.183: [GC (Allocation Failure)  30063K->22614K(52352K), 0.0022264 secs]
27.581: [GC (Allocation Failure)  30038K->22654K(52352K), 0.0022584 secs]
27.988: [GC (Allocation Failure)  30078K->22641K(52352K), 0.0019840 secs]
28.387: [GC (Allocation Failure)  30065K->22685K(52352K), 0.0013095 secs]
28.805: [GC (Allocation Failure)  30109K->22719K(52352K), 0.0022686 secs]
29.216: [GC (Allocation Failure)  30143K->22692K(52352K), 0.0013311 secs]
29.642: [GC (Allocation Failure)  30116K->22736K(52352K), 0.0016356 secs]
30.055: [GC (Allocation Failure)  30160K->22724K(52352K), 0.0022361 secs]
30.474: [GC (Allocation Failure)  30148K->22755K(52352K), 0.0013331 secs]
30.906: [GC (Allocation Failure)  30178K->22787K(52352K), 0.0012365 secs]
31.322: [GC (Allocation Failure)  30211K->22821K(52352K), 0.0011567 secs]
32.152: [GC (Allocation Failure)  30245K->22786K(52352K), 0.0018075 secs]
32.570: [GC (Allocation Failure)  30210K->22823K(52352K), 0.0021910 secs]
32.995: [GC (Allocation Failure)  30247K->22853K(52352K), 0.0012815 secs]
33.426: [GC (Allocation Failure)  30277K->22876K(52352K), 0.0014134 secs]
33.862: [GC (Allocation Failure)  30300K->22858K(52352K), 0.0019690 secs]
34.290: [GC (Allocation Failure)  30282K->22900K(52352K), 0.0019477 secs]
34.721: [GC (Allocation Failure)  30324K->22888K(52352K), 0.0019754 secs]
35.167: [GC (Allocation Failure)  30312K->22919K(52352K), 0.0013775 secs]
35.602: [GC (Allocation Failure)  30343K->22942K(52352K), 0.0019880 secs]
36.050: [GC (Allocation Failure)  30366K->22958K(52352K), 0.0014096 secs]
36.495: [GC (Allocation Failure)  30382K->22989K(52352K), 0.0013215 secs]
36.946: [GC (Allocation Failure)  30410K->22979K(52352K), 0.0013765 secs]
37.398: [GC (Allocation Failure)  30403K->23007K(52352K), 0.0020433 secs]
37.858: [GC (Allocation Failure)  30431K->22985K(52352K), 0.0016165 secs]
38.333: [GC (Allocation Failure)  30405K->23052K(52352K), 0.0015610 secs]
38.780: [GC (Allocation Failure)  30476K->23195K(52352K), 0.0013754 secs]
39.245: [GC (Allocation Failure)  30619K->23166K(52352K), 0.0021088 secs]
39.702: [GC (Allocation Failure)  30590K->23206K(52352K), 0.0017306 secs]
40.160: [GC (Allocation Failure)  30624K->23240K(52352K), 0.0021063 secs]
40.644: [GC (Allocation Failure)  30664K->23249K(52352K), 0.0020264 secs]
41.116: [GC (Allocation Failure)  30673K->23285K(52352K), 0.0013825 secs]
41.581: [GC (Allocation Failure)  30709K->23252K(52352K), 0.0025707 secs]
42.044: [GC (Allocation Failure)  30676K->23303K(52352K), 0.0023287 secs]
42.509: [GC (Allocation Failure)  30727K->23291K(52352K), 0.0012377 secs]
42.978: [GC (Allocation Failure)  30715K->23340K(52352K), 0.0015294 secs]
43.466: [GC (Allocation Failure)  30764K->23328K(52352K), 0.0023747 secs]
43.940: [GC (Allocation Failure)  30752K->23368K(52352K), 0.0021276 secs]
44.411: [GC (Allocation Failure)  30792K->23365K(52352K), 0.0023989 secs]
44.888: [GC (Allocation Failure)  30789K->23389K(52352K), 0.0021393 secs]
45.362: [GC (Allocation Failure)  30810K->23406K(52352K), 0.0012983 secs]
45.847: [GC (Allocation Failure)  30827K->23440K(52352K), 0.0015470 secs]
46.478: [GC (Allocation Failure)  30858K->23461K(52352K), 0.0014123 secs]
46.964: [GC (Allocation Failure)  30885K->23479K(52352K), 0.0013917 secs]
47.452: [GC (Allocation Failure)  30903K->23479K(52352K), 0.0012966 secs]
47.971: [GC (Allocation Failure)  30903K->23508K(52352K), 0.0024488 secs]
48.473: [GC (Allocation Failure)  30932K->23487K(52352K), 0.0014612 secs]
48.969: [GC (Allocation Failure)  30906K->23527K(52352K), 0.0015804 secs]
49.466: [GC (Allocation Failure)  30951K->23576K(52352K), 0.0014805 secs]
49.968: [GC (Allocation Failure)  31000K->23542K(52352K), 0.0014632 secs]
50.499: [GC (Allocation Failure)  30966K->23580K(52352K), 0.0013544 secs]
51.002: [GC (Allocation Failure)  31004K->23618K(52352K), 0.0014601 secs]
51.509: [GC (Allocation Failure)  31042K->23585K(52352K), 0.0024298 secs]
52.016: [GC (Allocation Failure)  31002K->23634K(52352K), 0.0014471 secs]
52.545: [GC (Allocation Failure)  31058K->23653K(52352K), 0.0014848 secs]
53.057: [GC (Allocation Failure)  31077K->23649K(52352K), 0.0024512 secs]
53.579: [GC (Allocation Failure)  31073K->23671K(52352K), 0.0024465 secs]
54.101: [GC (Allocation Failure)  31095K->23687K(52352K), 0.0014652 secs]
57.898: [GC (Allocation Failure)  31111K->23711K(52352K), 0.0016031 secs]
57.985: [GC (Allocation Failure)  31133K->23724K(52352K), 0.0009914 secs]
58.062: [GC (Allocation Failure)  31148K->23770K(52352K), 0.0012064 secs]
58.135: [GC (Allocation Failure)  31194K->23741K(52352K), 0.0009372 secs]
58.219: [GC (Allocation Failure)  31165K->23790K(52352K), 0.0010089 secs]
58.288: [GC (Allocation Failure)  31209K->23766K(52352K), 0.0009449 secs]
58.355: [GC (Allocation Failure)  31186K->23822K(52352K), 0.0009533 secs]
58.437: [GC (Allocation Failure)  31246K->23852K(52352K), 0.0010310 secs]
58.509: [GC (Allocation Failure)  31276K->23826K(52352K), 0.0009805 secs]
58.575: [GC (Allocation Failure)  31250K->23859K(52352K), 0.0009083 secs]
58.643: [GC (Allocation Failure)  31280K->23903K(52352K), 0.0009940 secs]
58.723: [GC (Allocation Failure)  31327K->23876K(52352K), 0.0010921 secs]
58.797: [GC (Allocation Failure)  31296K->23920K(52352K), 0.0009944 secs]
72.626: [GC (Allocation Failure)  31340K->23967K(52352K), 0.0010399 secs]
72.707: [GC (Allocation Failure)  31391K->23952K(52352K), 0.0010054 secs]
72.791: [GC (Allocation Failure)  31376K->23987K(52352K), 0.0012321 secs]
72.861: [GC (Allocation Failure)  31411K->23971K(52352K), 0.0009570 secs]
72.923: [GC (Allocation Failure)  31395K->24003K(52352K), 0.0008293 secs]
72.988: [GC (Allocation Failure)  31427K->24037K(52352K), 0.0010147 secs]
73.063: [GC (Allocation Failure)  31461K->24022K(52352K), 0.0008575 secs]
73.124: [GC (Allocation Failure)  31446K->24056K(52352K), 0.0009049 secs]
73.196: [GC (Allocation Failure)  31480K->24048K(52352K), 0.0009412 secs]
73.267: [GC (Allocation Failure)  31472K->24090K(52352K), 0.0012123 secs]
73.330: [GC (Allocation Failure)  31514K->24088K(52352K), 0.0008440 secs]
73.392: [GC (Allocation Failure)  31512K->24125K(52352K), 0.0010682 secs]
73.458: [GC (Allocation Failure)  31549K->24118K(52352K), 0.0009142 secs]
73.525: [GC (Allocation Failure)  31536K->24157K(52352K), 0.0009197 secs]
73.585: [GC (Allocation Failure)  31581K->24324K(52352K), 0.0008725 secs]
74.169: [GC (Allocation Failure)  31748K->24362K(52352K), 0.0011316 secs]
74.248: [GC (Allocation Failure)  31786K->24363K(52352K), 0.0008992 secs]
74.316: [GC (Allocation Failure)  31787K->24362K(52352K), 0.0008909 secs]
74.380: [GC (Allocation Failure)  31786K->24379K(52352K), 0.0009057 secs]
74.444: [GC (Allocation Failure)  31803K->24434K(52352K), 0.0010010 secs]
74.514: [GC (Allocation Failure)  31858K->24448K(52352K), 0.0009860 secs]
74.580: [GC (Allocation Failure)  31872K->24477K(52352K), 0.0009549 secs]
74.656: [GC (Allocation Failure)  31901K->24462K(52352K), 0.0011179 secs]
74.748: [GC (Allocation Failure)  31881K->24505K(52352K), 0.0010185 secs]
74.821: [GC (Allocation Failure)  31929K->24538K(52352K), 0.0009139 secs]
74.885: [GC (Allocation Failure)  31960K->24515K(52352K), 0.0009312 secs]
74.947: [GC (Allocation Failure)  31939K->24563K(52352K), 0.0011047 secs]
75.009: [GC (Allocation Failure)  31985K->24554K(52352K), 0.0009010 secs]
75.071: [GC (Allocation Failure)  31978K->24593K(52352K), 0.0011493 secs]
75.552: [GC (Allocation Failure)  32011K->24578K(52352K), 0.0009246 secs]
75.614: [GC (Allocation Failure)  31995K->24627K(52352K), 0.0008971 secs]
75.681: [GC (Allocation Failure)  32051K->24616K(52352K), 0.0008729 secs]
75.754: [GC (Allocation Failure)  32040K->24649K(52352K), 0.0016724 secs]
75.826: [GC (Allocation Failure)  32073K->24679K(52352K), 0.0009723 secs]
75.896: [GC (Allocation Failure)  32103K->24668K(52352K), 0.0011893 secs]
75.961: [GC (Allocation Failure)  32090K->24706K(52352K), 0.0008882 secs]
76.023: [GC (Allocation Failure)  32130K->24725K(52352K), 0.0009070 secs]
76.084: [GC (Allocation Failure)  32149K->24739K(52352K), 0.0009219 secs]
76.147: [GC (Allocation Failure)  32163K->24767K(52352K), 0.0011222 secs]
76.217: [GC (Allocation Failure)  32191K->24751K(52352K), 0.0009402 secs]
76.287: [GC (Allocation Failure)  32175K->24793K(52352K), 0.0009727 secs]
76.349: [GC (Allocation Failure)  32217K->24782K(52352K), 0.0008709 secs]
76.420: [GC (Allocation Failure)  32206K->24828K(52352K), 0.0009834 secs]
76.496: [GC (Allocation Failure)  32252K->24857K(52352K), 0.0010131 secs]
77.092: [GC (Allocation Failure)  32274K->24832K(52352K), 0.0008654 secs]
77.176: [GC (Allocation Failure)  32256K->24891K(52352K), 0.0018325 secs]
77.265: [GC (Allocation Failure)  32315K->24859K(52352K), 0.0016315 secs]
77.338: [GC (Allocation Failure)  32283K->24895K(52352K), 0.0008582 secs]
77.405: [GC (Allocation Failure)  32319K->24917K(52352K), 0.0008703 secs]
77.466: [GC (Allocation Failure)  32341K->24951K(52352K), 0.0008805 secs]
77.543: [GC (Allocation Failure)  32375K->24932K(52352K), 0.0009046 secs]
77.608: [GC (Allocation Failure)  32356K->24979K(52352K), 0.0009435 secs]
77.672: [GC (Allocation Failure)  32403K->24956K(52352K), 0.0009962 secs]
77.750: [GC (Allocation Failure)  32372K->24996K(52352K), 0.0015642 secs]
77.839: [GC (Allocation Failure)  32420K->25027K(52352K), 0.0008935 secs]
77.906: [GC (Allocation Failure)  32451K->25008K(52352K), 0.0010205 secs]
77.983: [GC (Allocation Failure)  32432K->25034K(52352K), 0.0017269 secs]
78.569: [GC (Allocation Failure)  32458K->25077K(52352K), 0.0011071 secs]
78.634: [GC (Allocation Failure)  32501K->25073K(52352K), 0.0008538 secs]
78.704: [GC (Allocation Failure)  32497K->25114K(52352K), 0.0011544 secs]
78.772: [GC (Allocation Failure)  32534K->25106K(52352K), 0.0008473 secs]
78.843: [GC (Allocation Failure)  32526K->25145K(52352K), 0.0010557 secs]
78.910: [GC (Allocation Failure)  32569K->25134K(52352K), 0.0009838 secs]
78.974: [GC (Allocation Failure)  32555K->25162K(52352K), 0.0008885 secs]
79.039: [GC (Allocation Failure)  32583K->25207K(52352K), 0.0008649 secs]
79.102: [GC (Allocation Failure)  32631K->25230K(52352K), 0.0008557 secs]
79.167: [GC (Allocation Failure)  32649K->25210K(52352K), 0.0009608 secs]
79.233: [GC (Allocation Failure)  32630K->25246K(52352K), 0.0009439 secs]
79.305: [GC (Allocation Failure)  32670K->25265K(52352K), 0.0009608 secs]
79.370: [GC (Allocation Failure)  32686K->25258K(52352K), 0.0008499 secs]
79.435: [GC (Allocation Failure)  32682K->25285K(52352K), 0.0008556 secs]
79.503: [GC (Allocation Failure)  32709K->25299K(52352K), 0.0009509 secs]
80.070: [GC (Allocation Failure)  32723K->25333K(52352K), 0.0011577 secs]
80.134: [GC (Allocation Failure)  32757K->25312K(52352K), 0.0009148 secs]
80.203: [GC (Allocation Failure)  32732K->25365K(52352K), 0.0009948 secs]
80.272: [GC (Allocation Failure)  32789K->25353K(52352K), 0.0009878 secs]
80.338: [GC (Allocation Failure)  32773K->25392K(52352K), 0.0008812 secs]
80.405: [GC (Allocation Failure)  32816K->25426K(52352K), 0.0009075 secs]
80.469: [GC (Allocation Failure)  32850K->25399K(52352K), 0.0009057 secs]
80.735: [GC (Allocation Failure)  32823K->25449K(52352K), 0.0013421 secs]
81.822: [GC (Allocation Failure)  32873K->25428K(52352K), 0.0014277 secs]
82.222: [GC (Allocation Failure)  32852K->25470K(52352K), 0.0013242 secs]
82.629: [GC (Allocation Failure)  32894K->25498K(52352K), 0.0013412 secs]
83.044: [GC (Allocation Failure)  32922K->25489K(52352K), 0.0022728 secs]
83.467: [GC (Allocation Failure)  32913K->25502K(52352K), 0.0022991 secs]
84.712: [GC (Allocation Failure)  32926K->25543K(52352K), 0.0013523 secs]
85.126: [GC (Allocation Failure)  32965K->25554K(52352K), 0.0012144 secs]
85.541: [GC (Allocation Failure)  32978K->25597K(52352K), 0.0012199 secs]
86.270: [GC (Allocation Failure)  33021K->25568K(52352K), 0.0013396 secs]
86.685: [GC (Allocation Failure)  32988K->25614K(52352K), 0.0012956 secs]
87.115: [GC (Allocation Failure)  33038K->25588K(52352K), 0.0015406 secs]
87.535: [GC (Allocation Failure)  33012K->25636K(52352K), 0.0013470 secs]
87.962: [GC (Allocation Failure)  33060K->25655K(52352K), 0.0020570 secs]
88.398: [GC (Allocation Failure)  33079K->25653K(52352K), 0.0013530 secs]
88.824: [GC (Allocation Failure)  33077K->25693K(52352K), 0.0012605 secs]
89.244: [GC (Allocation Failure)  33117K->25683K(52352K), 0.0013769 secs]
89.667: [GC (Allocation Failure)  33107K->25715K(52352K), 0.0021759 secs]
91.346: [GC (Allocation Failure)  33139K->25746K(52352K), 0.0009967 secs]
91.409: [GC (Allocation Failure)  33170K->25734K(52352K), 0.0012107 secs]
91.494: [GC (Allocation Failure)  33158K->25773K(52352K), 0.0009089 secs]
91.573: [GC (Allocation Failure)  33197K->25784K(52352K), 0.0008932 secs]
91.644: [GC (Allocation Failure)  33208K->25818K(52352K), 0.0009102 secs]
91.715: [GC (Allocation Failure)  33238K->25807K(52352K), 0.0016330 secs]
91.785: [GC (Allocation Failure)  33231K->26111K(52352K), 0.0010525 secs]
91.856: [GC (Allocation Failure)  33535K->26141K(52352K), 0.0009486 secs]
91.919: [GC (Allocation Failure)  33561K->26121K(52352K), 0.0010072 secs]
91.989: [GC (Allocation Failure)  33543K->26150K(52352K), 0.0009627 secs]
92.054: [GC (Allocation Failure)  33574K->26176K(52352K), 0.0009449 secs]
92.116: [GC (Allocation Failure)  33600K->26189K(52352K), 0.0009081 secs]
92.185: [GC (Allocation Failure)  33613K->26230K(52352K), 0.0012141 secs]
92.261: [GC (Allocation Failure)  33654K->26215K(52352K), 0.0018608 secs]
92.731: [GC (Allocation Failure)  33639K->26241K(52352K), 0.0024456 secs]
93.155: [GC (Allocation Failure)  33665K->26272K(52352K), 0.0018228 secs]
93.583: [GC (Allocation Failure)  33696K->26275K(52352K), 0.0012577 secs]
94.043: [GC (Allocation Failure)  33699K->26285K(52352K), 0.0022191 secs]
94.488: [GC (Allocation Failure)  33709K->26309K(52352K), 0.0012445 secs]
94.931: [GC (Allocation Failure)  33733K->26332K(52352K), 0.0012015 secs]
95.366: [GC (Allocation Failure)  33756K->26350K(52352K), 0.0020243 secs]
95.813: [GC (Allocation Failure)  33774K->26339K(52352K), 0.0019813 secs]
96.255: [GC (Allocation Failure)  33763K->26384K(52352K), 0.0023048 secs]
96.704: [GC (Allocation Failure)  33808K->26372K(52352K), 0.0016945 secs]
97.154: [GC (Allocation Failure)  33796K->26415K(52352K), 0.0013899 secs]
97.610: [GC (Allocation Failure)  33839K->26436K(52352K), 0.0016782 secs]
98.066: [GC (Allocation Failure)  33860K->26420K(52352K), 0.0019627 secs]
98.517: [GC (Allocation Failure)  33843K->26466K(52352K), 0.0014672 secs]
98.979: [GC (Allocation Failure)  33890K->26486K(52352K), 0.0013510 secs]
99.437: [GC (Allocation Failure)  33910K->26499K(52352K), 0.0016710 secs]
99.905: [GC (Allocation Failure)  33923K->26496K(52352K), 0.0013844 secs]
100.368: [GC (Allocation Failure)  33920K->26522K(52352K), 0.0014082 secs]
100.872: [GC (Allocation Failure)  33946K->26555K(52352K), 0.0011388 secs]
101.341: [GC (Allocation Failure)  33979K->26531K(52352K), 0.0024788 secs]
101.822: [GC (Allocation Failure)  33955K->26571K(52352K), 0.0021220 secs]
102.458: [GC (Allocation Failure)  33995K->26586K(52352K), 0.0017606 secs]
102.945: [GC (Allocation Failure)  34010K->26606K(52352K), 0.0024294 secs]
103.428: [GC (Allocation Failure)  34030K->26623K(52352K), 0.0018963 secs]
103.921: [GC (Allocation Failure)  34047K->26652K(52352K), 0.0014684 secs]
104.423: [GC (Allocation Failure)  34076K->26685K(52352K), 0.0014441 secs]
104.922: [GC (Allocation Failure)  34109K->26651K(52352K), 0.0012958 secs]
105.422: [GC (Allocation Failure)  34075K->26693K(52352K), 0.0013551 secs]
105.925: [GC (Allocation Failure)  34117K->26709K(52352K), 0.0015407 secs]
106.421: [GC (Allocation Failure)  34133K->26728K(52352K), 0.0024488 secs]
106.927: [GC (Allocation Failure)  34152K->26718K(52352K), 0.0025565 secs]
107.424: [GC (Allocation Failure)  34135K->26751K(52352K), 0.0013326 secs]
107.933: [GC (Allocation Failure)  34175K->26783K(52352K), 0.0024383 secs]
108.468: [GC (Allocation Failure)  34207K->26778K(52352K), 0.0025070 secs]
108.974: [GC (Allocation Failure)  34202K->26813K(52352K), 0.0014763 secs]
109.476: [GC (Allocation Failure)  34237K->26823K(52352K), 0.0016445 secs]
109.990: [GC (Allocation Failure)  34247K->26838K(52352K), 0.0015054 secs]
110.497: [GC (Allocation Failure)  34262K->26859K(52352K), 0.0013780 secs]
111.011: [GC (Allocation Failure)  34283K->26877K(52352K), 0.0024977 secs]
125.930: [GC (Allocation Failure)  34301K->26891K(52352K), 0.0009878 secs]
126.000: [GC (Allocation Failure)  34310K->26903K(52352K), 0.0008827 secs]
126.063: [GC (Allocation Failure)  34324K->26935K(52352K), 0.0008278 secs]
126.134: [GC (Allocation Failure)  34353K->26932K(52352K), 0.0009514 secs]
126.209: [GC (Allocation Failure)  34351K->26967K(52352K), 0.0009954 secs]
126.305: [GC (Allocation Failure)  34391K->26968K(52352K), 0.0009789 secs]
126.373: [GC (Allocation Failure)  34392K->26987K(52352K), 0.0009171 secs]
126.442: [GC (Allocation Failure)  34406K->27021K(52352K), 0.0009328 secs]
126.506: [GC (Allocation Failure)  34445K->27012K(52352K), 0.0009359 secs]
126.577: [GC (Allocation Failure)  34436K->27037K(52352K), 0.0009160 secs]
126.644: [GC (Allocation Failure)  34453K->27069K(52352K), 0.0014815 secs]
126.719: [GC (Allocation Failure)  34493K->27100K(52352K), 0.0019806 secs]
126.800: [GC (Allocation Failure)  34524K->27079K(52352K), 0.0009102 secs]
126.864: [GC (Allocation Failure)  34503K->27119K(52352K), 0.0014468 secs]
128.026: [GC (Allocation Failure)  34543K->27105K(52352K), 0.0009667 secs]
128.105: [GC (Allocation Failure)  34529K->27151K(52352K), 0.0014937 secs]
128.177: [GC (Allocation Failure)  34574K->27144K(52352K), 0.0009851 secs]
128.247: [GC (Allocation Failure)  34568K->27173K(52352K), 0.0008305 secs]
128.311: [GC (Allocation Failure)  34597K->27204K(52352K), 0.0009522 secs]
128.376: [GC (Allocation Failure)  34622K->27191K(52352K), 0.0008558 secs]
128.449: [GC (Allocation Failure)  34615K->27244K(52352K), 0.0009043 secs]
128.514: [GC (Allocation Failure)  34668K->27265K(52352K), 0.0009229 secs]
128.583: [GC (Allocation Failure)  34684K->27238K(52352K), 0.0011848 secs]
128.649: [GC (Allocation Failure)  34662K->27287K(52352K), 0.0009473 secs]
128.725: [GC (Allocation Failure)  34711K->27267K(52352K), 0.0012224 secs]
128.795: [GC (Allocation Failure)  34691K->27313K(52352K), 0.0010255 secs]
128.863: [GC (Allocation Failure)  34737K->27310K(52352K), 0.0009464 secs]
128.944: [GC (Allocation Failure)  34734K->27329K(52352K), 0.0011196 secs]
129.461: [GC (Allocation Failure)  34753K->27373K(52352K), 0.0010173 secs]
129.526: [GC (Allocation Failure)  34795K->27360K(52352K), 0.0009420 secs]
129.596: [GC (Allocation Failure)  34780K->27402K(52352K), 0.0008341 secs]
129.661: [GC (Allocation Failure)  34826K->27436K(52352K), 0.0010514 secs]
129.733: [GC (Allocation Failure)  34856K->27418K(52352K), 0.0009341 secs]
129.801: [GC (Allocation Failure)  34841K->27456K(52352K), 0.0009086 secs]
129.864: [GC (Allocation Failure)  34880K->27436K(52352K), 0.0012129 secs]
129.936: [GC (Allocation Failure)  34860K->27469K(52352K), 0.0008504 secs]
130.003: [GC (Allocation Failure)  34893K->27504K(52352K), 0.0008488 secs]
130.075: [GC (Allocation Failure)  34926K->27497K(52352K), 0.0009598 secs]
130.152: [GC (Allocation Failure)  34915K->27539K(52352K), 0.0008319 secs]
130.225: [GC (Allocation Failure)  34963K->27553K(52352K), 0.0015855 secs]
130.291: [GC (Allocation Failure)  34975K->27543K(52352K), 0.0013224 secs]
130.359: [GC (Allocation Failure)  34967K->27590K(52352K), 0.0009872 secs]
131.084: [GC (Allocation Failure)  35014K->27566K(52352K), 0.0008547 secs]
131.153: [GC (Allocation Failure)  34990K->27621K(52352K), 0.0011297 secs]
131.224: [GC (Allocation Failure)  35045K->27598K(52352K), 0.0009201 secs]
131.285: [GC (Allocation Failure)  35022K->27655K(52352K), 0.0009225 secs]
131.357: [GC (Allocation Failure)  35076K->27675K(52352K), 0.0015984 secs]
131.438: [GC (Allocation Failure)  35099K->27674K(52352K), 0.0009606 secs]
131.507: [GC (Allocation Failure)  35098K->27705K(52352K), 0.0009467 secs]
131.574: [GC (Allocation Failure)  35129K->27687K(52352K), 0.0015737 secs]
131.646: [GC (Allocation Failure)  35111K->27702K(52352K), 0.0021817 secs]
131.719: [GC (Allocation Failure)  35125K->27758K(52352K), 0.0012434 secs]
131.784: [GC (Allocation Failure)  35178K->27789K(52352K), 0.0009134 secs]
131.845: [GC (Allocation Failure)  35213K->27769K(52352K), 0.0009568 secs]
131.910: [GC (Allocation Failure)  35193K->27805K(52352K), 0.0009529 secs]
131.984: [GC (Allocation Failure)  35224K->27806K(52352K), 0.0009706 secs]
132.047: [GC (Allocation Failure)  35230K->27840K(52352K), 0.0009567 secs]
132.784: [GC (Allocation Failure)  35264K->27832K(52352K), 0.0016406 secs]
132.855: [GC (Allocation Failure)  35256K->27861K(52352K), 0.0009354 secs]
132.917: [GC (Allocation Failure)  35285K->27876K(52352K), 0.0008092 secs]
132.987: [GC (Allocation Failure)  35299K->27898K(52352K), 0.0008138 secs]
133.055: [GC (Allocation Failure)  35322K->27927K(52352K), 0.0009251 secs]
133.117: [GC (Allocation Failure)  35351K->27913K(52352K), 0.0008456 secs]
133.186: [GC (Allocation Failure)  35337K->27947K(52352K), 0.0010172 secs]
133.253: [GC (Allocation Failure)  35371K->27962K(52352K), 0.0011053 secs]
133.315: [GC (Allocation Failure)  35386K->27978K(52352K), 0.0013621 secs]
133.390: [GC (Allocation Failure)  35402K->28000K(52352K), 0.0009553 secs]
133.460: [GC (Allocation Failure)  35424K->28031K(52352K), 0.0015308 secs]
133.525: [GC (Allocation Failure)  35452K->28027K(52352K), 0.0014453 secs]
133.593: [GC (Allocation Failure)  35444K->28059K(52352K), 0.0008661 secs]
133.659: [GC (Allocation Failure)  35480K->28075K(52352K), 0.0009744 secs]
134.574: [GC (Allocation Failure)  35499K->28064K(52352K), 0.0015892 secs]
134.645: [GC (Allocation Failure)  35488K->28107K(52352K), 0.0009342 secs]
134.719: [GC (Allocation Failure)  35531K->28086K(52352K), 0.0011746 secs]
134.795: [GC (Allocation Failure)  35505K->28135K(52352K), 0.0009567 secs]
134.862: [GC (Allocation Failure)  35559K->28160K(52352K), 0.0011032 secs]
134.926: [GC (Allocation Failure)  35579K->28157K(52352K), 0.0009269 secs]
134.995: [GC (Allocation Failure)  35581K->28182K(52352K), 0.0011060 secs]
135.062: [GC (Allocation Failure)  35606K->28194K(52352K), 0.0015185 secs]
135.133: [GC (Allocation Failure)  35613K->28229K(52352K), 0.0009155 secs]
135.206: [GC (Allocation Failure)  35653K->28246K(52352K), 0.0011312 secs]
135.274: [GC (Allocation Failure)  35670K->28238K(52352K), 0.0011098 secs]
135.342: [GC (Allocation Failure)  35662K->28272K(52352K), 0.0011245 secs]
135.404: [GC (Allocation Failure)  35696K->28261K(52352K), 0.0009184 secs]
135.475: [GC (Allocation Failure)  35685K->28308K(52352K), 0.0011609 secs]
136.284: [GC (Allocation Failure)  35732K->28286K(52352K), 0.0012374 secs]
136.360: [GC (Allocation Failure)  35704K->28337K(52352K), 0.0009590 secs]
136.425: [GC (Allocation Failure)  35761K->28774K(52352K), 0.0011624 secs]
136.500: [GC (Allocation Failure)  36198K->28754K(52352K), 0.0017625 secs]
136.571: [GC (Allocation Failure)  36178K->28754K(52352K), 0.0015202 secs]
136.642: [GC (Allocation Failure)  36178K->28774K(52352K), 0.0010445 secs]
136.716: [GC (Allocation Failure)  36194K->28814K(52352K), 0.0011270 secs]
137.023: [GC (Allocation Failure)  36231K->28848K(52352K), 0.0011936 secs]
137.919: [GC (Allocation Failure)  36272K->28866K(52352K), 0.0046933 secs]
138.363: [GC (Allocation Failure)  36290K->28878K(52352K), 0.0013811 secs]
140.182: [GC (Allocation Failure)  36302K->28886K(52352K), 0.0016740 secs]
140.622: [GC (Allocation Failure)  36310K->28926K(52352K), 0.0011217 secs]
141.043: [GC (Allocation Failure)  36350K->28910K(52352K), 0.0012152 secs]
142.032: [GC (Allocation Failure)  36334K->28947K(52352K), 0.0013446 secs]
142.421: [GC (Allocation Failure)  36369K->28976K(52352K), 0.0013235 secs]
142.829: [GC (Allocation Failure)  36400K->28959K(52352K), 0.0012125 secs]
143.228: [GC (Allocation Failure)  36383K->28996K(52352K), 0.0013642 secs]
143.633: [GC (Allocation Failure)  36420K->29026K(52352K), 0.0015174 secs]
144.142: [GC (Allocation Failure)  36450K->29015K(52352K), 0.0011906 secs]
144.543: [GC (Allocation Failure)  36439K->29056K(52352K), 0.0017982 secs]
144.943: [GC (Allocation Failure)  36480K->29033K(52352K), 0.0012738 secs]
145.345: [GC (Allocation Failure)  36457K->29089K(52352K), 0.0017754 secs]
145.754: [GC (Allocation Failure)  36513K->29082K(52352K), 0.0012316 secs]
146.184: [GC (Allocation Failure)  36506K->29109K(52352K), 0.0022485 secs]
146.612: [GC (Allocation Failure)  36533K->29148K(52352K), 0.0015959 secs]
147.021: [GC (Allocation Failure)  36571K->29138K(52352K), 0.0011081 secs]
147.434: [GC (Allocation Failure)  36556K->29162K(52352K), 0.0012292 secs]
147.861: [GC (Allocation Failure)  36586K->29189K(52352K), 0.0013083 secs]
148.284: [GC (Allocation Failure)  36613K->29170K(52352K), 0.0011656 secs]
148.725: [GC (Allocation Failure)  36593K->29226K(52352K), 0.0011917 secs]
149.172: [GC (Allocation Failure)  36649K->29238K(52352K), 0.0020524 secs]
149.616: [GC (Allocation Failure)  36662K->29260K(52352K), 0.0022893 secs]
150.055: [GC (Allocation Failure)  36684K->29242K(52352K), 0.0022100 secs]
150.488: [GC (Allocation Failure)  36666K->29272K(52352K), 0.0012401 secs]
150.925: [GC (Allocation Failure)  36696K->29303K(52352K), 0.0014096 secs]
151.365: [GC (Allocation Failure)  36727K->29280K(52352K), 0.0021468 secs]
151.806: [GC (Allocation Failure)  36704K->29321K(52352K), 0.0023997 secs]
152.243: [GC (Allocation Failure)  36744K->29337K(52352K), 0.0014016 secs]
152.693: [GC (Allocation Failure)  36761K->29386K(52352K), 0.0012564 secs]
153.126: [GC (Allocation Failure)  36810K->29359K(52352K), 0.0016341 secs]
153.583: [GC (Allocation Failure)  36783K->29389K(52352K), 0.0014018 secs]
154.041: [GC (Allocation Failure)  36808K->29405K(52352K), 0.0016326 secs]
154.490: [GC (Allocation Failure)  36829K->29440K(52352K), 0.0013064 secs]
154.942: [GC (Allocation Failure)  36864K->29419K(52352K), 0.0014110 secs]
155.406: [GC (Allocation Failure)  36843K->29469K(52352K), 0.0014176 secs]
155.861: [GC (Allocation Failure)  36893K->29449K(52352K), 0.0014123 secs]
156.318: [GC (Allocation Failure)  36873K->29492K(52352K), 0.0013401 secs]
156.776: [GC (Allocation Failure)  36916K->29507K(52352K), 0.0024295 secs]
157.250: [GC (Allocation Failure)  36931K->29523K(52352K), 0.0011077 secs]
157.712: [GC (Allocation Failure)  36947K->29545K(52352K), 0.0015820 secs]
158.159: [GC (Allocation Failure)  36966K->29576K(52352K), 0.0012661 secs]
158.622: [GC (Allocation Failure)  37000K->29590K(52352K), 0.0014653 secs]
159.084: [GC (Allocation Failure)  37010K->29576K(52352K), 0.0014169 secs]
159.555: [GC (Allocation Failure)  37000K->29609K(52352K), 0.0013961 secs]
160.018: [GC (Allocation Failure)  37033K->29623K(52352K), 0.0014303 secs]
160.476: [GC (Allocation Failure)  37047K->29657K(52352K), 0.0012813 secs]
160.945: [GC (Allocation Failure)  37081K->29630K(52352K), 0.0014494 secs]
164.048: [GC (Allocation Failure)  37054K->29660K(52352K), 0.0010524 secs]
164.126: [GC (Allocation Failure)  37082K->29702K(52352K), 0.0009507 secs]
164.200: [GC (Allocation Failure)  37126K->29733K(52352K), 0.0009608 secs]
164.268: [GC (Allocation Failure)  37151K->29720K(52352K), 0.0009457 secs]
164.331: [GC (Allocation Failure)  37142K->29742K(52352K), 0.0009124 secs]
164.396: [GC (Allocation Failure)  37166K->29772K(52352K), 0.0009272 secs]
164.463: [GC (Allocation Failure)  37191K->29772K(52352K), 0.0009557 secs]
164.535: [GC (Allocation Failure)  37196K->29803K(52352K), 0.0009794 secs]
164.604: [GC (Allocation Failure)  37227K->29800K(52352K), 0.0015159 secs]
164.680: [GC (Allocation Failure)  37224K->29825K(52352K), 0.0010342 secs]
164.755: [GC (Allocation Failure)  37249K->29850K(52352K), 0.0010040 secs]
164.820: [GC (Allocation Failure)  37274K->29843K(52352K), 0.0008427 secs]
164.884: [GC (Allocation Failure)  37267K->29888K(52352K), 0.0011120 secs]
164.948: [GC (Allocation Failure)  37312K->29873K(52352K), 0.0008804 secs]
165.156: [GC (Allocation Failure)  37297K->29908K(52352K), 0.0023820 secs]
165.624: [GC (Allocation Failure)  37332K->29935K(52352K), 0.0013295 secs]
166.109: [GC (Allocation Failure)  37359K->29906K(52352K), 0.0021396 secs]
166.580: [GC (Allocation Failure)  37330K->29959K(52352K), 0.0016045 secs]
167.077: [GC (Allocation Failure)  37383K->29988K(52352K), 0.0019671 secs]
167.558: [GC (Allocation Failure)  37412K->29980K(52352K), 0.0013153 secs]
168.072: [GC (Allocation Failure)  37404K->30019K(52352K), 0.0015217 secs]
184.253: [GC (Allocation Failure)  37443K->30026K(52352K), 0.0010107 secs]
184.370: [GC (Allocation Failure)  37448K->30059K(52352K), 0.0010633 secs]
184.453: [GC (Allocation Failure)  37483K->30072K(52352K), 0.0010142 secs]
184.523: [GC (Allocation Failure)  37496K->30057K(52352K), 0.0011492 secs]
184.589: [GC (Allocation Failure)  37481K->30100K(52352K), 0.0008812 secs]
184.662: [GC (Allocation Failure)  37517K->30122K(52352K), 0.0009596 secs]
184.732: [GC (Allocation Failure)  37546K->30140K(52352K), 0.0010402 secs]
184.795: [GC (Allocation Failure)  37556K->30132K(52352K), 0.0008568 secs]
184.855: [GC (Allocation Failure)  37550K->30161K(52352K), 0.0009084 secs]
184.916: [GC (Allocation Failure)  37585K->30178K(52352K), 0.0008721 secs]
184.978: [GC (Allocation Failure)  37598K->30210K(52352K), 0.0009141 secs]
185.042: [GC (Allocation Failure)  37634K->30239K(52352K), 0.0009160 secs]
185.103: [GC (Allocation Failure)  37663K->30218K(52352K), 0.0009492 secs]
185.178: [GC (Allocation Failure)  37637K->30250K(52352K), 0.0014958 secs]
185.610: [GC (Allocation Failure)  37674K->30274K(52352K), 0.0011689 secs]
185.684: [GC (Allocation Failure)  37698K->30262K(52352K), 0.0010050 secs]
185.750: [GC (Allocation Failure)  37686K->30289K(52352K), 0.0009504 secs]
185.814: [GC (Allocation Failure)  37713K->30309K(52352K), 0.0008710 secs]
185.882: [GC (Allocation Failure)  37733K->30332K(52352K), 0.0010829 secs]
185.951: [GC (Allocation Failure)  37751K->30338K(52352K), 0.0009027 secs]
186.013: [GC (Allocation Failure)  37758K->30372K(52352K), 0.0008851 secs]
186.073: [GC (Allocation Failure)  37796K->30391K(52352K), 0.0009118 secs]
186.140: [GC (Allocation Failure)  37814K->30377K(52352K), 0.0009357 secs]
186.214: [GC (Allocation Failure)  37796K->30425K(52352K), 0.0009084 secs]
186.278: [GC (Allocation Failure)  37849K->30453K(52352K), 0.0008542 secs]
186.338: [GC (Allocation Failure)  37877K->30435K(52352K), 0.0008564 secs]
186.404: [GC (Allocation Failure)  37859K->30472K(52352K), 0.0010442 secs]
186.476: [GC (Allocation Failure)  37896K->30462K(52352K), 0.0008850 secs]
186.540: [GC (Allocation Failure)  37886K->30506K(52352K), 0.0008933 secs]
187.053: [GC (Allocation Failure)  37930K->30494K(52352K), 0.0008262 secs]
187.115: [GC (Allocation Failure)  37912K->30526K(52352K), 0.0008568 secs]
187.189: [GC (Allocation Failure)  37950K->30568K(52352K), 0.0009538 secs]
187.255: [GC (Allocation Failure)  37985K->30560K(52352K), 0.0008507 secs]
187.317: [GC (Allocation Failure)  37984K->30591K(52352K), 0.0008229 secs]
187.380: [GC (Allocation Failure)  38015K->30619K(52352K), 0.0009162 secs]
187.466: [GC (Allocation Failure)  38043K->30591K(52352K), 0.0009584 secs]
187.528: [GC (Allocation Failure)  38015K->30636K(52352K), 0.0008442 secs]
187.596: [GC (Allocation Failure)  38060K->30658K(52352K), 0.0010311 secs]
187.671: [GC (Allocation Failure)  38082K->30646K(52352K), 0.0009229 secs]
187.738: [GC (Allocation Failure)  38070K->30678K(52352K), 0.0008787 secs]
187.802: [GC (Allocation Failure)  38102K->30696K(52352K), 0.0009508 secs]
187.863: [GC (Allocation Failure)  38120K->30726K(52352K), 0.0009397 secs]
187.923: [GC (Allocation Failure)  38150K->30705K(52352K), 0.0008784 secs]
187.985: [GC (Allocation Failure)  38129K->30746K(52352K), 0.0009285 secs]
188.647: [GC (Allocation Failure)  38162K->30771K(52352K), 0.0015243 secs]
188.720: [GC (Allocation Failure)  38191K->30793K(52352K), 0.0008925 secs]
188.786: [GC (Allocation Failure)  38217K->30773K(52352K), 0.0017501 secs]
188.855: [GC (Allocation Failure)  38197K->30822K(52352K), 0.0008512 secs]
188.918: [GC (Allocation Failure)  38245K->30818K(52352K), 0.0008823 secs]
188.980: [GC (Allocation Failure)  38242K->30846K(52352K), 0.0011275 secs]
189.042: [GC (Allocation Failure)  38270K->30860K(52352K), 0.0008661 secs]
189.102: [GC (Allocation Failure)  38284K->30907K(52352K), 0.0009773 secs]
189.172: [GC (Allocation Failure)  38331K->30877K(52352K), 0.0010196 secs]
189.239: [GC (Allocation Failure)  38301K->30908K(52352K), 0.0008805 secs]
189.301: [GC (Allocation Failure)  38326K->30942K(52352K), 0.0008679 secs]
189.366: [GC (Allocation Failure)  38366K->30974K(52352K), 0.0009085 secs]
189.428: [GC (Allocation Failure)  38398K->30948K(52352K), 0.0011033 secs]
189.489: [GC (Allocation Failure)  38372K->30988K(52352K), 0.0008265 secs]
189.552: [GC (Allocation Failure)  38412K->31021K(52352K), 0.0009216 secs]
190.274: [GC (Allocation Failure)  38445K->30993K(52352K), 0.0010253 secs]
190.334: [GC (Allocation Failure)  38417K->31026K(52352K), 0.0008894 secs]
190.399: [GC (Allocation Failure)  38449K->31068K(52352K), 0.0008554 secs]
190.459: [GC (Allocation Failure)  38492K->31091K(52352K), 0.0010722 secs]
190.520: [GC (Allocation Failure)  38515K->31070K(52352K), 0.0008664 secs]
190.581: [GC (Allocation Failure)  38494K->31110K(52352K), 0.0009092 secs]
190.646: [GC (Allocation Failure)  38533K->31105K(52352K), 0.0008999 secs]
190.724: [GC (Allocation Failure)  38529K->31143K(52352K), 0.0010174 secs]
190.790: [GC (Allocation Failure)  38567K->31120K(52352K), 0.0009206 secs]
190.852: [GC (Allocation Failure)  38542K->31163K(52352K), 0.0008018 secs]
190.912: [GC (Allocation Failure)  38587K->31195K(52352K), 0.0009314 secs]
190.974: [GC (Allocation Failure)  38615K->31183K(52352K), 0.0008605 secs]
191.036: [GC (Allocation Failure)  38607K->31225K(52352K), 0.0008255 secs]
191.099: [GC (Allocation Failure)  38646K->31218K(52352K), 0.0008845 secs]
191.181: [GC (Allocation Failure)  38642K->31249K(52352K), 0.0010357 secs]
191.896: [GC (Allocation Failure)  38673K->31274K(52352K), 0.0010710 secs]
191.960: [GC (Allocation Failure)  38696K->31265K(52352K), 0.0008555 secs]
192.024: [GC (Allocation Failure)  38689K->31311K(52352K), 0.0011212 secs]
192.083: [GC (Allocation Failure)  38735K->31295K(52352K), 0.0007591 secs]
192.395: [GC (Allocation Failure)  38719K->31343K(52352K), 0.0012312 secs]
192.804: [GC (Allocation Failure)  38767K->31324K(52352K), 0.0013000 secs]
193.213: [GC (Allocation Failure)  38747K->31364K(52352K), 0.0011733 secs]
193.604: [GC (Allocation Failure)  38782K->31392K(52352K), 0.0010665 secs]
194.449: [GC (Allocation Failure)  38815K->31414K(52352K), 0.0012145 secs]
194.847: [GC (Allocation Failure)  38835K->31432K(52352K), 0.0012342 secs]
195.249: [GC (Allocation Failure)  38856K->31434K(52352K), 0.0011137 secs]
195.650: [GC (Allocation Failure)  38858K->31455K(52352K), 0.0019344 secs]
196.060: [GC (Allocation Failure)  38879K->31482K(52352K), 0.0012892 secs]
199.339: [GC (Allocation Failure)  38906K->31346K(52352K), 0.0008697 secs]
199.401: [GC (Allocation Failure)  38770K->31330K(52352K), 0.0013085 secs]
199.461: [GC (Allocation Failure)  38754K->31355K(52352K), 0.0008534 secs]
199.518: [GC (Allocation Failure)  38779K->31381K(52352K), 0.0008739 secs]
199.580: [GC (Allocation Failure)  38805K->31403K(52352K), 0.0007431 secs]
199.637: [GC (Allocation Failure)  38827K->31449K(52352K), 0.0007798 secs]
199.699: [GC (Allocation Failure)  38873K->31480K(52352K), 0.0007962 secs]
199.756: [GC (Allocation Failure)  38904K->31487K(52352K), 0.0010168 secs]
199.814: [GC (Allocation Failure)  38911K->31503K(52352K), 0.0008212 secs]
199.870: [GC (Allocation Failure)  38927K->31548K(52352K), 0.0008250 secs]
199.937: [GC (Allocation Failure)  38972K->31527K(52352K), 0.0009978 secs]
200.005: [GC (Allocation Failure)  38951K->31561K(52352K), 0.0009904 secs]
200.092: [GC (Allocation Failure)  38985K->31555K(52352K), 0.0009850 secs]
200.166: [GC (Allocation Failure)  38979K->31602K(52352K), 0.0008931 secs]
200.458: [GC (Allocation Failure)  39026K->31593K(52352K), 0.0020447 secs]
200.888: [GC (Allocation Failure)  39017K->31616K(52352K), 0.0023533 secs]
201.312: [GC (Allocation Failure)  39040K->31633K(52352K), 0.0018199 secs]
201.779: [GC (Allocation Failure)  39057K->31639K(52352K), 0.0022110 secs]
202.304: [GC (Allocation Failure)  39063K->31668K(52352K), 0.0022534 secs]
202.750: [GC (Allocation Failure)  39092K->31697K(52352K), 0.0012618 secs]
203.169: [GC (Allocation Failure)  39121K->31681K(52352K), 0.0013393 secs]
203.599: [GC (Allocation Failure)  39105K->31715K(52352K), 0.0013324 secs]
204.024: [GC (Allocation Failure)  39139K->31760K(52352K), 0.0014555 secs]
204.478: [GC (Allocation Failure)  39184K->31735K(52352K), 0.0020689 secs]
204.920: [GC (Allocation Failure)  39159K->31778K(52352K), 0.0014045 secs]
205.361: [GC (Allocation Failure)  39202K->31795K(52352K), 0.0016831 secs]
205.808: [GC (Allocation Failure)  39219K->31790K(52352K), 0.0014232 secs]
206.256: [GC (Allocation Failure)  39214K->31818K(52352K), 0.0017729 secs]
206.707: [GC (Allocation Failure)  39242K->31819K(52352K), 0.0013969 secs]
207.158: [GC (Allocation Failure)  39241K->31865K(52352K), 0.0015091 secs]
207.614: [GC (Allocation Failure)  39289K->31881K(52352K), 0.0014223 secs]
208.072: [GC (Allocation Failure)  39305K->31860K(52352K), 0.0024288 secs]
208.541: [GC (Allocation Failure)  39284K->31908K(52352K), 0.0013846 secs]
209.005: [GC (Allocation Failure)  39332K->31928K(52352K), 0.0014045 secs]
209.459: [GC (Allocation Failure)  39352K->31951K(52352K), 0.0014027 secs]
209.927: [GC (Allocation Failure)  39375K->31932K(52352K), 0.0023751 secs]
210.387: [GC (Allocation Failure)  39356K->31963K(52352K), 0.0012825 secs]
210.861: [GC (Allocation Failure)  39387K->31995K(52352K), 0.0013119 secs]
211.371: [GC (Allocation Failure)  39419K->31992K(52352K), 0.0013784 secs]
211.901: [GC (Allocation Failure)  39416K->32017K(52352K), 0.0014846 secs]
212.397: [GC (Allocation Failure)  39441K->32044K(52352K), 0.0020491 secs]
212.887: [GC (Allocation Failure)  39468K->32037K(52352K), 0.0013913 secs]
213.373: [GC (Allocation Failure)  39461K->32067K(52352K), 0.0013905 secs]
213.883: [GC (Allocation Failure)  39490K->32097K(52352K), 0.0012754 secs]
214.364: [GC (Allocation Failure)  39521K->32113K(52352K), 0.0014214 secs]
214.856: [GC (Allocation Failure)  39537K->32147K(52352K), 0.0014821 secs]
215.352: [GC (Allocation Failure)  39571K->32118K(52352K), 0.0012942 secs]
215.847: [GC (Allocation Failure)  39537K->32150K(52352K), 0.0014882 secs]
216.441: [GC (Allocation Failure)  39571K->32176K(52352K), 0.0012088 secs]
217.061: [GC (Allocation Failure)  39600K->32198K(52352K), 0.0018175 secs]
217.625: [GC (Allocation Failure)  39622K->32167K(52352K), 0.0022252 secs]
218.171: [GC (Allocation Failure)  39591K->32199K(52352K), 0.0030911 secs]
218.728: [GC (Allocation Failure)  39623K->32214K(52352K), 0.0018669 secs]
220.220: [GC (Allocation Failure)  39635K->32250K(52352K), 0.0010247 secs]
220.305: [GC (Allocation Failure)  39674K->32264K(52352K), 0.0037333 secs]
220.525: [GC (Allocation Failure)  39688K->32302K(52352K), 0.0011416 secs]
220.645: [GC (Allocation Failure)  39726K->32278K(52352K), 0.0018936 secs]
221.136: [GC (Allocation Failure)  39702K->32300K(52352K), 0.0024892 secs]
237.778: [GC (Allocation Failure)  39724K->32327K(52352K), 0.0011653 secs]
237.875: [GC (Allocation Failure)  39751K->32375K(52352K), 0.0010976 secs]
237.957: [GC (Allocation Failure)  39799K->32357K(52352K), 0.0016238 secs]
238.040: [GC (Allocation Failure)  39781K->32396K(52352K), 0.0017466 secs]
238.125: [GC (Allocation Failure)  39820K->32388K(52352K), 0.0008986 secs]
238.205: [GC (Allocation Failure)  39812K->32427K(52352K), 0.0016906 secs]
238.288: [GC (Allocation Failure)  39851K->32413K(52352K), 0.0010415 secs]
238.370: [GC (Allocation Failure)  39837K->32443K(52352K), 0.0011796 secs]
238.448: [GC (Allocation Failure)  39867K->32481K(52352K), 0.0009336 secs]
238.524: [GC (Allocation Failure)  39901K->32509K(52352K), 0.0015737 secs]
238.602: [GC (Allocation Failure)  39933K->32490K(52352K), 0.0009803 secs]
238.678: [GC (Allocation Failure)  39913K->32531K(52352K), 0.0010533 secs]
240.078: [GC (Allocation Failure)  39955K->32517K(52352K), 0.0009237 secs]
240.160: [GC (Allocation Failure)  39941K->32551K(52352K), 0.0017446 secs]
240.241: [GC (Allocation Failure)  39975K->32568K(52352K), 0.0014061 secs]
240.323: [GC (Allocation Failure)  39992K->32599K(52352K), 0.0012742 secs]
240.406: [GC (Allocation Failure)  40023K->32585K(52352K), 0.0009992 secs]
240.516: [GC (Allocation Failure)  40002K->32628K(52352K), 0.0010157 secs]
240.595: [GC (Allocation Failure)  40052K->32657K(52352K), 0.0016484 secs]
240.681: [GC (Allocation Failure)  40075K->32638K(52352K), 0.0009400 secs]
240.763: [GC (Allocation Failure)  40055K->32679K(52352K), 0.0009687 secs]
240.847: [GC (Allocation Failure)  40103K->32693K(52352K), 0.0009320 secs]
240.931: [GC (Allocation Failure)  40117K->32691K(52352K), 0.0010282 secs]
241.006: [GC (Allocation Failure)  40115K->32725K(52352K), 0.0010229 secs]
241.583: [GC (Allocation Failure)  40149K->32720K(52352K), 0.0012209 secs]
241.654: [GC (Allocation Failure)  40144K->32754K(52352K), 0.0011346 secs]
241.727: [GC (Allocation Failure)  40172K->32759K(52352K), 0.0009085 secs]
241.806: [GC (Allocation Failure)  40183K->32795K(52352K), 0.0009832 secs]
241.877: [GC (Allocation Failure)  40219K->32810K(52352K), 0.0009114 secs]
241.943: [GC (Allocation Failure)  40234K->32845K(52352K), 0.0008440 secs]
242.009: [GC (Allocation Failure)  40269K->32819K(52352K), 0.0012793 secs]
242.083: [GC (Allocation Failure)  40243K->32864K(52352K), 0.0010034 secs]
242.161: [GC (Allocation Failure)  40288K->32878K(52352K), 0.0010830 secs]
242.236: [GC (Allocation Failure)  40302K->32866K(52352K), 0.0012382 secs]
242.306: [GC (Allocation Failure)  40290K->32896K(52352K), 0.0012004 secs]
242.378: [GC (Allocation Failure)  40320K->32925K(52352K), 0.0009672 secs]
242.443: [GC (Allocation Failure)  40349K->32948K(52352K), 0.0011114 secs]
242.508: [GC (Allocation Failure)  40372K->32928K(52352K), 0.0011242 secs]
243.010: [GC (Allocation Failure)  40352K->32975K(52352K), 0.0009571 secs]
243.074: [GC (Allocation Failure)  40399K->32997K(52352K), 0.0010978 secs]
243.147: [GC (Allocation Failure)  40420K->32994K(52352K), 0.0009864 secs]
243.220: [GC (Allocation Failure)  40418K->33031K(52352K), 0.0009538 secs]
243.288: [GC (Allocation Failure)  40455K->33019K(52352K), 0.0011132 secs]
243.363: [GC (Allocation Failure)  40443K->33059K(52352K), 0.0009869 secs]
243.428: [GC (Allocation Failure)  40483K->33081K(52352K), 0.0009753 secs]
243.491: [GC (Allocation Failure)  40498K->33075K(52352K), 0.0009524 secs]
243.558: [GC (Allocation Failure)  40499K->33103K(52352K), 0.0008434 secs]
243.622: [GC (Allocation Failure)  40527K->33133K(52352K), 0.0011589 secs]
243.692: [GC (Allocation Failure)  40557K->33112K(52352K), 0.0017725 secs]
243.769: [GC (Allocation Failure)  40535K->33164K(52352K), 0.0009714 secs]
243.842: [GC (Allocation Failure)  40588K->33193K(52352K), 0.0009455 secs]
243.913: [GC (Allocation Failure)  40612K->33176K(52352K), 0.0008834 secs]
244.471: [GC (Allocation Failure)  40597K->33201K(52352K), 0.0008965 secs]
244.536: [GC (Allocation Failure)  40617K->33232K(52352K), 0.0008512 secs]
244.602: [GC (Allocation Failure)  40656K->33260K(52352K), 0.0008352 secs]
244.667: [GC (Allocation Failure)  40684K->33270K(52352K), 0.0012105 secs]
244.746: [GC (Allocation Failure)  40693K->33259K(52352K), 0.0009139 secs]
244.817: [GC (Allocation Failure)  40683K->33299K(52352K), 0.0008836 secs]
244.886: [GC (Allocation Failure)  40723K->33278K(52352K), 0.0008955 secs]
244.951: [GC (Allocation Failure)  40702K->33330K(52352K), 0.0009148 secs]
245.016: [GC (Allocation Failure)  40750K->33317K(52352K), 0.0009335 secs]
245.082: [GC (Allocation Failure)  40741K->33352K(52352K), 0.0009824 secs]
245.147: [GC (Allocation Failure)  40776K->33380K(52352K), 0.0008538 secs]
245.219: [GC (Allocation Failure)  40804K->33373K(52352K), 0.0012106 secs]
245.282: [GC (Allocation Failure)  40797K->33397K(52352K), 0.0008698 secs]
245.350: [GC (Allocation Failure)  40821K->33442K(52352K), 0.0009021 secs]
245.417: [GC (Allocation Failure)  40865K->33418K(52352K), 0.0008656 secs]
246.072: [GC (Allocation Failure)  40842K->33466K(52352K), 0.0011617 secs]
246.141: [GC (Allocation Failure)  40890K->33442K(52352K), 0.0009846 secs]
246.214: [GC (Allocation Failure)  40866K->33492K(52352K), 0.0010088 secs]
246.280: [GC (Allocation Failure)  40916K->33474K(52352K), 0.0008343 secs]
246.349: [GC (Allocation Failure)  40898K->33531K(52352K), 0.0008615 secs]
246.416: [GC (Allocation Failure)  40955K->33538K(52352K), 0.0009558 secs]
246.482: [GC (Allocation Failure)  40960K->33553K(52352K), 0.0009132 secs]
246.548: [GC (Allocation Failure)  40971K->33598K(52352K), 0.0009106 secs]
246.615: [GC (Allocation Failure)  41022K->33578K(52352K), 0.0011385 secs]
246.682: [GC (Allocation Failure)  41002K->33613K(52352K), 0.0009967 secs]
246.762: [GC (Allocation Failure)  41037K->33600K(52352K), 0.0010331 secs]
246.833: [GC (Allocation Failure)  41020K->33649K(52352K), 0.0008970 secs]
246.903: [GC (Allocation Failure)  41067K->33678K(52352K), 0.0008648 secs]
246.969: [GC (Allocation Failure)  41102K->33661K(52352K), 0.0009733 secs]
247.570: [GC (Allocation Failure)  41085K->33700K(52352K), 0.0009105 secs]
247.659: [GC (Allocation Failure)  41124K->33673K(52352K), 0.0010905 secs]
247.738: [GC (Allocation Failure)  41097K->33715K(52352K), 0.0012533 secs]
247.808: [GC (Allocation Failure)  41139K->33745K(52352K), 0.0008918 secs]
247.878: [GC (Allocation Failure)  41169K->33771K(52352K), 0.0008959 secs]
247.943: [GC (Allocation Failure)  41195K->33761K(52352K), 0.0008509 secs]
248.004: [GC (Allocation Failure)  41185K->33787K(52352K), 0.0009164 secs]
248.210: [GC (Allocation Failure)  41211K->33816K(52352K), 0.0011578 secs]
249.059: [GC (Allocation Failure)  41235K->33841K(52352K), 0.0011684 secs]
249.466: [GC (Allocation Failure)  41265K->33812K(52352K), 0.0014049 secs]
249.882: [GC (Allocation Failure)  41236K->33855K(52352K), 0.0012761 secs]
250.732: [GC (Allocation Failure)  41279K->33859K(52352K), 0.0022377 secs]
251.161: [GC (Allocation Failure)  41279K->33900K(52352K), 0.0013572 secs]
251.578: [GC (Allocation Failure)  41324K->33932K(52352K), 0.0022755 secs]
252.005: [GC (Allocation Failure)  41356K->33902K(52352K), 0.0019651 secs]
252.431: [GC (Allocation Failure)  41326K->33946K(52352K), 0.0013158 secs]
253.138: [GC (Allocation Failure)  41370K->33952K(52352K), 0.0011529 secs]
253.211: [GC (Allocation Failure)  41376K->33970K(52352K), 0.0010108 secs]
253.278: [GC (Allocation Failure)  41394K->33999K(52352K), 0.0009557 secs]
253.538: [GC (Allocation Failure)  41423K->33991K(52352K), 0.0013151 secs]
253.938: [GC (Allocation Failure)  41415K->34035K(52352K), 0.0010736 secs]
254.262: [GC (Allocation Failure)  41459K->34014K(52352K), 0.0007731 secs]
254.592: [GC (Allocation Failure)  41438K->34052K(52352K), 0.0008247 secs]
254.931: [GC (Allocation Failure)  41476K->34073K(52352K), 0.0014660 secs]
255.269: [GC (Allocation Failure)  41497K->34100K(52352K), 0.0014539 secs]
255.605: [GC (Allocation Failure)  41524K->34088K(52352K), 0.0009265 secs]
255.960: [GC (Allocation Failure)  41512K->34132K(52352K), 0.0010846 secs]
256.311: [GC (Allocation Failure)  41555K->34120K(52352K), 0.0008050 secs]
256.655: [GC (Allocation Failure)  41544K->34153K(52352K), 0.0014022 secs]
257.012: [GC (Allocation Failure)  41577K->34169K(52352K), 0.0014474 secs]
257.356: [GC (Allocation Failure)  41593K->34185K(52352K), 0.0012304 secs]
257.705: [GC (Allocation Failure)  41609K->34191K(52352K), 0.0012764 secs]
258.121: [GC (Allocation Failure)  41615K->34231K(52352K), 0.0013084 secs]
258.740: [GC (Allocation Failure)  41655K->34214K(52352K), 0.0015008 secs]
259.185: [GC (Allocation Failure)  41638K->34239K(52352K), 0.0023616 secs]
259.630: [GC (Allocation Failure)  41663K->34276K(52352K), 0.0014022 secs]
260.090: [GC (Allocation Failure)  41695K->34297K(52352K), 0.0014582 secs]
260.559: [GC (Allocation Failure)  41716K->34332K(52352K), 0.0012828 secs]
261.027: [GC (Allocation Failure)  41756K->34311K(52352K), 0.0014364 secs]
261.490: [GC (Allocation Failure)  41735K->34350K(52352K), 0.0014511 secs]
261.957: [GC (Allocation Failure)  41774K->34326K(52352K), 0.0023640 secs]
262.427: [GC (Allocation Failure)  41750K->34369K(52352K), 0.0012734 secs]
262.903: [GC (Allocation Failure)  41793K->34379K(52352K), 0.0023751 secs]
263.381: [GC (Allocation Failure)  41803K->34401K(52352K), 0.0013751 secs]
263.874: [GC (Allocation Failure)  41825K->34434K(52352K), 0.0014584 secs]
264.347: [GC (Allocation Failure)  41858K->34413K(52352K), 0.0023560 secs]
264.826: [GC (Allocation Failure)  41837K->34445K(52352K), 0.0022287 secs]
265.381: [GC (Allocation Failure)  41869K->34473K(52352K), 0.0012515 secs]
265.855: [GC (Allocation Failure)  41897K->34499K(52352K), 0.0014761 secs]
266.326: [GC (Allocation Failure)  41923K->34514K(52352K), 0.0013495 secs]
266.802: [GC (Allocation Failure)  41938K->34500K(52352K), 0.0013920 secs]
267.278: [GC (Allocation Failure)  41924K->34520K(52352K), 0.0023335 secs]
267.771: [GC (Allocation Failure)  41944K->34544K(52352K), 0.0014766 secs]
268.255: [GC (Allocation Failure)  41968K->34579K(52352K), 0.0013408 secs]
268.734: [GC (Allocation Failure)  42003K->34569K(52352K), 0.0014528 secs]
269.225: [GC (Allocation Failure)  41993K->34611K(52352K), 0.0012122 secs]
269.756: [GC (Allocation Failure)  42035K->34599K(52352K), 0.0013670 secs]
270.259: [GC (Allocation Failure)  42023K->34619K(52352K), 0.0023385 secs]
270.757: [GC (Allocation Failure)  42043K->34644K(52352K), 0.0022035 secs]
271.258: [GC (Allocation Failure)  42068K->34662K(52352K), 0.0024268 secs]
271.765: [GC (Allocation Failure)  42086K->34666K(52352K), 0.0023030 secs]
272.273: [GC (Allocation Failure)  42085K->34701K(52352K), 0.0014343 secs]
272.795: [GC (Allocation Failure)  42125K->34736K(52352K), 0.0014325 secs]
273.338: [GC (Allocation Failure)  42152K->34747K(52352K), 0.0013377 secs]
273.862: [GC (Allocation Failure)  42171K->34722K(52352K), 0.0019792 secs]
274.391: [GC (Allocation Failure)  42146K->34772K(52352K), 0.0012898 secs]
274.914: [GC (Allocation Failure)  42196K->34785K(52352K), 0.0021816 secs]
275.453: [GC (Allocation Failure)  42209K->34787K(52352K), 0.0023421 secs]
275.987: [GC (Allocation Failure)  42211K->34815K(52352K), 0.0023597 secs]
276.548: [GC (Allocation Failure)  42239K->34829K(52352K), 0.0022126 secs]
277.078: [GC (Allocation Failure)  42249K->34861K(52352K), 0.0014589 secs]
309.081: [GC (Allocation Failure)  42285K->34890K(52352K), 0.0015317 secs]
309.171: [GC (Allocation Failure)  42314K->34878K(52352K), 0.0017506 secs]
309.253: [GC (Allocation Failure)  42302K->34908K(52352K), 0.0010112 secs]
309.349: [GC (Allocation Failure)  42332K->34897K(52352K), 0.0010141 secs]
309.452: [GC (Allocation Failure)  42321K->34936K(52352K), 0.0009357 secs]
309.528: [GC (Allocation Failure)  42360K->34968K(52352K), 0.0009324 secs]
309.616: [GC (Allocation Failure)  42392K->34992K(52352K), 0.0010414 secs]
309.698: [GC (Allocation Failure)  42416K->34956K(52352K), 0.0010200 secs]
309.783: [GC (Allocation Failure)  42377K->34999K(52352K), 0.0020956 secs]
309.873: [GC (Allocation Failure)  42418K->35026K(52352K), 0.0010274 secs]
309.955: [GC (Allocation Failure)  42450K->35047K(52352K), 0.0012316 secs]
310.082: [GC (Allocation Failure)  42471K->35029K(52352K), 0.0010368 secs]
310.162: [GC (Allocation Failure)  42453K->35079K(52352K), 0.0011324 secs]
310.243: [GC (Allocation Failure)  42503K->35055K(52352K), 0.0010412 secs]
310.330: [GC (Allocation Failure)  42479K->35098K(52352K), 0.0016243 secs]
310.434: [GC (Allocation Failure)  42522K->35129K(52352K), 0.0012999 secs]
310.515: [GC (Allocation Failure)  42553K->35109K(52352K), 0.0010272 secs]
310.600: [GC (Allocation Failure)  42533K->35160K(52352K), 0.0011535 secs]
310.682: [GC (Allocation Failure)  42577K->35190K(52352K), 0.0009643 secs]
310.755: [GC (Allocation Failure)  42610K->35172K(52352K), 0.0009669 secs]
310.834: [GC (Allocation Failure)  42596K->35214K(52352K), 0.0009941 secs]
310.919: [GC (Allocation Failure)  42638K->35193K(52352K), 0.0010293 secs]
310.997: [GC (Allocation Failure)  42617K->35232K(52352K), 0.0009546 secs]
311.117: [GC (Allocation Failure)  42656K->35260K(52352K), 0.0008778 secs]
311.187: [GC (Allocation Failure)  42684K->35252K(52352K), 0.0009709 secs]
311.255: [GC (Allocation Failure)  42676K->35289K(52352K), 0.0012089 secs]
311.347: [GC (Allocation Failure)  42713K->35277K(52352K), 0.0010492 secs]
311.431: [GC (Allocation Failure)  42701K->35316K(52352K), 0.0009105 secs]
311.510: [GC (Allocation Failure)  42738K->35334K(52352K), 0.0010207 secs]
311.591: [GC (Allocation Failure)  42758K->35364K(52352K), 0.0012131 secs]
311.665: [GC (Allocation Failure)  42788K->35356K(52352K), 0.0009348 secs]
311.733: [GC (Allocation Failure)  42780K->35398K(52352K), 0.0009693 secs]
311.811: [GC (Allocation Failure)  42822K->35381K(52352K), 0.0012225 secs]
311.909: [GC (Allocation Failure)  42805K->35423K(52352K), 0.0010277 secs]
311.988: [GC (Allocation Failure)  42847K->35413K(52352K), 0.0010717 secs]
312.089: [GC (Allocation Failure)  42837K->35445K(52352K), 0.0013878 secs]
312.218: [GC (Allocation Failure)  42869K->35455K(52352K), 0.0011709 secs]
312.320: [GC (Allocation Failure)  42876K->35502K(52352K), 0.0008380 secs]
312.380: [GC (Allocation Failure)  42926K->35474K(52352K), 0.0008227 secs]
312.448: [GC (Allocation Failure)  42893K->35528K(52352K), 0.0008379 secs]
312.507: [GC (Allocation Failure)  42952K->35536K(52352K), 0.0008991 secs]
312.589: [GC (Allocation Failure)  42960K->35569K(52352K), 0.0012331 secs]
312.651: [GC (Allocation Failure)  42993K->35557K(52352K), 0.0008335 secs]
312.720: [GC (Allocation Failure)  42975K->35591K(52352K), 0.0008393 secs]
312.783: [GC (Allocation Failure)  43015K->35601K(52352K), 0.0008223 secs]
312.864: [GC (Allocation Failure)  43025K->35622K(52352K), 0.0010350 secs]
312.943: [GC (Allocation Failure)  43046K->35635K(52352K), 0.0010168 secs]
313.036: [GC (Allocation Failure)  43059K->35664K(52352K), 0.0010231 secs]
313.111: [GC (Allocation Failure)  43088K->35653K(52352K), 0.0008314 secs]
313.240: [GC (Allocation Failure)  43071K->35696K(52352K), 0.0016797 secs]
313.345: [GC (Allocation Failure)  43114K->35727K(52352K), 0.0015251 secs]
313.442: [GC (Allocation Failure)  43147K->35750K(52352K), 0.0010846 secs]
313.515: [GC (Allocation Failure)  43174K->35728K(52352K), 0.0008514 secs]
313.586: [GC (Allocation Failure)  43145K->35769K(52352K), 0.0009951 secs]
313.654: [GC (Allocation Failure)  43193K->35795K(52352K), 0.0010970 secs]
313.732: [GC (Allocation Failure)  43219K->35766K(52352K), 0.0012886 secs]
313.803: [GC (Allocation Failure)  43189K->35811K(52352K), 0.0009726 secs]
313.897: [GC (Allocation Failure)  43235K->35844K(52352K), 0.0009970 secs]
313.966: [GC (Allocation Failure)  43268K->35819K(52352K), 0.0015195 secs]
314.032: [GC (Allocation Failure)  43243K->35861K(52352K), 0.0009707 secs]
314.100: [GC (Allocation Failure)  43285K->35882K(52352K), 0.0009444 secs]
314.167: [GC (Allocation Failure)  43306K->35875K(52352K), 0.0009748 secs]
314.280: [GC (Allocation Failure)  43299K->35904K(52352K), 0.0008190 secs]
314.351: [GC (Allocation Failure)  43328K->35935K(52352K), 0.0012216 secs]
314.417: [GC (Allocation Failure)  43358K->35931K(52352K), 0.0009821 secs]
314.483: [GC (Allocation Failure)  43355K->35966K(52352K), 0.0015416 secs]
314.555: [GC (Allocation Failure)  43390K->35962K(52352K), 0.0009535 secs]
314.625: [GC (Allocation Failure)  43386K->35999K(52352K), 0.0009802 secs]
314.688: [GC (Allocation Failure)  43417K->35994K(52352K), 0.0009214 secs]
314.760: [GC (Allocation Failure)  43418K->36040K(52352K), 0.0008737 secs]
314.823: [GC (Allocation Failure)  43464K->36061K(52352K), 0.0009204 secs]
314.890: [GC (Allocation Failure)  43485K->36044K(52352K), 0.0012008 secs]
314.975: [GC (Allocation Failure)  43468K->36079K(52352K), 0.0009387 secs]
315.045: [GC (Allocation Failure)  43503K->36100K(52352K), 0.0009061 secs]
315.115: [GC (Allocation Failure)  43524K->36131K(52352K), 0.0009536 secs]
315.178: [GC (Allocation Failure)  43555K->36105K(52352K), 0.0009449 secs]
315.240: [GC (Allocation Failure)  43529K->36151K(52352K), 0.0011125 secs]
315.369: [GC (Allocation Failure)  43574K->36142K(52352K), 0.0008553 secs]
315.434: [GC (Allocation Failure)  43566K->36182K(52352K), 0.0011426 secs]
315.513: [GC (Allocation Failure)  43606K->36159K(52352K), 0.0010280 secs]
315.590: [GC (Allocation Failure)  43577K->36217K(52352K), 0.0013136 secs]
315.672: [GC (Allocation Failure)  43641K->36246K(52352K), 0.0008866 secs]
315.754: [GC (Allocation Failure)  43670K->36229K(52352K), 0.0010266 secs]
315.832: [GC (Allocation Failure)  43653K->36271K(52352K), 0.0009810 secs]
315.902: [GC (Allocation Failure)  43695K->36295K(52352K), 0.0010036 secs]
315.966: [GC (Allocation Failure)  43719K->36272K(52352K), 0.0010615 secs]
316.028: [GC (Allocation Failure)  43696K->36301K(52352K), 0.0008918 secs]
316.100: [GC (Allocation Failure)  43725K->36321K(52352K), 0.0009943 secs]
316.168: [GC (Allocation Failure)  43745K->36356K(52352K), 0.0013846 secs]
316.250: [GC (Allocation Failure)  43780K->36341K(52352K), 0.0009751 secs]
316.392: [GC (Allocation Failure)  43765K->36369K(52352K), 0.0009288 secs]
316.459: [GC (Allocation Failure)  43793K->36406K(52352K), 0.0009385 secs]
316.776: [GC (Allocation Failure)  43830K->36406K(52352K), 0.0021570 secs]
317.191: [GC (Allocation Failure)  43830K->36444K(52352K), 0.0011659 secs]
317.591: [GC (Allocation Failure)  43868K->36422K(52352K), 0.0013203 secs]
318.023: [GC (Allocation Failure)  43846K->36456K(52352K), 0.0021840 secs]
318.435: [GC (Allocation Failure)  43880K->36473K(52352K), 0.0020372 secs]
318.835: [GC (Allocation Failure)  43897K->36499K(52352K), 0.0011236 secs]
319.227: [GC (Allocation Failure)  43916K->36482K(52352K), 0.0018485 secs]
319.645: [GC (Allocation Failure)  43906K->36518K(52352K), 0.0013679 secs]
320.075: [GC (Allocation Failure)  43942K->36550K(52352K), 0.0018404 secs]
320.534: [GC (Allocation Failure)  43974K->36542K(52352K), 0.0020920 secs]
320.938: [GC (Allocation Failure)  43966K->36565K(52352K), 0.0022344 secs]
321.340: [GC (Allocation Failure)  43989K->36581K(52352K), 0.0021611 secs]
321.747: [GC (Allocation Failure)  44005K->36613K(52352K), 0.0013705 secs]
322.163: [GC (Allocation Failure)  44037K->36597K(52352K), 0.0021333 secs]
322.631: [GC (Allocation Failure)  44021K->36630K(52352K), 0.0014458 secs]
323.061: [GC (Allocation Failure)  44054K->36653K(52352K), 0.0013372 secs]
323.482: [GC (Allocation Failure)  44077K->36670K(52352K), 0.0023919 secs]
323.916: [GC (Allocation Failure)  44094K->36693K(52352K), 0.0011861 secs]
324.347: [GC (Allocation Failure)  44117K->36716K(52352K), 0.0019605 secs]
324.789: [GC (Allocation Failure)  44140K->36702K(52352K), 0.0025857 secs]
325.222: [GC (Allocation Failure)  44126K->36731K(52352K), 0.0013595 secs]
325.585: [GC (Allocation Failure)  44155K->36751K(52352K), 0.0015109 secs]
325.932: [GC (Allocation Failure)  44175K->36754K(52352K), 0.0013031 secs]
326.283: [GC (Allocation Failure)  44178K->36802K(52352K), 0.0008432 secs]
326.663: [GC (Allocation Failure)  44226K->36816K(52352K), 0.0014615 secs]
327.070: [GC (Allocation Failure)  44236K->36816K(52352K), 0.0013855 secs]
327.566: [GC (Allocation Failure)  44240K->36824K(52352K), 0.0017934 secs]
328.036: [GC (Allocation Failure)  44248K->36824K(52352K), 0.0018671 secs]
328.511: [GC (Allocation Failure)  44248K->36879K(52352K), 0.0017574 secs]
328.958: [GC (Allocation Failure)  44296K->36884K(52352K), 0.0013987 secs]
329.419: [GC (Allocation Failure)  44308K->36912K(52352K), 0.0018354 secs]
329.893: [GC (Allocation Failure)  44336K->36885K(52352K), 0.0024216 secs]
330.354: [GC (Allocation Failure)  44309K->36939K(52352K), 0.0023629 secs]
330.819: [GC (Allocation Failure)  44358K->36952K(52352K), 0.0018600 secs]
331.275: [GC (Allocation Failure)  44376K->36967K(52352K), 0.0014143 secs]
331.740: [GC (Allocation Failure)  44391K->36999K(52352K), 0.0014635 secs]
332.214: [GC (Allocation Failure)  44423K->36988K(52352K), 0.0014066 secs]
332.683: [GC (Allocation Failure)  44410K->37015K(52352K), 0.0013072 secs]
333.167: [GC (Allocation Failure)  44436K->37057K(52352K), 0.0014368 secs]
333.646: [GC (Allocation Failure)  44481K->37032K(52352K), 0.0014659 secs]
334.155: [GC (Allocation Failure)  44456K->37068K(52352K), 0.0011723 secs]
334.648: [GC (Allocation Failure)  44487K->37094K(52352K), 0.0015030 secs]
335.145: [GC (Allocation Failure)  44518K->37113K(52352K), 0.0017288 secs]
335.696: [GC (Allocation Failure)  44537K->37100K(52352K), 0.0012982 secs]
336.225: [GC (Allocation Failure)  44524K->37134K(52352K), 0.0013827 secs]
336.897: [GC (Allocation Failure)  44558K->37147K(52352K), 0.0012913 secs]
337.409: [GC (Allocation Failure)  44564K->37192K(52352K), 0.0015428 secs]
337.922: [GC (Allocation Failure)  44616K->37165K(52352K), 0.0014696 secs]
338.423: [GC (Allocation Failure)  44589K->37198K(52352K), 0.0023578 secs]
338.966: [GC (Allocation Failure)  44622K->37210K(52352K), 0.0024487 secs]
339.475: [GC (Allocation Failure)  44634K->37241K(52352K), 0.0014369 secs]
340.032: [GC (Allocation Failure)  44665K->37264K(52352K), 0.0018552 secs]
340.558: [GC (Allocation Failure)  44688K->37237K(52352K), 0.0015310 secs]
341.092: [GC (Allocation Failure)  44661K->37292K(52352K), 0.0014508 secs]
341.510: [GC (Allocation Failure)  44716K->37265K(52352K), 0.0015291 secs]
341.914: [GC (Allocation Failure)  44689K->37296K(52352K), 0.0009833 secs]
342.315: [GC (Allocation Failure)  44718K->37316K(52352K), 0.0011922 secs]
342.724: [GC (Allocation Failure)  44740K->37360K(52352K), 0.0008772 secs]
343.122: [GC (Allocation Failure)  44784K->37331K(52352K), 0.0013214 secs]
343.532: [GC (Allocation Failure)  44755K->37376K(52352K), 0.0009105 secs]
343.946: [GC (Allocation Failure)  44800K->37395K(52352K), 0.0016142 secs]
344.352: [GC (Allocation Failure)  44819K->37424K(52352K), 0.0008531 secs]
344.770: [GC (Allocation Failure)  44848K->37408K(52352K), 0.0009098 secs]
345.236: [GC (Allocation Failure)  44824K->37446K(52352K), 0.0013203 secs]
374.323: [GC (Allocation Failure)  44870K->37487K(52352K), 0.0009167 secs]
374.396: [GC (Allocation Failure)  44911K->37463K(52352K), 0.0009630 secs]
374.472: [GC (Allocation Failure)  44887K->37508K(52352K), 0.0013173 secs]
374.542: [GC (Allocation Failure)  44929K->37493K(52352K), 0.0008882 secs]
374.614: [GC (Allocation Failure)  44910K->37542K(52352K), 0.0010105 secs]
374.687: [GC (Allocation Failure)  44966K->37571K(52352K), 0.0009891 secs]
374.803: [GC (Allocation Failure)  44995K->37552K(52352K), 0.0017615 secs]
374.901: [GC (Allocation Failure)  44976K->37592K(52352K), 0.0016730 secs]
375.004: [GC (Allocation Failure)  45016K->37572K(52352K), 0.0012665 secs]
375.101: [GC (Allocation Failure)  44989K->37620K(52352K), 0.0010655 secs]
375.199: [GC (Allocation Failure)  45036K->37653K(52352K), 0.0013421 secs]
375.529: [GC (Allocation Failure)  45072K->37678K(52352K), 0.0009605 secs]
375.621: [GC (Allocation Failure)  45102K->37657K(52352K), 0.0010401 secs]
375.707: [GC (Allocation Failure)  45081K->37694K(52352K), 0.0010188 secs]
375.780: [GC (Allocation Failure)  45118K->37678K(52352K), 0.0010159 secs]
375.847: [GC (Allocation Failure)  45098K->37709K(52352K), 0.0009657 secs]
375.914: [GC (Allocation Failure)  45133K->37755K(52352K), 0.0014807 secs]
375.984: [GC (Allocation Failure)  45179K->37747K(52352K), 0.0009647 secs]
376.052: [GC (Allocation Failure)  45171K->37778K(52352K), 0.0011886 secs]
376.128: [GC (Allocation Failure)  45202K->37764K(52352K), 0.0010165 secs]
376.208: [GC (Allocation Failure)  45188K->37804K(52352K), 0.0009050 secs]
376.294: [GC (Allocation Failure)  45228K->37828K(52352K), 0.0009444 secs]
376.382: [GC (Allocation Failure)  45252K->37832K(52352K), 0.0012264 secs]
376.496: [GC (Allocation Failure)  45256K->37867K(52352K), 0.0012700 secs]
376.662: [GC (Allocation Failure)  45291K->37835K(52352K), 0.0016516 secs]
376.744: [GC (Allocation Failure)  45259K->37883K(52352K), 0.0011126 secs]
376.815: [GC (Allocation Failure)  45307K->37895K(52352K), 0.0009214 secs]
376.922: [GC (Allocation Failure)  45316K->37917K(52352K), 0.0010648 secs]
376.991: [GC (Allocation Failure)  45341K->37954K(52352K), 0.0015965 secs]
377.103: [GC (Allocation Failure)  45378K->37980K(52352K), 0.0018035 secs]
377.211: [GC (Allocation Failure)  45404K->37956K(52352K), 0.0019218 secs]
377.303: [GC (Allocation Failure)  45380K->37993K(52352K), 0.0012614 secs]
377.394: [GC (Allocation Failure)  45417K->37966K(52352K), 0.0017981 secs]
377.488: [GC (Allocation Failure)  45390K->38013K(52352K), 0.0022895 secs]
377.579: [GC (Allocation Failure)  45436K->38032K(52352K), 0.0009596 secs]
377.711: [GC (Allocation Failure)  45456K->38078K(52352K), 0.0010704 secs]
377.795: [GC (Allocation Failure)  45502K->38057K(52352K), 0.0010120 secs]
377.878: [GC (Allocation Failure)  45481K->38090K(52352K), 0.0010266 secs]
377.977: [GC (Allocation Failure)  45514K->38073K(52352K), 0.0021266 secs]
378.073: [GC (Allocation Failure)  45497K->38115K(52352K), 0.0009793 secs]
378.157: [GC (Allocation Failure)  45539K->38162K(52352K), 0.0015306 secs]
378.236: [GC (Allocation Failure)  45582K->38136K(52352K), 0.0010501 secs]
378.321: [GC (Allocation Failure)  45560K->38178K(52352K), 0.0012886 secs]
378.390: [GC (Allocation Failure)  45602K->38131K(52352K), 0.0036161 secs]
378.472: [GC (Allocation Failure)  45555K->38204K(52352K), 0.0010180 secs]
378.541: [GC (Allocation Failure)  45628K->38194K(52352K), 0.0009651 secs]
378.609: [GC (Allocation Failure)  45618K->38243K(52352K), 0.0011166 secs]
378.727: [GC (Allocation Failure)  45667K->38238K(52352K), 0.0008630 secs]
378.826: [GC (Allocation Failure)  45657K->38265K(52352K), 0.0010332 secs]
378.919: [GC (Allocation Failure)  45688K->38322K(52352K), 0.0013388 secs]
379.008: [GC (Allocation Failure)  45746K->38285K(52352K), 0.0010783 secs]
379.089: [GC (Allocation Failure)  45705K->38328K(52352K), 0.0018205 secs]
379.185: [GC (Allocation Failure)  45752K->38344K(52352K), 0.0017965 secs]
379.282: [GC (Allocation Failure)  45768K->38339K(52352K), 0.0014569 secs]
379.383: [GC (Allocation Failure)  45763K->38356K(52352K), 0.0015044 secs]
379.490: [GC (Allocation Failure)  45780K->38396K(52352K), 0.0016928 secs]
379.570: [GC (Allocation Failure)  45816K->38397K(52352K), 0.0009760 secs]
379.639: [GC (Allocation Failure)  45815K->38432K(52352K), 0.0009610 secs]
379.750: [GC (Allocation Failure)  45849K->38460K(52352K), 0.0010497 secs]
379.825: [GC (Allocation Failure)  45884K->38442K(52352K), 0.0009893 secs]
379.909: [GC (Allocation Failure)  45860K->38468K(52352K), 0.0018095 secs]
379.993: [GC (Allocation Failure)  45892K->38511K(52352K), 0.0010647 secs]
380.067: [GC (Allocation Failure)  45935K->38486K(52352K), 0.0010279 secs]
380.138: [GC (Allocation Failure)  45903K->38520K(52352K), 0.0008773 secs]
380.211: [GC (Allocation Failure)  45944K->38560K(52352K), 0.0013625 secs]
380.285: [GC (Allocation Failure)  45984K->38542K(52352K), 0.0008888 secs]
380.359: [GC (Allocation Failure)  45966K->38581K(52352K), 0.0011846 secs]
380.439: [GC (Allocation Failure)  46005K->38557K(52352K), 0.0013482 secs]
380.521: [GC (Allocation Failure)  45981K->38596K(52352K), 0.0010501 secs]
380.593: [GC (Allocation Failure)  46020K->38618K(52352K), 0.0011685 secs]
380.666: [GC (Allocation Failure)  46042K->38649K(52352K), 0.0009689 secs]
380.813: [GC (Allocation Failure)  46073K->38667K(52352K), 0.0017370 secs]
380.906: [GC (Allocation Failure)  46091K->38651K(52352K), 0.0017383 secs]
380.999: [GC (Allocation Failure)  46075K->38687K(52352K), 0.0017946 secs]
381.084: [GC (Allocation Failure)  46111K->38718K(52352K), 0.0016034 secs]
381.198: [GC (Allocation Failure)  46142K->38748K(52352K), 0.0009644 secs]
381.295: [GC (Allocation Failure)  46172K->38713K(52352K), 0.0010775 secs]
381.373: [GC (Allocation Failure)  46137K->38763K(52352K), 0.0011051 secs]
381.517: [GC (Allocation Failure)  46187K->38783K(52352K), 0.0016794 secs]
381.621: [GC (Allocation Failure)  46207K->38767K(52352K), 0.0013501 secs]
381.800: [GC (Allocation Failure)  46191K->38817K(52352K), 0.0016648 secs]
381.956: [GC (Allocation Failure)  46241K->38797K(52352K), 0.0012002 secs]
382.155: [GC (Allocation Failure)  46219K->38809K(52352K), 0.0030571 secs]
382.341: [GC (Allocation Failure)  46233K->38868K(52352K), 0.0016296 secs]
382.534: [GC (Allocation Failure)  46292K->38839K(52352K), 0.0023935 secs]
382.711: [GC (Allocation Failure)  46263K->38883K(52352K), 0.0013493 secs]
382.989: [GC (Allocation Failure)  46307K->38912K(52352K), 0.0010464 secs]
383.128: [GC (Allocation Failure)  46336K->38937K(52352K), 0.0008939 secs]
383.269: [GC (Allocation Failure)  46361K->38907K(52352K), 0.0015561 secs]
383.417: [GC (Allocation Failure)  46331K->38954K(52352K), 0.0015625 secs]
383.575: [GC (Allocation Failure)  46377K->38980K(52352K), 0.0016486 secs]
383.717: [GC (Allocation Failure)  46404K->38972K(52352K), 0.0016768 secs]
383.993: [GC (Allocation Failure)  46396K->39007K(52352K), 0.0007815 secs]
384.459: [GC (Allocation Failure)  46431K->39039K(52352K), 0.0009381 secs]
384.927: [GC (Allocation Failure)  46463K->39003K(52352K), 0.0018724 secs]
385.343: [GC (Allocation Failure)  46427K->39050K(52352K), 0.0020699 secs]
385.777: [GC (Allocation Failure)  46474K->39066K(52352K), 0.0022057 secs]
386.197: [GC (Allocation Failure)  46490K->39099K(52352K), 0.0013676 secs]
386.634: [GC (Allocation Failure)  46516K->39083K(52352K), 0.0012272 secs]
387.086: [GC (Allocation Failure)  46507K->39121K(52352K), 0.0018534 secs]
387.519: [GC (Allocation Failure)  46545K->39146K(52352K), 0.0012240 secs]
387.968: [GC (Allocation Failure)  46570K->39170K(52352K), 0.0013869 secs]
388.452: [GC (Allocation Failure)  46594K->39150K(52352K), 0.0020938 secs]
388.872: [GC (Allocation Failure)  46574K->39181K(52352K), 0.0012253 secs]
389.302: [GC (Allocation Failure)  46598K->39202K(52352K), 0.0012249 secs]
389.760: [GC (Allocation Failure)  46626K->39245K(52352K), 0.0014650 secs]
390.203: [GC (Allocation Failure)  46669K->39219K(52352K), 0.0016012 secs]
390.643: [GC (Allocation Failure)  46643K->39248K(52352K), 0.0013332 secs]
391.080: [GC (Allocation Failure)  46672K->39263K(52352K), 0.0014171 secs]
391.518: [GC (Allocation Failure)  46682K->39283K(52352K), 0.0014496 secs]
391.948: [GC (Allocation Failure)  46707K->39327K(52352K), 0.0012868 secs]
392.378: [GC (Allocation Failure)  46751K->39293K(52352K), 0.0013007 secs]
392.852: [GC (Allocation Failure)  46711K->39347K(52352K), 0.0013681 secs]
393.310: [GC (Allocation Failure)  46770K->39335K(52352K), 0.0021018 secs]
393.792: [GC (Allocation Failure)  46759K->39367K(52352K), 0.0012690 secs]
394.272: [GC (Allocation Failure)  46791K->39407K(52352K), 0.0016123 secs]
394.740: [GC (Allocation Failure)  46831K->39373K(52352K), 0.0020879 secs]
395.209: [GC (Allocation Failure)  46797K->39412K(52352K), 0.0015137 secs]
395.680: [GC (Allocation Failure)  46836K->39433K(52352K), 0.0015716 secs]
396.166: [GC (Allocation Failure)  46857K->39437K(52352K), 0.0020493 secs]
396.675: [GC (Allocation Failure)  46861K->39452K(52352K), 0.0026611 secs]
397.182: [GC (Allocation Failure)  46876K->39480K(52352K), 0.0012892 secs]
397.683: [GC (Allocation Failure)  46904K->46934K(52352K), 0.0040100 secs]
397.688: [Full GC (Allocation Failure)  46934K->26867K(52352K), 0.1123706 secs]
398.291: [GC (Allocation Failure)  34291K->26949K(52352K), 0.0011955 secs]
398.786: [GC (Allocation Failure)  34373K->26919K(52352K), 0.0018899 secs]
399.295: [GC (Allocation Failure)  34343K->26934K(52352K), 0.0020018 secs]
399.808: [GC (Allocation Failure)  34358K->26964K(52352K), 0.0017161 secs]
400.310: [GC (Allocation Failure)  34388K->27003K(52352K), 0.0009603 secs]
400.830: [GC (Allocation Failure)  34427K->27028K(52352K), 0.0009397 secs]
401.332: [GC (Allocation Failure)  34452K->27045K(52352K), 0.0026499 secs]
401.846: [GC (Allocation Failure)  34469K->27070K(52352K), 0.0021606 secs]
402.365: [GC (Allocation Failure)  34494K->27090K(52352K), 0.0021778 secs]
402.880: [GC (Allocation Failure)  34514K->27107K(52352K), 0.0021850 secs]
403.393: [GC (Allocation Failure)  34525K->27138K(52352K), 0.0010722 secs]
403.896: [GC (Allocation Failure)  34556K->27159K(52352K), 0.0020388 secs]
404.429: [GC (Allocation Failure)  34583K->27193K(52352K), 0.0010479 secs]
404.937: [GC (Allocation Failure)  34617K->27167K(52352K), 0.0012171 secs]
405.471: [GC (Allocation Failure)  34591K->27210K(52352K), 0.0022244 secs]
405.991: [GC (Allocation Failure)  34634K->27197K(52352K), 0.0011738 secs]
406.587: [GC (Allocation Failure)  34621K->27242K(52352K), 0.0013663 secs]
407.204: [GC (Allocation Failure)  34666K->27230K(52352K), 0.0017981 secs]
407.753: [GC (Allocation Failure)  34654K->27261K(52352K), 0.0021085 secs]
408.304: [GC (Allocation Failure)  34682K->27287K(52352K), 0.0012417 secs]
408.840: [GC (Allocation Failure)  34710K->27321K(52352K), 0.0011752 secs]
409.355: [GC (Allocation Failure)  34745K->27296K(52352K), 0.0011292 secs]
409.879: [GC (Allocation Failure)  34715K->27326K(52352K), 0.0022696 secs]
410.395: [GC (Allocation Failure)  34750K->27368K(52352K), 0.0024664 secs]
410.928: [GC (Allocation Failure)  34792K->27352K(52352K), 0.0011465 secs]
411.448: [GC (Allocation Failure)  34776K->27376K(52352K), 0.0013143 secs]
411.879: [GC (Allocation Failure)  34800K->27390K(52352K), 0.0013182 secs]
412.375: [GC (Allocation Failure)  34814K->27421K(52352K), 0.0011843 secs]
412.930: [GC (Allocation Failure)  34845K->27406K(52352K), 0.0011506 secs]
444.487: [GC (Allocation Failure)  34830K->27456K(52352K), 0.0012136 secs]
444.573: [GC (Allocation Failure)  34880K->27452K(52352K), 0.0010053 secs]
444.673: [GC (Allocation Failure)  34876K->27489K(52352K), 0.0008062 secs]
444.740: [GC (Allocation Failure)  34913K->27477K(52352K), 0.0007850 secs]
444.806: [GC (Allocation Failure)  34901K->27504K(52352K), 0.0007904 secs]
444.883: [GC (Allocation Failure)  34928K->27555K(52352K), 0.0007889 secs]
444.950: [GC (Allocation Failure)  34979K->27571K(52352K), 0.0007811 secs]
445.019: [GC (Allocation Failure)  34995K->27553K(52352K), 0.0014103 secs]
445.089: [GC (Allocation Failure)  34977K->27588K(52352K), 0.0008324 secs]
445.156: [GC (Allocation Failure)  35012K->27575K(52352K), 0.0008078 secs]
445.225: [GC (Allocation Failure)  34994K->27622K(52352K), 0.0007897 secs]
445.289: [GC (Allocation Failure)  35046K->27653K(52352K), 0.0007823 secs]
445.359: [GC (Allocation Failure)  35077K->27641K(52352K), 0.0008202 secs]
445.486: [GC (Allocation Failure)  35065K->27676K(52352K), 0.0008023 secs]
445.569: [GC (Allocation Failure)  35100K->27659K(52352K), 0.0014787 secs]
445.651: [GC (Allocation Failure)  35083K->27702K(52352K), 0.0014719 secs]
445.725: [GC (Allocation Failure)  35126K->27715K(52352K), 0.0008018 secs]
445.791: [GC (Allocation Failure)  35132K->27741K(52352K), 0.0009331 secs]
445.869: [GC (Allocation Failure)  35165K->27771K(52352K), 0.0008020 secs]
445.937: [GC (Allocation Failure)  35195K->27760K(52352K), 0.0007855 secs]
446.007: [GC (Allocation Failure)  35182K->27793K(52352K), 0.0008083 secs]
446.081: [GC (Allocation Failure)  35217K->27823K(52352K), 0.0007561 secs]
446.149: [GC (Allocation Failure)  35247K->27805K(52352K), 0.0007807 secs]
446.223: [GC (Allocation Failure)  35229K->27841K(52352K), 0.0008028 secs]
446.286: [GC (Allocation Failure)  35265K->27826K(52352K), 0.0007809 secs]
446.350: [GC (Allocation Failure)  35247K->27870K(52352K), 0.0007868 secs]
446.421: [GC (Allocation Failure)  35294K->27904K(52352K), 0.0008180 secs]
446.553: [GC (Allocation Failure)  35328K->27881K(52352K), 0.0007681 secs]
446.615: [GC (Allocation Failure)  35305K->27922K(52352K), 0.0007737 secs]
446.684: [GC (Allocation Failure)  35346K->27926K(52352K), 0.0007778 secs]
446.758: [GC (Allocation Failure)  35350K->27960K(52352K), 0.0007963 secs]
446.826: [GC (Allocation Failure)  35379K->27979K(52352K), 0.0008109 secs]
446.892: [GC (Allocation Failure)  35400K->28010K(52352K), 0.0007868 secs]
446.956: [GC (Allocation Failure)  35434K->27990K(52352K), 0.0007395 secs]
447.024: [GC (Allocation Failure)  35414K->28029K(52352K), 0.0008040 secs]
447.099: [GC (Allocation Failure)  35453K->28012K(52352K), 0.0007824 secs]
447.180: [GC (Allocation Failure)  35436K->28055K(52352K), 0.0007966 secs]
447.244: [GC (Allocation Failure)  35473K->28075K(52352K), 0.0007818 secs]
447.308: [GC (Allocation Failure)  35499K->28110K(52352K), 0.0007756 secs]
447.369: [GC (Allocation Failure)  35534K->28088K(52352K), 0.0007870 secs]
447.452: [GC (Allocation Failure)  35512K->28123K(52352K), 0.0007959 secs]
447.523: [GC (Allocation Failure)  35547K->28111K(52352K), 0.0007604 secs]
447.660: [GC (Allocation Failure)  35535K->28154K(52352K), 0.0008148 secs]
447.724: [GC (Allocation Failure)  35578K->28144K(52352K), 0.0007781 secs]
447.791: [GC (Allocation Failure)  35568K->28187K(52352K), 0.0007523 secs]
447.871: [GC (Allocation Failure)  35611K->28212K(52352K), 0.0007900 secs]
447.944: [GC (Allocation Failure)  35634K->28244K(52352K), 0.0007614 secs]
448.014: [GC (Allocation Failure)  35668K->28109K(52352K), 0.0009803 secs]
448.090: [GC (Allocation Failure)  35533K->28090K(52352K), 0.0009760 secs]
448.161: [GC (Allocation Failure)  35514K->28115K(52352K), 0.0007998 secs]
448.252: [GC (Allocation Failure)  35537K->28149K(52352K), 0.0014746 secs]
448.333: [GC (Allocation Failure)  35566K->28170K(52352K), 0.0008987 secs]
448.424: [GC (Allocation Failure)  35594K->28204K(52352K), 0.0015556 secs]
448.512: [GC (Allocation Failure)  35628K->28231K(52352K), 0.0008449 secs]
448.656: [GC (Allocation Failure)  35655K->28252K(52352K), 0.0007674 secs]
448.735: [GC (Allocation Failure)  35676K->28248K(52352K), 0.0008083 secs]
448.815: [GC (Allocation Failure)  35667K->28289K(52352K), 0.0008007 secs]
448.897: [GC (Allocation Failure)  35708K->28277K(52352K), 0.0015591 secs]
448.981: [GC (Allocation Failure)  35701K->28322K(52352K), 0.0007985 secs]
449.072: [GC (Allocation Failure)  35746K->28307K(52352K), 0.0008406 secs]
449.165: [GC (Allocation Failure)  35728K->28354K(52352K), 0.0008020 secs]
449.248: [GC (Allocation Failure)  35774K->28351K(52352K), 0.0008071 secs]
449.330: [GC (Allocation Failure)  35775K->28388K(52352K), 0.0008045 secs]
449.413: [GC (Allocation Failure)  35812K->28375K(52352K), 0.0007993 secs]
449.500: [GC (Allocation Failure)  35799K->28416K(52352K), 0.0007941 secs]
449.588: [GC (Allocation Failure)  35840K->28413K(52352K), 0.0008164 secs]
449.717: [GC (Allocation Failure)  35837K->28453K(52352K), 0.0007932 secs]
449.830: [GC (Allocation Failure)  35877K->28462K(52352K), 0.0015944 secs]
449.927: [GC (Allocation Failure)  35886K->28490K(52352K), 0.0008171 secs]
450.004: [GC (Allocation Failure)  35907K->28491K(52352K), 0.0007913 secs]
450.088: [GC (Allocation Failure)  35915K->28522K(52352K), 0.0008705 secs]
450.161: [GC (Allocation Failure)  35941K->28520K(52352K), 0.0007931 secs]
450.227: [GC (Allocation Failure)  35941K->28557K(52352K), 0.0007982 secs]
450.298: [GC (Allocation Failure)  35975K->28586K(52352K), 0.0007708 secs]
450.377: [GC (Allocation Failure)  36010K->28568K(52352K), 0.0008029 secs]
450.464: [GC (Allocation Failure)  35992K->28605K(52352K), 0.0007994 secs]
450.553: [GC (Allocation Failure)  36029K->28625K(52352K), 0.0010294 secs]
450.643: [GC (Allocation Failure)  36049K->28625K(52352K), 0.0008225 secs]
450.774: [GC (Allocation Failure)  36049K->28656K(52352K), 0.0008129 secs]
450.848: [GC (Allocation Failure)  36080K->28645K(52352K), 0.0007983 secs]
450.920: [GC (Allocation Failure)  36069K->28685K(52352K), 0.0008317 secs]
450.986: [GC (Allocation Failure)  36109K->28719K(52352K), 0.0007582 secs]
451.058: [GC (Allocation Failure)  36143K->28694K(52352K), 0.0007783 secs]
451.128: [GC (Allocation Failure)  36118K->28742K(52352K), 0.0008394 secs]
451.198: [GC (Allocation Failure)  36166K->28730K(52352K), 0.0008043 secs]
451.265: [GC (Allocation Failure)  36154K->28768K(52352K), 0.0007968 secs]
451.330: [GC (Allocation Failure)  36192K->28765K(52352K), 0.0007906 secs]
451.399: [GC (Allocation Failure)  36189K->28800K(52352K), 0.0008296 secs]
451.477: [GC (Allocation Failure)  36224K->28825K(52352K), 0.0007906 secs]
451.555: [GC (Allocation Failure)  36249K->28814K(52352K), 0.0007918 secs]
451.626: [GC (Allocation Failure)  36238K->28851K(52352K), 0.0007656 secs]
451.698: [GC (Allocation Failure)  36275K->28874K(52352K), 0.0008167 secs]
452.107: [GC (Allocation Failure)  36298K->28858K(52352K), 0.0019370 secs]
452.606: [GC (Allocation Failure)  36282K->28908K(52352K), 0.0016475 secs]
453.058: [GC (Allocation Failure)  36332K->28895K(52352K), 0.0009636 secs]
453.467: [GC (Allocation Failure)  36316K->28940K(52352K), 0.0009816 secs]
453.913: [GC (Allocation Failure)  36364K->28968K(52352K), 0.0010143 secs]
454.335: [GC (Allocation Failure)  36392K->28944K(52352K), 0.0009846 secs]
454.753: [GC (Allocation Failure)  36368K->28977K(52352K), 0.0020547 secs]
455.212: [GC (Allocation Failure)  36401K->29009K(52352K), 0.0011332 secs]
455.619: [GC (Allocation Failure)  36428K->29035K(52352K), 0.0010333 secs]
456.063: [GC (Allocation Failure)  36457K->29018K(52352K), 0.0021396 secs]
456.489: [GC (Allocation Failure)  36442K->29043K(52352K), 0.0012234 secs]
456.939: [GC (Allocation Failure)  36467K->29082K(52352K), 0.0011225 secs]
457.360: [GC (Allocation Failure)  36502K->29056K(52352K), 0.0011776 secs]
457.796: [GC (Allocation Failure)  36480K->29081K(52352K), 0.0009000 secs]
458.221: [GC (Allocation Failure)  36505K->29117K(52352K), 0.0008636 secs]
458.639: [GC (Allocation Failure)  36541K->29127K(52352K), 0.0010166 secs]
459.083: [GC (Allocation Failure)  36551K->29143K(52352K), 0.0018502 secs]
459.500: [GC (Allocation Failure)  36567K->29169K(52352K), 0.0008785 secs]
459.919: [GC (Allocation Failure)  36593K->29162K(52352K), 0.0010367 secs]
460.334: [GC (Allocation Failure)  36586K->29188K(52352K), 0.0019155 secs]
460.765: [GC (Allocation Failure)  36612K->29214K(52352K), 0.0011477 secs]
461.187: [GC (Allocation Failure)  36631K->29238K(52352K), 0.0008531 secs]
461.531: [GC (Allocation Failure)  36662K->29275K(52352K), 0.0007094 secs]
461.877: [GC (Allocation Failure)  36699K->29238K(52352K), 0.0013409 secs]
462.224: [GC (Allocation Failure)  36662K->29269K(52352K), 0.0013037 secs]
462.571: [GC (Allocation Failure)  36693K->29296K(52352K), 0.0013226 secs]
462.924: [GC (Allocation Failure)  36720K->29288K(52352K), 0.0008237 secs]
463.280: [GC (Allocation Failure)  36712K->29333K(52352K), 0.0007199 secs]
463.633: [GC (Allocation Failure)  36757K->29314K(52352K), 0.0014647 secs]
463.997: [GC (Allocation Failure)  36738K->29360K(52352K), 0.0007206 secs]
464.516: [GC (Allocation Failure)  36784K->29383K(52352K), 0.0007335 secs]
464.877: [GC (Allocation Failure)  36799K->29387K(52352K), 0.0007403 secs]
465.253: [GC (Allocation Failure)  36811K->29416K(52352K), 0.0007599 secs]
465.647: [GC (Allocation Failure)  36840K->29431K(52352K), 0.0022900 secs]
466.141: [GC (Allocation Failure)  36855K->29425K(52352K), 0.0083902 secs]
466.622: [GC (Allocation Failure)  36849K->29449K(52352K), 0.0018031 secs]
467.103: [GC (Allocation Failure)  36869K->29478K(52352K), 0.0009590 secs]
467.532: [GC (Allocation Failure)  36902K->29514K(52352K), 0.0011768 secs]
468.076: [GC (Allocation Failure)  36938K->29489K(52352K), 0.0679635 secs]
468.641: [GC (Allocation Failure)  36913K->29529K(52352K), 0.0015358 secs]
469.127: [GC (Allocation Failure)  36949K->29561K(52352K), 0.0010895 secs]
469.635: [GC (Allocation Failure)  36985K->29570K(52352K), 0.0011143 secs]
470.109: [GC (Allocation Failure)  36994K->29548K(52352K), 0.0017566 secs]
470.601: [GC (Allocation Failure)  36972K->29564K(52352K), 0.0020017 secs]
471.123: [GC (Allocation Failure)  36988K->29601K(52352K), 0.0019114 secs]
471.632: [GC (Allocation Failure)  37025K->29618K(52352K), 0.0021961 secs]
472.152: [GC (Allocation Failure)  37042K->29647K(52352K), 0.0018883 secs]
472.690: [GC (Allocation Failure)  37071K->29621K(52352K), 0.0012756 secs]
473.245: [GC (Allocation Failure)  37045K->29681K(52352K), 0.0010600 secs]
473.780: [GC (Allocation Failure)  37105K->29677K(52352K), 0.0012528 secs]
474.309: [GC (Allocation Failure)  37101K->29714K(52352K), 0.0011665 secs]
474.932: [GC (Allocation Failure)  37138K->29702K(52352K), 0.0011799 secs]
475.451: [GC (Allocation Failure)  37126K->29741K(52352K), 0.0011360 secs]
475.989: [GC (Allocation Failure)  37165K->29748K(52352K), 0.0021696 secs]
476.523: [GC (Allocation Failure)  37172K->29766K(52352K), 0.0022384 secs]
477.052: [GC (Allocation Failure)  37190K->29796K(52352K), 0.0011758 secs]
477.600: [GC (Allocation Failure)  37219K->29797K(52352K), 0.0011143 secs]
478.137: [GC (Allocation Failure)  37218K->29830K(52352K), 0.0011818 secs]
478.696: [GC (Allocation Failure)  37254K->29859K(52352K), 0.0011599 secs]
479.250: [GC (Allocation Failure)  37283K->29835K(52352K), 0.0020351 secs]
479.820: [GC (Allocation Failure)  37259K->29869K(52352K), 0.0021690 secs]
480.382: [GC (Allocation Failure)  37293K->29892K(52352K), 0.0021673 secs]
480.947: [GC (Allocation Failure)  37316K->29875K(52352K), 0.0025155 secs]
481.512: [GC (Allocation Failure)  37299K->29911K(52352K), 0.0019468 secs]
513.883: [GC (Allocation Failure)  37335K->29952K(52352K), 0.0010332 secs]
513.981: [GC (Allocation Failure)  37376K->29936K(52352K), 0.0008326 secs]
514.058: [GC (Allocation Failure)  37360K->29979K(52352K), 0.0007788 secs]
514.127: [GC (Allocation Failure)  37403K->29967K(52352K), 0.0007844 secs]
514.189: [GC (Allocation Failure)  37391K->30005K(52352K), 0.0007905 secs]
514.255: [GC (Allocation Failure)  37429K->30029K(52352K), 0.0007760 secs]
514.318: [GC (Allocation Failure)  37453K->30023K(52352K), 0.0007632 secs]
514.379: [GC (Allocation Failure)  37447K->30052K(52352K), 0.0007950 secs]
514.440: [GC (Allocation Failure)  37476K->30077K(52352K), 0.0007714 secs]
514.500: [GC (Allocation Failure)  37498K->30077K(52352K), 0.0007587 secs]
514.567: [GC (Allocation Failure)  37501K->30114K(52352K), 0.0007427 secs]
514.626: [GC (Allocation Failure)  37538K->30118K(52352K), 0.0007735 secs]
514.686: [GC (Allocation Failure)  37542K->30147K(52352K), 0.0007785 secs]
514.756: [GC (Allocation Failure)  37571K->30133K(52352K), 0.0007854 secs]
514.895: [GC (Allocation Failure)  37557K->30173K(52352K), 0.0007683 secs]
514.952: [GC (Allocation Failure)  37597K->30164K(52352K), 0.0007441 secs]
515.014: [GC (Allocation Failure)  37588K->30214K(52352K), 0.0007756 secs]
515.081: [GC (Allocation Failure)  37638K->30201K(52352K), 0.0007481 secs]
515.140: [GC (Allocation Failure)  37618K->30247K(52352K), 0.0008036 secs]
515.212: [GC (Allocation Failure)  37664K->30277K(52352K), 0.0020959 secs]
515.297: [GC (Allocation Failure)  37696K->30260K(52352K), 0.0008391 secs]
515.361: [GC (Allocation Failure)  37679K->30299K(52352K), 0.0007754 secs]
515.426: [GC (Allocation Failure)  37716K->30307K(52352K), 0.0007919 secs]
515.492: [GC (Allocation Failure)  37731K->30332K(52352K), 0.0007667 secs]
515.561: [GC (Allocation Failure)  37756K->30336K(52352K), 0.0007984 secs]
515.626: [GC (Allocation Failure)  37756K->30366K(52352K), 0.0007949 secs]
515.689: [GC (Allocation Failure)  37790K->30346K(52352K), 0.0008396 secs]
515.766: [GC (Allocation Failure)  37770K->30393K(52352K), 0.0008003 secs]
515.833: [GC (Allocation Failure)  37810K->30390K(52352K), 0.0008118 secs]
515.967: [GC (Allocation Failure)  37814K->30432K(52352K), 0.0007317 secs]
516.026: [GC (Allocation Failure)  37851K->30433K(52352K), 0.0007457 secs]
516.100: [GC (Allocation Failure)  37857K->30466K(52352K), 0.0008361 secs]
516.162: [GC (Allocation Failure)  37890K->30456K(52352K), 0.0007776 secs]
516.224: [GC (Allocation Failure)  37880K->30494K(52352K), 0.0007898 secs]
516.290: [GC (Allocation Failure)  37918K->30491K(52352K), 0.0007704 secs]
516.351: [GC (Allocation Failure)  37915K->30527K(52352K), 0.0007807 secs]
516.413: [GC (Allocation Failure)  37951K->30524K(52352K), 0.0007598 secs]
516.478: [GC (Allocation Failure)  37948K->30565K(52352K), 0.0007579 secs]
516.573: [GC (Allocation Failure)  37989K->30553K(52352K), 0.0007698 secs]
516.639: [GC (Allocation Failure)  37974K->30601K(52352K), 0.0007631 secs]
516.706: [GC (Allocation Failure)  38025K->30630K(52352K), 0.0007612 secs]
516.788: [GC (Allocation Failure)  38054K->30606K(52352K), 0.0008083 secs]
516.858: [GC (Allocation Failure)  38030K->30648K(52352K), 0.0008095 secs]
516.925: [GC (Allocation Failure)  38072K->30635K(52352K), 0.0008050 secs]
517.053: [GC (Allocation Failure)  38059K->30682K(52352K), 0.0007720 secs]
517.117: [GC (Allocation Failure)  38106K->30702K(52352K), 0.0007978 secs]
517.179: [GC (Allocation Failure)  38126K->30734K(52352K), 0.0008005 secs]
517.239: [GC (Allocation Failure)  38158K->30733K(52352K), 0.0007719 secs]
517.305: [GC (Allocation Failure)  38156K->30751K(52352K), 0.0007796 secs]
517.366: [GC (Allocation Failure)  38175K->30783K(52352K), 0.0007637 secs]
517.428: [GC (Allocation Failure)  38207K->30763K(52352K), 0.0007585 secs]
517.491: [GC (Allocation Failure)  38187K->30797K(52352K), 0.0007698 secs]
517.558: [GC (Allocation Failure)  38221K->30821K(52352K), 0.0007889 secs]
517.636: [GC (Allocation Failure)  38245K->30820K(52352K), 0.0008110 secs]
517.707: [GC (Allocation Failure)  38239K->30854K(52352K), 0.0007702 secs]
517.789: [GC (Allocation Failure)  38278K->30883K(52352K), 0.0007940 secs]
517.858: [GC (Allocation Failure)  38307K->30863K(52352K), 0.0007818 secs]
517.922: [GC (Allocation Failure)  38287K->30899K(52352K), 0.0007552 secs]
517.988: [GC (Allocation Failure)  38323K->30921K(52352K), 0.0007921 secs]
518.125: [GC (Allocation Failure)  38345K->30911K(52352K), 0.0008060 secs]
518.184: [GC (Allocation Failure)  38335K->30960K(52352K), 0.0007773 secs]
518.243: [GC (Allocation Failure)  38384K->30979K(52352K), 0.0008428 secs]
518.307: [GC (Allocation Failure)  38403K->30967K(52352K), 0.0007753 secs]
518.368: [GC (Allocation Failure)  38391K->31004K(52352K), 0.0008017 secs]
518.430: [GC (Allocation Failure)  38424K->31011K(52352K), 0.0008115 secs]
518.492: [GC (Allocation Failure)  38435K->31037K(52352K), 0.0007607 secs]
518.555: [GC (Allocation Failure)  38461K->31042K(52352K), 0.0007466 secs]
518.625: [GC (Allocation Failure)  38466K->31072K(52352K), 0.0007848 secs]
518.693: [GC (Allocation Failure)  38496K->31075K(52352K), 0.0008153 secs]
518.773: [GC (Allocation Failure)  38499K->31105K(52352K), 0.0007761 secs]
518.840: [GC (Allocation Failure)  38529K->31090K(52352K), 0.0008042 secs]
518.909: [GC (Allocation Failure)  38514K->31138K(52352K), 0.0007849 secs]
518.974: [GC (Allocation Failure)  38556K->31142K(52352K), 0.0007939 secs]
519.038: [GC (Allocation Failure)  38566K->31172K(52352K), 0.0008487 secs]
519.181: [GC (Allocation Failure)  38596K->31152K(52352K), 0.0008078 secs]
519.244: [GC (Allocation Failure)  38576K->31199K(52352K), 0.0007661 secs]
519.311: [GC (Allocation Failure)  38616K->31221K(52352K), 0.0008190 secs]
519.373: [GC (Allocation Failure)  38641K->31254K(52352K), 0.0007794 secs]
519.435: [GC (Allocation Failure)  38678K->31234K(52352K), 0.0007985 secs]
519.498: [GC (Allocation Failure)  38658K->31272K(52352K), 0.0008306 secs]
519.557: [GC (Allocation Failure)  38696K->31253K(52352K), 0.0007720 secs]
519.620: [GC (Allocation Failure)  38677K->31307K(52352K), 0.0007991 secs]
519.701: [GC (Allocation Failure)  38731K->31333K(52352K), 0.0007890 secs]
519.782: [GC (Allocation Failure)  38757K->31315K(52352K), 0.0007808 secs]
519.851: [GC (Allocation Failure)  38739K->31354K(52352K), 0.0007759 secs]
519.916: [GC (Allocation Failure)  38778K->31375K(52352K), 0.0007701 secs]
519.980: [GC (Allocation Failure)  38799K->31367K(52352K), 0.0008184 secs]
520.044: [GC (Allocation Failure)  38791K->31401K(52352K), 0.0008101 secs]
520.109: [GC (Allocation Failure)  38820K->31406K(52352K), 0.0008348 secs]
520.250: [GC (Allocation Failure)  38830K->31440K(52352K), 0.0008235 secs]
520.318: [GC (Allocation Failure)  38864K->31429K(52352K), 0.0008287 secs]
520.400: [GC (Allocation Failure)  38853K->31460K(52352K), 0.0016469 secs]
520.768: [GC (Allocation Failure)  38884K->31488K(52352K), 0.0010421 secs]
521.174: [GC (Allocation Failure)  38912K->31482K(52352K), 0.0009667 secs]
521.558: [GC (Allocation Failure)  38906K->31501K(52352K), 0.0018682 secs]
521.946: [GC (Allocation Failure)  38921K->31537K(52352K), 0.0009928 secs]
522.343: [GC (Allocation Failure)  38961K->31571K(52352K), 0.0015256 secs]
522.732: [GC (Allocation Failure)  38995K->31546K(52352K), 0.0011261 secs]
523.127: [GC (Allocation Failure)  38970K->31592K(52352K), 0.0011048 secs]
523.521: [GC (Allocation Failure)  39016K->31578K(52352K), 0.0019821 secs]
523.920: [GC (Allocation Failure)  39002K->31617K(52352K), 0.0010989 secs]
524.331: [GC (Allocation Failure)  39041K->31640K(52352K), 0.0010665 secs]
524.736: [GC (Allocation Failure)  39064K->31623K(52352K), 0.0020946 secs]
525.163: [GC (Allocation Failure)  39047K->31667K(52352K), 0.0021563 secs]
525.581: [GC (Allocation Failure)  39091K->31655K(52352K), 0.0019917 secs]
525.997: [GC (Allocation Failure)  39079K->31698K(52352K), 0.0019829 secs]
526.414: [GC (Allocation Failure)  39122K->31688K(52352K), 0.0019569 secs]
526.837: [GC (Allocation Failure)  39112K->31719K(52352K), 0.0015672 secs]
527.255: [GC (Allocation Failure)  39143K->31761K(52352K), 0.0010427 secs]
527.684: [GC (Allocation Failure)  39185K->31745K(52352K), 0.0019646 secs]
528.129: [GC (Allocation Failure)  39169K->31782K(52352K), 0.0019817 secs]
528.554: [GC (Allocation Failure)  39206K->31778K(52352K), 0.0011289 secs]
528.988: [GC (Allocation Failure)  39202K->31817K(52352K), 0.0010819 secs]
529.423: [GC (Allocation Failure)  39241K->31822K(52352K), 0.0010960 secs]
529.868: [GC (Allocation Failure)  39246K->31853K(52352K), 0.0020148 secs]
530.306: [GC (Allocation Failure)  39277K->31838K(52352K), 0.0011317 secs]
530.752: [GC (Allocation Failure)  39262K->31880K(52352K), 0.0012358 secs]
531.200: [GC (Allocation Failure)  39304K->31903K(52352K), 0.0011739 secs]
531.707: [GC (Allocation Failure)  39327K->31935K(52352K), 0.0010477 secs]
532.153: [GC (Allocation Failure)  39359K->31875K(52352K), 0.0016562 secs]
532.608: [GC (Allocation Failure)  39299K->31948K(52352K), 0.0011127 secs]
533.064: [GC (Allocation Failure)  39372K->31957K(52352K), 0.0020378 secs]
533.527: [GC (Allocation Failure)  39381K->31985K(52352K), 0.0011141 secs]
533.995: [GC (Allocation Failure)  39406K->31985K(52352K), 0.0011261 secs]
534.490: [GC (Allocation Failure)  39409K->32005K(52352K), 0.0023909 secs]
534.976: [GC (Allocation Failure)  39429K->32034K(52352K), 0.0020588 secs]
535.484: [GC (Allocation Failure)  39458K->32023K(52352K), 0.0011420 secs]
535.992: [GC (Allocation Failure)  39447K->32067K(52352K), 0.0011491 secs]
536.497: [GC (Allocation Failure)  39491K->32054K(52352K), 0.0011110 secs]
537.013: [GC (Allocation Failure)  39475K->32100K(52352K), 0.0011806 secs]
537.516: [GC (Allocation Failure)  39524K->32129K(52352K), 0.0008876 secs]
538.026: [GC (Allocation Failure)  39553K->32110K(52352K), 0.0010822 secs]
538.538: [GC (Allocation Failure)  39527K->32145K(52352K), 0.0011306 secs]
539.049: [GC (Allocation Failure)  39569K->32164K(52352K), 0.0011137 secs]
539.582: [GC (Allocation Failure)  39581K->32153K(52352K), 0.0010721 secs]
540.119: [GC (Allocation Failure)  39577K->32176K(52352K), 0.0021095 secs]
540.667: [GC (Allocation Failure)  39600K->32212K(52352K), 0.0008492 secs]
541.204: [GC (Allocation Failure)  39636K->32197K(52352K), 0.0022284 secs]
541.722: [GC (Allocation Failure)  39621K->32234K(52352K), 0.0010643 secs]
542.238: [GC (Allocation Failure)  39658K->32253K(52352K), 0.0021209 secs]
542.744: [GC (Allocation Failure)  39677K->32282K(52352K), 0.0013616 secs]
543.264: [GC (Allocation Failure)  39706K->32313K(52352K), 0.0012423 secs]
543.773: [GC (Allocation Failure)  39737K->32287K(52352K), 0.0010784 secs]
544.296: [GC (Allocation Failure)  39711K->32332K(52352K), 0.0012880 secs]
544.812: [GC (Allocation Failure)  39756K->32360K(52352K), 0.0011545 secs]
545.327: [GC (Allocation Failure)  39784K->32348K(52352K), 0.0011918 secs]
545.869: [GC (Allocation Failure)  39772K->32381K(52352K), 0.0011677 secs]
546.387: [GC (Allocation Failure)  39799K->32410K(52352K), 0.0011995 secs]
546.906: [GC (Allocation Failure)  39834K->32392K(52352K), 0.0023376 secs]
547.440: [GC (Allocation Failure)  39816K->32427K(52352K), 0.0011820 secs]
547.983: [GC (Allocation Failure)  39851K->32447K(52352K), 0.0011894 secs]
548.502: [GC (Allocation Failure)  39864K->32454K(52352K), 0.0012005 secs]
549.041: [GC (Allocation Failure)  39878K->32480K(52352K), 0.0011825 secs]
549.566: [GC (Allocation Failure)  39904K->32468K(52352K), 0.0011653 secs]
550.107: [GC (Allocation Failure)  39892K->32512K(52352K), 0.0011783 secs]
550.639: [GC (Allocation Failure)  39936K->32541K(52352K), 0.0012182 secs]
551.172: [GC (Allocation Failure)  39965K->32517K(52352K), 0.0022725 secs]
551.705: [GC (Allocation Failure)  39941K->32557K(52352K), 0.0021825 secs]
581.878: [GC (Allocation Failure)  39976K->32568K(52352K), 0.0017698 secs]
581.946: [GC (Allocation Failure)  39992K->32594K(52352K), 0.0007555 secs]
582.012: [GC (Allocation Failure)  40018K->32598K(52352K), 0.0007910 secs]
582.070: [GC (Allocation Failure)  40014K->32628K(52352K), 0.0007743 secs]
582.132: [GC (Allocation Failure)  40052K->32657K(52352K), 0.0008006 secs]
582.192: [GC (Allocation Failure)  40074K->32649K(52352K), 0.0007641 secs]
582.281: [GC (Allocation Failure)  40073K->32687K(52352K), 0.0007536 secs]
582.340: [GC (Allocation Failure)  40111K->32710K(52352K), 0.0008340 secs]
582.408: [GC (Allocation Failure)  40128K->32697K(52352K), 0.0007829 secs]
582.476: [GC (Allocation Failure)  40114K->32731K(52352K), 0.0007728 secs]
582.538: [GC (Allocation Failure)  40155K->32760K(52352K), 0.0007631 secs]
582.644: [GC (Allocation Failure)  40184K->32742K(52352K), 0.0007864 secs]
582.728: [GC (Allocation Failure)  40166K->32768K(52352K), 0.0014995 secs]
582.817: [GC (Allocation Failure)  40192K->32797K(52352K), 0.0017318 secs]
582.963: [GC (Allocation Failure)  40219K->32789K(52352K), 0.0017881 secs]
583.049: [GC (Allocation Failure)  40213K->32831K(52352K), 0.0007533 secs]
583.130: [GC (Allocation Failure)  40255K->32815K(52352K), 0.0007896 secs]
583.197: [GC (Allocation Failure)  40239K->32863K(52352K), 0.0008089 secs]
583.264: [GC (Allocation Failure)  40287K->32848K(52352K), 0.0007856 secs]
583.340: [GC (Allocation Failure)  40267K->32890K(52352K), 0.0008065 secs]
583.416: [GC (Allocation Failure)  40314K->32914K(52352K), 0.0008277 secs]
583.495: [GC (Allocation Failure)  40332K->32911K(52352K), 0.0007567 secs]
583.560: [GC (Allocation Failure)  40335K->32945K(52352K), 0.0008056 secs]
583.633: [GC (Allocation Failure)  40362K->32943K(52352K), 0.0007889 secs]
583.708: [GC (Allocation Failure)  40367K->32980K(52352K), 0.0008404 secs]
583.784: [GC (Allocation Failure)  40398K->32981K(52352K), 0.0007918 secs]
583.860: [GC (Allocation Failure)  40405K->33013K(52352K), 0.0007878 secs]
583.975: [GC (Allocation Failure)  40437K->32998K(52352K), 0.0007737 secs]
584.042: [GC (Allocation Failure)  40422K->33046K(52352K), 0.0008061 secs]
584.123: [GC (Allocation Failure)  40470K->33035K(52352K), 0.0013706 secs]
584.205: [GC (Allocation Failure)  40453K->33074K(52352K), 0.0008066 secs]
584.291: [GC (Allocation Failure)  40498K->33108K(52352K), 0.0018250 secs]
584.375: [GC (Allocation Failure)  40532K->33090K(52352K), 0.0007962 secs]
584.463: [GC (Allocation Failure)  40506K->33132K(52352K), 0.0009132 secs]
584.547: [GC (Allocation Failure)  40556K->33160K(52352K), 0.0008239 secs]
584.626: [GC (Allocation Failure)  40576K->33142K(52352K), 0.0008271 secs]
584.696: [GC (Allocation Failure)  40566K->33180K(52352K), 0.0012411 secs]
584.765: [GC (Allocation Failure)  40604K->33169K(52352K), 0.0008093 secs]
584.850: [GC (Allocation Failure)  40593K->33208K(52352K), 0.0007872 secs]
584.922: [GC (Allocation Failure)  40628K->33212K(52352K), 0.0009520 secs]
585.048: [GC (Allocation Failure)  40636K->33247K(52352K), 0.0007871 secs]
585.117: [GC (Allocation Failure)  40671K->33235K(52352K), 0.0008201 secs]
585.181: [GC (Allocation Failure)  40659K->33286K(52352K), 0.0008166 secs]
585.250: [GC (Allocation Failure)  40710K->33309K(52352K), 0.0007537 secs]
585.331: [GC (Allocation Failure)  40731K->33306K(52352K), 0.0008179 secs]
585.421: [GC (Allocation Failure)  40730K->33332K(52352K), 0.0007986 secs]
585.509: [GC (Allocation Failure)  40756K->33316K(52352K), 0.0008022 secs]
585.591: [GC (Allocation Failure)  40740K->33363K(52352K), 0.0008016 secs]
585.678: [GC (Allocation Failure)  40787K->33348K(52352K), 0.0007720 secs]
585.759: [GC (Allocation Failure)  40768K->33396K(52352K), 0.0008285 secs]
585.845: [GC (Allocation Failure)  40820K->33413K(52352K), 0.0009308 secs]
585.927: [GC (Allocation Failure)  40837K->33402K(52352K), 0.0007997 secs]
586.068: [GC (Allocation Failure)  40826K->33444K(52352K), 0.0015968 secs]
586.150: [GC (Allocation Failure)  40868K->33431K(52352K), 0.0012210 secs]
586.232: [GC (Allocation Failure)  40855K->33475K(52352K), 0.0007917 secs]
586.321: [GC (Allocation Failure)  40892K->33487K(52352K), 0.0008126 secs]
586.406: [GC (Allocation Failure)  40905K->33514K(52352K), 0.0020702 secs]
586.489: [GC (Allocation Failure)  40938K->33544K(52352K), 0.0008600 secs]
586.558: [GC (Allocation Failure)  40968K->33501K(52352K), 0.0018085 secs]
586.629: [GC (Allocation Failure)  40925K->33566K(52352K), 0.0007811 secs]
586.697: [GC (Allocation Failure)  40990K->33594K(52352K), 0.0007957 secs]
586.764: [GC (Allocation Failure)  41018K->33575K(52352K), 0.0008313 secs]
586.839: [GC (Allocation Failure)  40999K->33613K(52352K), 0.0008374 secs]
586.918: [GC (Allocation Failure)  41037K->33599K(52352K), 0.0007924 secs]
586.989: [GC (Allocation Failure)  41023K->33643K(52352K), 0.0007785 secs]
587.109: [GC (Allocation Failure)  41067K->33666K(52352K), 0.0007921 secs]
587.177: [GC (Allocation Failure)  41090K->33659K(52352K), 0.0007998 secs]
587.258: [GC (Allocation Failure)  41083K->33701K(52352K), 0.0007829 secs]
587.345: [GC (Allocation Failure)  41125K->33730K(52352K), 0.0008058 secs]
587.429: [GC (Allocation Failure)  41154K->33710K(52352K), 0.0008127 secs]
587.515: [GC (Allocation Failure)  41134K->33750K(52352K), 0.0008004 secs]
587.619: [GC (Allocation Failure)  41174K->33734K(52352K), 0.0008178 secs]
587.707: [GC (Allocation Failure)  41154K->33776K(52352K), 0.0008417 secs]
587.791: [GC (Allocation Failure)  41200K->33801K(52352K), 0.0015956 secs]
587.876: [GC (Allocation Failure)  41218K->33802K(52352K), 0.0008316 secs]
587.967: [GC (Allocation Failure)  41226K->33828K(52352K), 0.0015971 secs]
588.055: [GC (Allocation Failure)  41246K->33865K(52352K), 0.0008700 secs]
588.173: [GC (Allocation Failure)  41289K->33846K(52352K), 0.0007406 secs]
588.240: [GC (Allocation Failure)  41270K->33876K(52352K), 0.0008313 secs]
588.317: [GC (Allocation Failure)  41300K->33904K(52352K), 0.0007934 secs]
588.396: [GC (Allocation Failure)  41324K->33906K(52352K), 0.0007689 secs]
588.468: [GC (Allocation Failure)  41325K->33936K(52352K), 0.0008100 secs]
588.546: [GC (Allocation Failure)  41360K->33964K(52352K), 0.0007706 secs]
588.630: [GC (Allocation Failure)  41388K->33944K(52352K), 0.0016017 secs]
588.740: [GC (Allocation Failure)  41364K->33974K(52352K), 0.0017054 secs]
588.849: [GC (Allocation Failure)  41398K->34005K(52352K), 0.0015114 secs]
589.036: [GC (Allocation Failure)  41429K->33967K(52352K), 0.0086606 secs]
589.285: [GC (Allocation Failure)  41391K->34012K(52352K), 0.0018548 secs]
589.379: [GC (Allocation Failure)  41432K->34029K(52352K), 0.0018046 secs]
589.517: [GC (Allocation Failure)  41453K->34072K(52352K), 0.0014749 secs]
589.669: [GC (Allocation Failure)  41496K->34047K(52352K), 0.0014486 secs]
589.819: [GC (Allocation Failure)  41471K->34105K(52352K), 0.0007906 secs]
590.143: [GC (Allocation Failure)  41529K->34090K(52352K), 0.0008595 secs]
590.547: [GC (Allocation Failure)  41514K->34125K(52352K), 0.0019361 secs]
590.983: [GC (Allocation Failure)  41546K->34150K(52352K), 0.0009922 secs]
591.388: [GC (Allocation Failure)  41574K->34184K(52352K), 0.0010379 secs]
591.809: [GC (Allocation Failure)  41608K->34176K(52352K), 0.0010900 secs]
592.268: [GC (Allocation Failure)  41600K->34189K(52352K), 0.0010496 secs]
592.694: [GC (Allocation Failure)  41613K->34222K(52352K), 0.0010045 secs]
593.130: [GC (Allocation Failure)  41646K->34227K(52352K), 0.0010544 secs]
593.579: [GC (Allocation Failure)  41651K->34252K(52352K), 0.0010848 secs]
594.005: [GC (Allocation Failure)  41676K->34223K(52352K), 0.0021228 secs]
594.455: [GC (Allocation Failure)  41647K->34278K(52352K), 0.0010476 secs]
594.889: [GC (Allocation Failure)  41702K->34300K(52352K), 0.0010726 secs]
595.335: [GC (Allocation Failure)  41724K->34285K(52352K), 0.0020891 secs]
595.768: [GC (Allocation Failure)  41709K->34328K(52352K), 0.0021113 secs]
596.232: [GC (Allocation Failure)  41752K->34324K(52352K), 0.0011120 secs]
596.668: [GC (Allocation Failure)  41748K->34364K(52352K), 0.0012686 secs]
597.144: [GC (Allocation Failure)  41788K->34346K(52352K), 0.0025948 secs]
597.711: [GC (Allocation Failure)  41770K->34386K(52352K), 0.0020394 secs]
598.185: [GC (Allocation Failure)  41810K->34402K(52352K), 0.0021502 secs]
598.665: [GC (Allocation Failure)  41826K->34380K(52352K), 0.0016128 secs]
599.172: [GC (Allocation Failure)  41804K->34448K(52352K), 0.0009649 secs]
599.643: [GC (Allocation Failure)  41872K->34431K(52352K), 0.0070922 secs]
600.147: [GC (Allocation Failure)  41855K->34455K(52352K), 0.0027225 secs]
600.633: [GC (Allocation Failure)  41879K->34510K(52352K), 0.0011478 secs]
601.092: [GC (Allocation Failure)  41934K->34478K(52352K), 0.0019857 secs]
601.599: [GC (Allocation Failure)  41902K->34527K(52352K), 0.0015690 secs]
602.093: [GC (Allocation Failure)  41951K->34522K(52352K), 0.0018910 secs]
602.564: [GC (Allocation Failure)  41946K->34565K(52352K), 0.0020056 secs]
603.051: [GC (Allocation Failure)  41989K->34578K(52352K), 0.0017171 secs]
603.526: [GC (Allocation Failure)  42002K->34573K(52352K), 0.0011127 secs]
604.018: [GC (Allocation Failure)  41997K->34615K(52352K), 0.0012816 secs]
604.494: [GC (Allocation Failure)  42039K->34594K(52352K), 0.0018354 secs]
604.997: [GC (Allocation Failure)  42018K->34629K(52352K), 0.0018036 secs]
605.471: [GC (Allocation Failure)  42053K->34658K(52352K), 0.0018237 secs]
605.990: [GC (Allocation Failure)  42076K->34683K(52352K), 0.0010923 secs]
606.512: [GC (Allocation Failure)  42107K->34698K(52352K), 0.0022163 secs]
607.173: [GC (Allocation Failure)  42120K->34685K(52352K), 0.0019066 secs]
607.928: [GC (Allocation Failure)  42109K->34731K(52352K), 0.0020362 secs]
608.466: [GC (Allocation Failure)  42149K->34732K(52352K), 0.0007396 secs]
609.029: [GC (Allocation Failure)  42156K->34762K(52352K), 0.0010106 secs]
609.590: [GC (Allocation Failure)  42186K->34742K(52352K), 0.0010436 secs]
610.124: [GC (Allocation Failure)  42166K->34777K(52352K), 0.0015593 secs]
610.695: [GC (Allocation Failure)  42201K->34809K(52352K), 0.0024293 secs]
611.252: [GC (Allocation Failure)  42233K->34819K(52352K), 0.0017207 secs]
611.804: [GC (Allocation Failure)  42243K->34802K(52352K), 0.0021835 secs]
612.256: [GC (Allocation Failure)  42226K->34849K(52352K), 0.0008810 secs]
612.705: [GC (Allocation Failure)  42273K->34879K(52352K), 0.0007349 secs]
613.246: [GC (Allocation Failure)  42303K->34870K(52352K), 0.0010331 secs]
613.810: [GC (Allocation Failure)  42294K->34899K(52352K), 0.0022968 secs]
614.349: [GC (Allocation Failure)  42319K->34929K(52352K), 0.0017194 secs]
614.889: [GC (Allocation Failure)  42351K->34959K(52352K), 0.0016747 secs]
615.464: [GC (Allocation Failure)  42379K->34948K(52352K), 0.0011044 secs]
616.033: [GC (Allocation Failure)  42372K->34977K(52352K), 0.0008970 secs]
616.493: [GC (Allocation Failure)  42401K->34968K(52352K), 0.0007726 secs]
616.992: [GC (Allocation Failure)  42392K->35004K(52352K), 0.0009739 secs]
